Archive member included to satisfy reference by file (symbol)

c:/program files (x86)/gnu tools arm embedded/5.4 2016q3/bin/../lib/gcc/arm-none-eabi/5.4.1/../../../../arm-none-eabi/lib/armv7-m\libg_nano.a(lib_a-atoi.o)
                              ./src/ATcmd/library/sockutil.o (atoi)
c:/program files (x86)/gnu tools arm embedded/5.4 2016q3/bin/../lib/gcc/arm-none-eabi/5.4.1/../../../../arm-none-eabi/lib/armv7-m\libg_nano.a(lib_a-errno.o)
                              ./system/src/newlib/_sbrk.o (__errno)
c:/program files (x86)/gnu tools arm embedded/5.4 2016q3/bin/../lib/gcc/arm-none-eabi/5.4.1/../../../../arm-none-eabi/lib/armv7-m\libg_nano.a(lib_a-impure.o)
                              c:/program files (x86)/gnu tools arm embedded/5.4 2016q3/bin/../lib/gcc/arm-none-eabi/5.4.1/../../../../arm-none-eabi/lib/armv7-m\libg_nano.a(lib_a-errno.o) (_impure_ptr)
c:/program files (x86)/gnu tools arm embedded/5.4 2016q3/bin/../lib/gcc/arm-none-eabi/5.4.1/../../../../arm-none-eabi/lib/armv7-m\libg_nano.a(lib_a-isalpha.o)
                              ./src/ATcmd/atcmd.o (isalpha)
c:/program files (x86)/gnu tools arm embedded/5.4 2016q3/bin/../lib/gcc/arm-none-eabi/5.4.1/../../../../arm-none-eabi/lib/armv7-m\libg_nano.a(lib_a-isdigit.o)
                              ./src/ATcmd/library/sockutil.o (isdigit)
c:/program files (x86)/gnu tools arm embedded/5.4 2016q3/bin/../lib/gcc/arm-none-eabi/5.4.1/../../../../arm-none-eabi/lib/armv7-m\libg_nano.a(lib_a-isxdigit.o)
                              ./src/ATcmd/library/sockutil.o (isxdigit)
c:/program files (x86)/gnu tools arm embedded/5.4 2016q3/bin/../lib/gcc/arm-none-eabi/5.4.1/../../../../arm-none-eabi/lib/armv7-m\libg_nano.a(lib_a-locale.o)
                              ./src/ATcmd/atcmd.o (__locale_ctype_ptr)
c:/program files (x86)/gnu tools arm embedded/5.4 2016q3/bin/../lib/gcc/arm-none-eabi/5.4.1/../../../../arm-none-eabi/lib/armv7-m\libg_nano.a(lib_a-malloc.o)
                              ./src/ATcmd/atcmd.o (malloc)
c:/program files (x86)/gnu tools arm embedded/5.4 2016q3/bin/../lib/gcc/arm-none-eabi/5.4.1/../../../../arm-none-eabi/lib/armv7-m\libg_nano.a(lib_a-mbtowc_r.o)
                              c:/program files (x86)/gnu tools arm embedded/5.4 2016q3/bin/../lib/gcc/arm-none-eabi/5.4.1/../../../../arm-none-eabi/lib/armv7-m\libg_nano.a(lib_a-locale.o) (__ascii_mbtowc)
c:/program files (x86)/gnu tools arm embedded/5.4 2016q3/bin/../lib/gcc/arm-none-eabi/5.4.1/../../../../arm-none-eabi/lib/armv7-m\libg_nano.a(lib_a-memcmp.o)
                              ./src/S2E/S2E.o (memcmp)
c:/program files (x86)/gnu tools arm embedded/5.4 2016q3/bin/../lib/gcc/arm-none-eabi/5.4.1/../../../../arm-none-eabi/lib/armv7-m\libg_nano.a(lib_a-memcpy-stub.o)
                              ./src/PlatformHandler/ring_buffer.o (memcpy)
c:/program files (x86)/gnu tools arm embedded/5.4 2016q3/bin/../lib/gcc/arm-none-eabi/5.4.1/../../../../arm-none-eabi/lib/armv7-m\libg_nano.a(lib_a-memset.o)
                              ./src/PlatformHandler/storageHandler.o (memset)
c:/program files (x86)/gnu tools arm embedded/5.4 2016q3/bin/../lib/gcc/arm-none-eabi/5.4.1/../../../../arm-none-eabi/lib/armv7-m\libg_nano.a(lib_a-nano-freer.o)
                              c:/program files (x86)/gnu tools arm embedded/5.4 2016q3/bin/../lib/gcc/arm-none-eabi/5.4.1/../../../../arm-none-eabi/lib/armv7-m\libg_nano.a(lib_a-malloc.o) (_free_r)
c:/program files (x86)/gnu tools arm embedded/5.4 2016q3/bin/../lib/gcc/arm-none-eabi/5.4.1/../../../../arm-none-eabi/lib/armv7-m\libg_nano.a(lib_a-nano-mallocr.o)
                              c:/program files (x86)/gnu tools arm embedded/5.4 2016q3/bin/../lib/gcc/arm-none-eabi/5.4.1/../../../../arm-none-eabi/lib/armv7-m\libg_nano.a(lib_a-malloc.o) (_malloc_r)
c:/program files (x86)/gnu tools arm embedded/5.4 2016q3/bin/../lib/gcc/arm-none-eabi/5.4.1/../../../../arm-none-eabi/lib/armv7-m\libg_nano.a(lib_a-printf.o)
                              ./src/ioLibrary/Application/loopback/loopback.o (printf)
c:/program files (x86)/gnu tools arm embedded/5.4 2016q3/bin/../lib/gcc/arm-none-eabi/5.4.1/../../../../arm-none-eabi/lib/armv7-m\libg_nano.a(lib_a-puts.o)
                              ./src/PlatformHandler/flashHandler.o (puts)
c:/program files (x86)/gnu tools arm embedded/5.4 2016q3/bin/../lib/gcc/arm-none-eabi/5.4.1/../../../../arm-none-eabi/lib/armv7-m\libg_nano.a(lib_a-sbrkr.o)
                              c:/program files (x86)/gnu tools arm embedded/5.4 2016q3/bin/../lib/gcc/arm-none-eabi/5.4.1/../../../../arm-none-eabi/lib/armv7-m\libg_nano.a(lib_a-nano-mallocr.o) (_sbrk_r)
c:/program files (x86)/gnu tools arm embedded/5.4 2016q3/bin/../lib/gcc/arm-none-eabi/5.4.1/../../../../arm-none-eabi/lib/armv7-m\libg_nano.a(lib_a-sprintf.o)
                              ./src/ATcmd/atcmd.o (sprintf)
c:/program files (x86)/gnu tools arm embedded/5.4 2016q3/bin/../lib/gcc/arm-none-eabi/5.4.1/../../../../arm-none-eabi/lib/armv7-m\libg_nano.a(lib_a-strchr.o)
[...]
Memory Configuration

Name             Origin             Length             Attributes
RAM              0x20000000         0x0000c000         xrw
CCMRAM           0x00000000         0x00000000         xrw
FLASH            0x08007000         0x00039000         xr
FLASHB1          0x00000000         0x00000000         xr
EXTMEMB0         0x00000000         0x00000000         xr
EXTMEMB1         0x00000000         0x00000000         xr
EXTMEMB2         0x00000000         0x00000000         xr
EXTMEMB3         0x00000000         0x00000000         xr
MEMORY_ARRAY     0x00000000         0x00000000         xrw
*default*        0x00000000         0xffffffff

Linker script and memory map

LOAD ./system/src/stm32f1-stdperiph/misc.o
LOAD ./system/src/stm32f1-stdperiph/stm32f10x_adc.o
LOAD ./system/src/stm32f1-stdperiph/stm32f10x_bkp.o
LOAD ./system/src/stm32f1-stdperiph/stm32f10x_can.o
LOAD ./system/src/stm32f1-stdperiph/stm32f10x_cec.o
LOAD ./system/src/stm32f1-stdperiph/stm32f10x_crc.o
LOAD ./system/src/stm32f1-stdperiph/stm32f10x_dac.o
LOAD ./system/src/stm32f1-stdperiph/stm32f10x_dbgmcu.o
LOAD ./system/src/stm32f1-stdperiph/stm32f10x_dma.o
LOAD ./system/src/stm32f1-stdperiph/stm32f10x_exti.o
LOAD ./system/src/stm32f1-stdperiph/stm32f10x_flash.o
LOAD ./system/src/stm32f1-stdperiph/stm32f10x_fsmc.o
LOAD ./system/src/stm32f1-stdperiph/stm32f10x_gpio.o
LOAD ./system/src/stm32f1-stdperiph/stm32f10x_i2c.o
LOAD ./system/src/stm32f1-stdperiph/stm32f10x_iwdg.o
LOAD ./system/src/stm32f1-stdperiph/stm32f10x_pwr.o
LOAD ./system/src/stm32f1-stdperiph/stm32f10x_rcc.o
LOAD ./system/src/stm32f1-stdperiph/stm32f10x_rtc.o
LOAD ./system/src/stm32f1-stdperiph/stm32f10x_sdio.o
LOAD ./system/src/stm32f1-stdperiph/stm32f10x_spi.o
LOAD ./system/src/stm32f1-stdperiph/stm32f10x_tim.o
LOAD ./system/src/stm32f1-stdperiph/stm32f10x_usart.o
LOAD ./system/src/stm32f1-stdperiph/stm32f10x_wwdg.o
LOAD ./system/src/newlib/_cxx.o
LOAD ./system/src/newlib/_exit.o
LOAD ./system/src/newlib/_sbrk.o
LOAD ./system/src/newlib/_startup.o
LOAD ./system/src/newlib/_syscalls.o
LOAD ./system/src/newlib/_write.o
LOAD ./system/src/newlib/assert.o
LOAD ./system/src/diag/Trace.o
LOAD ./system/src/diag/trace_impl.o
LOAD ./system/src/cortexm/_initialize_hardware.o
LOAD ./system/src/cortexm/_reset_hardware.o
LOAD ./system/src/cortexm/exception_handlers.o
LOAD ./system/src/cmsis/system_stm32f10x.o
LOAD ./system/src/cmsis/vectors_stm32f10x.o
LOAD ./src/ioLibrary/Internet/DNS/dns.o
LOAD ./src/ioLibrary/Internet/DHCP/dhcp.o
LOAD ./src/ioLibrary/Ethernet/W5500/w5500.o
LOAD ./src/ioLibrary/Ethernet/socket.o
LOAD ./src/ioLibrary/Ethernet/wizchip_conf.o
LOAD ./src/ioLibrary/Application/loopback/loopback.o
LOAD ./src/callback/dhcp_cb.o
LOAD ./src/S2E/S2E.o
LOAD ./src/PlatformHandler/eepromHandler.o
LOAD ./src/PlatformHandler/flashHandler.o
LOAD ./src/PlatformHandler/gpioHandler.o
LOAD ./src/PlatformHandler/i2cHandler.o
LOAD ./src/PlatformHandler/rccHandler.o
LOAD ./src/PlatformHandler/ring_buffer.o
LOAD ./src/PlatformHandler/spiHandler.o
LOAD ./src/PlatformHandler/storageHandler.o
LOAD ./src/PlatformHandler/timerHandler.o
LOAD ./src/PlatformHandler/uartHandler.o
LOAD ./src/Configuration/ConfigData.o
LOAD ./src/Configuration/ConfigMessage.o
LOAD ./src/ATcmd/library/sockutil.o
LOAD ./src/ATcmd/library/util.o
LOAD ./src/ATcmd/atcmd.o
LOAD ./src/ATcmd/cmdrun.o
LOAD ./src/main.o
LOAD c:/program files (x86)/gnu tools arm embedded/5.4 2016q3/bin/../lib/gcc/arm-none-eabi/5.4.1/../../../../arm-none-eabi/lib/armv7-m\libstdc++_nano.a
LOAD c:/program files (x86)/gnu tools arm embedded/5.4 2016q3/bin/../lib/gcc/arm-none-eabi/5.4.1/../../../../arm-none-eabi/lib/armv7-m\libm.a
START GROUP
LOAD c:/program files (x86)/gnu tools arm embedded/5.4 2016q3/bin/../lib/gcc/arm-none-eabi/5.4.1/armv7-m\libgcc.a
LOAD c:/program files (x86)/gnu tools arm embedded/5.4 2016q3/bin/../lib/gcc/arm-none-eabi/5.4.1/../../../../arm-none-eabi/lib/armv7-m\libg_nano.a
LOAD c:/program files (x86)/gnu tools arm embedded/5.4 2016q3/bin/../lib/gcc/arm-none-eabi/5.4.1/../../../../arm-none-eabi/lib/armv7-m\libc_nano.a
END GROUP
START GROUP
LOAD c:/program files (x86)/gnu tools arm embedded/5.4 2016q3/bin/../lib/gcc/arm-none-eabi/5.4.1/armv7-m\libgcc.a
LOAD c:/program files (x86)/gnu tools arm embedded/5.4 2016q3/bin/../lib/gcc/arm-none-eabi/5.4.1/../../../../arm-none-eabi/lib/armv7-m\libc_nano.a
END GROUP
                0x2000c000                __stack = (ORIGIN (RAM) + LENGTH (RAM))
                0x2000c000                _estack = __stack
                0x00000800                __Main_Stack_Size = 0x800
                [!provide]                PROVIDE (_Main_Stack_Size, __Main_Stack_Size)
                0x2000b800                __Main_Stack_Limit = (__stack - __Main_Stack_Size)
                [!provide]                PROVIDE (_Main_Stack_Limit, __Main_Stack_Limit)
                0x00000100                _Minimum_Stack_Size = 0x100
                0x20001dac                PROVIDE (_Heap_Begin, _end_noinit)
                0x2000b800                PROVIDE (_Heap_Limit, (__stack - __Main_Stack_Size))

.isr_vector     0x08007000      0x320
                0x08007000                . = ALIGN (0x4)
 *(.isr_vector)
 .isr_vector    0x08007000      0x1e4 ./system/src/cmsis/vectors_stm32f10x.o
                0x08007000                __isr_vectors
 *(.cfmconfig)
 *(.after_vectors .after_vectors.*)
 .after_vectors
                0x080071e4      0x10c ./system/src/newlib/_startup.o
                0x080071e4                _start
 .after_vectors
                0x080072f0       0x2c ./system/src/cortexm/exception_handlers.o
                0x080072f0                Reset_Handler
                0x080072f8                NMI_Handler
                0x080072fc                HardFault_Handler
                0x08007300                MemManage_Handler
                0x08007304                BusFault_Handler
                0x08007308                UsageFault_Handler
                0x0800730c                SVC_Handler
                0x08007310                DebugMon_Handler
                0x08007314                PendSV_Handler
                0x08007318                SysTick_Handler
 .after_vectors
                0x0800731c        0x4 ./system/src/cmsis/vectors_stm32f10x.o
                0x0800731c                EXTI2_IRQHandler
                0x0800731c                TIM8_TRG_COM_IRQHandler
                0x0800731c                TIM8_CC_IRQHandler
                0x0800731c                TIM1_CC_IRQHandler
                0x0800731c                TIM6_IRQHandler
                0x0800731c                PVD_IRQHandler
                0x0800731c                SDIO_IRQHandler
                0x0800731c                CAN2_RX1_IRQHandler
                0x0800731c                EXTI3_IRQHandler
                0x0800731c                TIM8_TRG_COM_TIM14_IRQHandler
                0x0800731c                TIM1_UP_TIM10_IRQHandler
                0x0800731c                TIM8_UP_TIM13_IRQHandler
                0x0800731c                EXTI0_IRQHandler
                0x0800731c                I2C2_EV_IRQHandler
                0x0800731c                CAN1_RX0_IRQHandler
                0x0800731c                TIM1_UP_TIM16_IRQHandler
                0x0800731c                CAN2_SCE_IRQHandler
                0x0800731c                ADC1_2_IRQHandler
                0x0800731c                SPI1_IRQHandler
                0x0800731c                TAMPER_IRQHandler
                0x0800731c                TIM6_DAC_IRQHandler
                0x0800731c                TIM1_BRK_TIM9_IRQHandler
                0x0800731c                CAN2_RX0_IRQHandler
                0x0800731c                TIM8_UP_IRQHandler
                0x0800731c                DMA2_Channel2_IRQHandler
                0x0800731c                DMA1_Channel4_IRQHandler
                0x0800731c                USART3_IRQHandler
                0x0800731c                RTC_IRQHandler
                0x0800731c                DMA1_Channel7_IRQHandler
                0x0800731c                CAN1_RX1_IRQHandler
                0x0800731c                UART5_IRQHandler
                0x0800731c                ADC3_IRQHandler
                0x0800731c                TIM4_IRQHandler
                0x0800731c                DMA2_Channel1_IRQHandler
                0x0800731c                I2C1_EV_IRQHandler
                0x0800731c                DMA1_Channel6_IRQHandler
                0x0800731c                UART4_IRQHandler
                0x0800731c                DMA2_Channel4_IRQHandler
                0x0800731c                TIM3_IRQHandler
                0x0800731c                RCC_IRQHandler
                0x0800731c                TIM8_BRK_TIM12_IRQHandler
                0x0800731c                TIM1_TRG_COM_IRQHandler
                0x0800731c                DMA1_Channel1_IRQHandler
                0x0800731c                Default_Handler
                0x0800731c                CEC_IRQHandler
                0x0800731c                TIM14_IRQHandler
                0x0800731c                TIM13_IRQHandler
                0x0800731c                TIM12_IRQHandler
                0x0800731c                TIM7_IRQHandler
                0x0800731c                CAN2_TX_IRQHandler
                0x0800731c                TIM5_IRQHandler
                0x0800731c                EXTI9_5_IRQHandler
                0x0800731c                ETH_WKUP_IRQHandler
                0x0800731c                SPI2_IRQHandler
                0x0800731c                CAN1_TX_IRQHandler
                0x0800731c                DMA2_Channel5_IRQHandler
                0x0800731c                DMA1_Channel5_IRQHandler
                0x0800731c                EXTI4_IRQHandler
                0x0800731c                USB_LP_CAN1_RX0_IRQHandler
                0x0800731c                TIM1_TRG_COM_TIM17_IRQHandler
                0x0800731c                USB_HP_CAN1_TX_IRQHandler
                0x0800731c                DMA1_Channel3_IRQHandler
                0x0800731c                FSMC_IRQHandler
                0x0800731c                ETH_IRQHandler
                0x0800731c                TIM1_UP_IRQHandler
                0x0800731c                WWDG_IRQHandler
                0x0800731c                OTG_FS_WKUP_IRQHandler
                0x0800731c                TIM1_TRG_COM_TIM11_IRQHandler
                0x0800731c                TIM1_BRK_IRQHandler
                0x0800731c                EXTI1_IRQHandler
                0x0800731c                RTCAlarm_IRQHandler
                0x0800731c                DMA2_Channel4_5_IRQHandler
                0x0800731c                I2C2_ER_IRQHandler
                0x0800731c                DMA1_Channel2_IRQHandler
                0x0800731c                TIM8_BRK_IRQHandler
                0x0800731c                CAN1_SCE_IRQHandler
                0x0800731c                FLASH_IRQHandler
                0x0800731c                OTG_FS_IRQHandler
                0x0800731c                SPI3_IRQHandler
                0x0800731c                I2C1_ER_IRQHandler
                0x0800731c                USBWakeUp_IRQHandler
                0x0800731c                DMA2_Channel3_IRQHandler
                0x0800731c                TIM1_BRK_TIM15_IRQHandler
                0x08007320                . = ALIGN (0x4)

.inits          0x08007320        0x0
                0x08007320                . = ALIGN (0x4)
 *(.init)
 *(.fini)
                0x08007320                . = ALIGN (0x4)
                0x08007320                PROVIDE (__preinit_array_start, .)
 *(.preinit_array_sysinit .preinit_array_sysinit.*)
 *(.preinit_array_platform .preinit_array_platform.*)
 *(.preinit_array .preinit_array.*)
                0x08007320                PROVIDE (__preinit_array_end, .)
                0x08007320                . = ALIGN (0x4)
                0x08007320                PROVIDE (__init_array_start, .)
 *(SORT(.init_array.*))
 *(.init_array)
                0x08007320                PROVIDE (__init_array_end, .)
                0x08007320                . = ALIGN (0x4)
                0x08007320                PROVIDE (__fini_array_start, .)
 *(SORT(.fini_array.*))
 *(.fini_array)
                0x08007320                PROVIDE (__fini_array_end, .)
                0x08007320                . = ALIGN (0x4)

.flashtext      0x08007320        0x0
                0x08007320                . = ALIGN (0x4)
 *(.flashtext .flashtext.*)
                0x08007320                . = ALIGN (0x4)

.text           0x08007320     0xdfd7
                0x08007320                . = ALIGN (0x4)
 *(.text .text.*)
 .text.NVIC_Init
                0x08007320       0x98 ./system/src/stm32f1-stdperiph/misc.o
                0x08007320                NVIC_Init
 .text.NVIC_SetVectorTable
                0x080073b8       0x44 ./system/src/stm32f1-stdperiph/misc.o
                0x080073b8                NVIC_SetVectorTable
 .text.SysTick_CLKSourceConfig
                0x080073fc       0x3c ./system/src/stm32f1-stdperiph/misc.o
                0x080073fc                SysTick_CLKSourceConfig
 .text.EXTI_GetITStatus
                0x08007438       0x94 ./system/src/stm32f1-stdperiph/stm32f10x_exti.o
                0x08007438                EXTI_GetITStatus
 .text.EXTI_ClearITPendingBit
                0x080074cc       0x24 ./system/src/stm32f1-stdperiph/stm32f10x_exti.o
                0x080074cc                EXTI_ClearITPendingBit
 .text.FLASH_SetLatency
                0x080074f0       0x28 ./system/src/stm32f1-stdperiph/stm32f10x_flash.o
                0x080074f0                FLASH_SetLatency
 .text.FLASH_PrefetchBufferCmd
                0x08007518       0x30 ./system/src/stm32f1-stdperiph/stm32f10x_flash.o
                0x08007518                FLASH_PrefetchBufferCmd
 .text.GPIO_Init
                0x08007548      0x128 ./system/src/stm32f1-stdperiph/stm32f10x_gpio.o
                0x08007548                GPIO_Init
 .text.GPIO_ReadInputDataBit
                0x08007670       0xb8 ./system/src/stm32f1-stdperiph/stm32f10x_gpio.o
                0x08007670                GPIO_ReadInputDataBit
 .text.GPIO_SetBits
                0x08007728       0x60 ./system/src/stm32f1-stdperiph/stm32f10x_gpio.o
                0x08007728                GPIO_SetBits
 .text.GPIO_ResetBits
                0x08007788       0x60 ./system/src/stm32f1-stdperiph/stm32f10x_gpio.o
                0x08007788                GPIO_ResetBits
 .text.I2C_Init
                0x080077e8      0x174 ./system/src/stm32f1-stdperiph/stm32f10x_i2c.o
                0x080077e8                I2C_Init
 .text.I2C_Cmd  0x0800795c       0x50 ./system/src/stm32f1-stdperiph/stm32f10x_i2c.o
                0x0800795c                I2C_Cmd
 .text.I2C_GenerateSTART
                0x080079ac       0x50 ./system/src/stm32f1-stdperiph/stm32f10x_i2c.o
                0x080079ac                I2C_GenerateSTART
 .text.I2C_GenerateSTOP
                0x080079fc       0x50 ./system/src/stm32f1-stdperiph/stm32f10x_i2c.o
                0x080079fc                I2C_GenerateSTOP
 .text.I2C_AcknowledgeConfig
                0x08007a4c       0x50 ./system/src/stm32f1-stdperiph/stm32f10x_i2c.o
                0x08007a4c                I2C_AcknowledgeConfig
 .text.I2C_SendData
                0x08007a9c       0x2c ./system/src/stm32f1-stdperiph/stm32f10x_i2c.o
                0x08007a9c                I2C_SendData
 .text.I2C_ReceiveData
                0x08007ac8       0x2c ./system/src/stm32f1-stdperiph/stm32f10x_i2c.o
                0x08007ac8                I2C_ReceiveData
 .text.I2C_Send7bitAddress
                0x08007af4       0x48 ./system/src/stm32f1-stdperiph/stm32f10x_i2c.o
                0x08007af4                I2C_Send7bitAddress
 .text.I2C_CheckEvent
                0x08007b3c       0xf0 ./system/src/stm32f1-stdperiph/stm32f10x_i2c.o
                0x08007b3c                I2C_CheckEvent
 .text.I2C_GetFlagStatus
                0x08007c2c       0xf4 ./system/src/stm32f1-stdperiph/stm32f10x_i2c.o
                0x08007c2c                I2C_GetFlagStatus
 .text.RCC_DeInit
                0x08007d20       0x40 ./system/src/stm32f1-stdperiph/stm32f10x_rcc.o
                0x08007d20                RCC_DeInit
 .text.RCC_HSEConfig
                0x08007d60       0x5c ./system/src/stm32f1-stdperiph/stm32f10x_rcc.o
                0x08007d60                RCC_HSEConfig
 .text.RCC_PLLConfig
                0x08007dbc       0x98 ./system/src/stm32f1-stdperiph/stm32f10x_rcc.o
                0x08007dbc                RCC_PLLConfig
 .text.RCC_PLLCmd
                0x08007e54       0x20 ./system/src/stm32f1-stdperiph/stm32f10x_rcc.o
                0x08007e54                RCC_PLLCmd
 .text.RCC_SYSCLKConfig
                0x08007e74       0x28 ./system/src/stm32f1-stdperiph/stm32f10x_rcc.o
                0x08007e74                RCC_SYSCLKConfig
 .text.RCC_GetSYSCLKSource
                0x08007e9c       0x10 ./system/src/stm32f1-stdperiph/stm32f10x_rcc.o
                0x08007e9c                RCC_GetSYSCLKSource
 .text.RCC_HCLKConfig
                0x08007eac       0x48 ./system/src/stm32f1-stdperiph/stm32f10x_rcc.o
                0x08007eac                RCC_HCLKConfig
 .text.RCC_PCLK1Config
                0x08007ef4       0x40 ./system/src/stm32f1-stdperiph/stm32f10x_rcc.o
                0x08007ef4                RCC_PCLK1Config
 .text.RCC_PCLK2Config
                0x08007f34       0x40 ./system/src/stm32f1-stdperiph/stm32f10x_rcc.o
                0x08007f34                RCC_PCLK2Config
 .text.RCC_GetClocksFreq
                0x08007f74       0xc4 ./system/src/stm32f1-stdperiph/stm32f10x_rcc.o
                0x08007f74                RCC_GetClocksFreq
 .text.RCC_APB2PeriphClockCmd
                0x08008038       0x4c ./system/src/stm32f1-stdperiph/stm32f10x_rcc.o
                0x08008038                RCC_APB2PeriphClockCmd
 .text.RCC_APB1PeriphClockCmd
                0x08008084       0x4c ./system/src/stm32f1-stdperiph/stm32f10x_rcc.o
                0x08008084                RCC_APB1PeriphClockCmd
 .text.RCC_GetFlagStatus
                0x080080d0       0x74 ./system/src/stm32f1-stdperiph/stm32f10x_rcc.o
                0x080080d0                RCC_GetFlagStatus
 .text.RCC_WaitForHSEStartUp
                0x08008144       0x34 ./system/src/stm32f1-stdperiph/stm32f10x_rcc.o
                0x08008144                RCC_WaitForHSEStartUp
 .text.SPI_Init
                0x08008178      0x12c ./system/src/stm32f1-stdperiph/stm32f10x_spi.o
                0x08008178                SPI_Init
 .text.SPI_Cmd  0x080082a4       0x58 ./system/src/stm32f1-stdperiph/stm32f10x_spi.o
                0x080082a4                SPI_Cmd
 .text.SPI_I2S_SendData
                0x080082fc       0x34 ./system/src/stm32f1-stdperiph/stm32f10x_spi.o
                0x080082fc                SPI_I2S_SendData
 .text.SPI_I2S_ReceiveData
                0x08008330       0x34 ./system/src/stm32f1-stdperiph/stm32f10x_spi.o
                0x08008330                SPI_I2S_ReceiveData
 .text.SPI_I2S_GetFlagStatus
                0x08008364       0x68 ./system/src/stm32f1-stdperiph/stm32f10x_spi.o
                0x08008364                SPI_I2S_GetFlagStatus
 .text.TIM_TimeBaseInit
                0x080083cc      0x15c ./system/src/stm32f1-stdperiph/stm32f10x_tim.o
                0x080083cc                TIM_TimeBaseInit
 .text.TIM_Cmd  0x08008528       0xc8 ./system/src/stm32f1-stdperiph/stm32f10x_tim.o
                0x08008528                TIM_Cmd
 .text.TIM_ITConfig
                0x080085f0       0xd8 ./system/src/stm32f1-stdperiph/stm32f10x_tim.o
                0x080085f0                TIM_ITConfig
 .text.TIM_PrescalerConfig
                0x080086c8       0xb4 ./system/src/stm32f1-stdperiph/stm32f10x_tim.o
                0x080086c8                TIM_PrescalerConfig
 .text.TIM_ClearFlag
                0x0800877c       0xb8 ./system/src/stm32f1-stdperiph/stm32f10x_tim.o
                0x0800877c                TIM_ClearFlag
 .text.TIM_GetITStatus
                0x08008834       0xe0 ./system/src/stm32f1-stdperiph/stm32f10x_tim.o
                0x08008834                TIM_GetITStatus
 .text.TIM_ClearITPendingBit
                0x08008914       0xb8 ./system/src/stm32f1-stdperiph/stm32f10x_tim.o
                0x08008914                TIM_ClearITPendingBit
 .text.USART_Init
                0x080089cc      0x1ac ./system/src/stm32f1-stdperiph/stm32f10x_usart.o
                0x080089cc                USART_Init
 .text.USART_ClockInit
                0x08008b78       0x9c ./system/src/stm32f1-stdperiph/stm32f10x_usart.o
                0x08008b78                USART_ClockInit
 .text.USART_Cmd
                0x08008c14       0x68 ./system/src/stm32f1-stdperiph/stm32f10x_usart.o
                0x08008c14                USART_Cmd
 .text.USART_ITConfig
                0x08008c7c       0xec ./system/src/stm32f1-stdperiph/stm32f10x_usart.o
                0x08008c7c                USART_ITConfig
 .text.USART_SendData
                0x08008d68       0x58 ./system/src/stm32f1-stdperiph/stm32f10x_usart.o
                0x08008d68                USART_SendData
 .text.USART_ReceiveData
                0x08008dc0       0x44 ./system/src/stm32f1-stdperiph/stm32f10x_usart.o
                0x08008dc0                USART_ReceiveData
 .text.USART_GetFlagStatus
                0x08008e04       0xa8 ./system/src/stm32f1-stdperiph/stm32f10x_usart.o
                0x08008e04                USART_GetFlagStatus
 .text.USART_GetITStatus
                0x08008eac      0x100 ./system/src/stm32f1-stdperiph/stm32f10x_usart.o
                0x08008eac                USART_GetITStatus
 .text._exit    0x08008fac        0x4 ./system/src/newlib/_exit.o
                0x08008fac                _exit
 .text.abort    0x08008fb0        0x8 ./system/src/newlib/_exit.o
                0x08008fb0                abort
 .text._sbrk    0x08008fb8       0x44 ./system/src/newlib/_sbrk.o
                0x08008fb8                _sbrk
 .text.__initialize_args
                0x08008ffc       0x10 ./system/src/newlib/_syscalls.o
                0x08008ffc                __initialize_args
 .text._close   0x0800900c       0x10 ./system/src/newlib/_syscalls.o
                0x0800900c                _close
 .text._fstat   0x0800901c       0x10 ./system/src/newlib/_syscalls.o
                0x0800901c                _fstat
 .text._isatty  0x0800902c       0x10 ./system/src/newlib/_syscalls.o
                0x0800902c                _isatty
 .text._lseek   0x0800903c       0x10 ./system/src/newlib/_syscalls.o
                0x0800903c                _lseek
 .text._read    0x0800904c       0x10 ./system/src/newlib/_syscalls.o
                0x0800904c                _read
 .text.assert_failed
                0x0800905c        0x8 ./system/src/newlib/assert.o
                0x0800905c                assert_failed
 .text.__initialize_hardware
                0x08009064        0x8 ./system/src/cortexm/_initialize_hardware.o
                0x08009064                __initialize_hardware
 .text.SetSysClockTo72
                0x0800906c       0xc4 ./system/src/cmsis/system_stm32f10x.o
 .text.SetSysClock
                0x08009130        0x8 ./system/src/cmsis/system_stm32f10x.o
 .text.SystemInit
                0x08009138       0x50 ./system/src/cmsis/system_stm32f10x.o
                0x08009138                SystemInit
 .text.get16    0x08009188        0xc ./src/ioLibrary/Internet/DNS/dns.o
                0x08009188                get16
 .text.put16    0x08009194       0x10 ./src/ioLibrary/Internet/DNS/dns.o
                0x08009194                put16
 .text.parse_name
                0x080091a4       0x94 ./src/ioLibrary/Internet/DNS/dns.o
                0x080091a4                parse_name
 .text.dns_question
                0x08009238       0x20 ./src/ioLibrary/Internet/DNS/dns.o
                0x08009238                dns_question
 .text.dns_answer
                0x08009258       0xd8 ./src/ioLibrary/Internet/DNS/dns.o
                0x08009258                dns_answer
 .text.parseDNSMSG
                0x08009330       0xf0 ./src/ioLibrary/Internet/DNS/dns.o
                0x08009330                parseDNSMSG
 .text.dns_makequery
                0x08009420       0xc0 ./src/ioLibrary/Internet/DNS/dns.o
                0x08009420                dns_makequery
 .text.check_DNS_timeout
                0x080094e0       0x38 ./src/ioLibrary/Internet/DNS/dns.o
                0x080094e0                check_DNS_timeout
 .text.DNS_init
                0x08009518       0x20 ./src/ioLibrary/Internet/DNS/dns.o
                0x08009518                DNS_init
 .text.DNS_run  0x08009538       0xb0 ./src/ioLibrary/Internet/DNS/dns.o
                0x08009538                DNS_run
 .text.DNS_time_handler
                0x080095e8       0x10 ./src/ioLibrary/Internet/DNS/dns.o
                0x080095e8                DNS_time_handler
 .text.default_ip_assign
                0x080095f8       0x34 ./src/ioLibrary/Internet/DHCP/dhcp.o
                0x080095f8                default_ip_assign
 .text.default_ip_update
                0x0800962c       0x28 ./src/ioLibrary/Internet/DHCP/dhcp.o
                0x0800962c                default_ip_update
 .text.default_ip_conflict
                0x08009654       0x24 ./src/ioLibrary/Internet/DHCP/dhcp.o
                0x08009654                default_ip_conflict
 .text.reg_dhcp_cbfunc
                0x08009678       0x44 ./src/ioLibrary/Internet/DHCP/dhcp.o
                0x08009678                reg_dhcp_cbfunc
 .text.makeDHCPMSG
                0x080096bc       0xe8 ./src/ioLibrary/Internet/DHCP/dhcp.o
                0x080096bc                makeDHCPMSG
 .text.send_DHCP_DISCOVER
                0x080097a4      0x168 ./src/ioLibrary/Internet/DHCP/dhcp.o
                0x080097a4                send_DHCP_DISCOVER
 .text.send_DHCP_REQUEST
                0x0800990c      0x22c ./src/ioLibrary/Internet/DHCP/dhcp.o
                0x0800990c                send_DHCP_REQUEST
 .text.send_DHCP_DECLINE
                0x08009b38       0xfc ./src/ioLibrary/Internet/DHCP/dhcp.o
                0x08009b38                send_DHCP_DECLINE
 .text.parseDHCPMSG
                0x08009c34      0x190 ./src/ioLibrary/Internet/DHCP/dhcp.o
                0x08009c34                parseDHCPMSG
 .text.check_DHCP_leasedIP
                0x08009dc4       0x6c ./src/ioLibrary/Internet/DHCP/dhcp.o
                0x08009dc4                check_DHCP_leasedIP
 .text.reset_DHCP_timeout
                0x08009e30       0x20 ./src/ioLibrary/Internet/DHCP/dhcp.o
                0x08009e30                reset_DHCP_timeout
 .text.check_DHCP_timeout
                0x08009e50       0x98 ./src/ioLibrary/Internet/DHCP/dhcp.o
                0x08009e50                check_DHCP_timeout
 .text.DHCP_run
                0x08009ee8      0x1c8 ./src/ioLibrary/Internet/DHCP/dhcp.o
                0x08009ee8                DHCP_run
 .text.DHCP_init
                0x0800a0b0       0xb4 ./src/ioLibrary/Internet/DHCP/dhcp.o
                0x0800a0b0                DHCP_init
 .text.DHCP_time_handler
                0x0800a164       0x10 ./src/ioLibrary/Internet/DHCP/dhcp.o
                0x0800a164                DHCP_time_handler
 .text.getIPfromDHCP
                0x0800a174       0x18 ./src/ioLibrary/Internet/DHCP/dhcp.o
                0x0800a174                getIPfromDHCP
 .text.getGWfromDHCP
                0x0800a18c       0x18 ./src/ioLibrary/Internet/DHCP/dhcp.o
                0x0800a18c                getGWfromDHCP
 .text.getSNfromDHCP
                0x0800a1a4       0x18 ./src/ioLibrary/Internet/DHCP/dhcp.o
                0x0800a1a4                getSNfromDHCP
 .text.getDNSfromDHCP
                0x0800a1bc       0x18 ./src/ioLibrary/Internet/DHCP/dhcp.o
                0x0800a1bc                getDNSfromDHCP
 .text.WIZCHIP_READ
                0x0800a1d4       0x64 ./src/ioLibrary/Ethernet/W5500/w5500.o
                0x0800a1d4                WIZCHIP_READ
 .text.WIZCHIP_WRITE
                0x0800a238       0x68 ./src/ioLibrary/Ethernet/W5500/w5500.o
                0x0800a238                WIZCHIP_WRITE
 .text.WIZCHIP_READ_BUF
                0x0800a2a0       0x7c ./src/ioLibrary/Ethernet/W5500/w5500.o
                0x0800a2a0                WIZCHIP_READ_BUF
 .text.WIZCHIP_WRITE_BUF
                0x0800a31c       0x7c ./src/ioLibrary/Ethernet/W5500/w5500.o
                0x0800a31c                WIZCHIP_WRITE_BUF
 .text.getSn_TX_FSR
                0x0800a398       0x54 ./src/ioLibrary/Ethernet/W5500/w5500.o
                0x0800a398                getSn_TX_FSR
 .text.getSn_RX_RSR
                0x0800a3ec       0x54 ./src/ioLibrary/Ethernet/W5500/w5500.o
                0x0800a3ec                getSn_RX_RSR
 .text.wiz_send_data
                0x0800a440       0x5c ./src/ioLibrary/Ethernet/W5500/w5500.o
                0x0800a440                wiz_send_data
 .text.wiz_recv_data
                0x0800a49c       0x5c ./src/ioLibrary/Ethernet/W5500/w5500.o
                0x0800a49c                wiz_recv_data
 .text.wiz_recv_ignore
                0x0800a4f8       0x3c ./src/ioLibrary/Ethernet/W5500/w5500.o
                0x0800a4f8                wiz_recv_ignore
 .text.close    0x0800a534       0x78 ./src/ioLibrary/Ethernet/socket.o
                0x0800a534                close
 .text.socket   0x0800a5ac      0x150 ./src/ioLibrary/Ethernet/socket.o
                0x0800a5ac                socket
 .text.listen   0x0800a6fc       0x78 ./src/ioLibrary/Ethernet/socket.o
                0x0800a6fc                listen
 .text.connect  0x0800a774      0x10c ./src/ioLibrary/Ethernet/socket.o
                0x0800a774                connect
 .text.disconnect
                0x0800a880       0x94 ./src/ioLibrary/Ethernet/socket.o
                0x0800a880                disconnect
 .text.send     0x0800a914      0x138 ./src/ioLibrary/Ethernet/socket.o
                0x0800a914                send
 .text.recv     0x0800aa4c       0xe8 ./src/ioLibrary/Ethernet/socket.o
                0x0800aa4c                recv
 .text.sendto   0x0800ab34      0x154 ./src/ioLibrary/Ethernet/socket.o
                0x0800ab34                sendto
 .text.recvfrom
                0x0800ac88      0x1f0 ./src/ioLibrary/Ethernet/socket.o
                0x0800ac88                recvfrom
 .text.ctlsocket
                0x0800ae78      0x110 ./src/ioLibrary/Ethernet/socket.o
                0x0800ae78                ctlsocket
 .text.getsockopt
                0x0800af88      0x160 ./src/ioLibrary/Ethernet/socket.o
                0x0800af88                getsockopt
 .text.wizchip_cris_enter
                0x0800b0e8        0x4 ./src/ioLibrary/Ethernet/wizchip_conf.o
                0x0800b0e8                wizchip_cris_enter
 .text.wizchip_cris_exit
                0x0800b0ec        0x4 ./src/ioLibrary/Ethernet/wizchip_conf.o
                0x0800b0ec                wizchip_cris_exit
 .text.wizchip_cs_select
                0x0800b0f0        0x4 ./src/ioLibrary/Ethernet/wizchip_conf.o
                0x0800b0f0                wizchip_cs_select
 .text.wizchip_cs_deselect
                0x0800b0f4        0x4 ./src/ioLibrary/Ethernet/wizchip_conf.o
                0x0800b0f4                wizchip_cs_deselect
 .text.wizchip_bus_readdata
                0x0800b0f8        0x4 ./src/ioLibrary/Ethernet/wizchip_conf.o
                0x0800b0f8                wizchip_bus_readdata
 .text.wizchip_bus_writedata
                0x0800b0fc        0x4 ./src/ioLibrary/Ethernet/wizchip_conf.o
                0x0800b0fc                wizchip_bus_writedata
 .text.wizchip_spi_readbyte
                0x0800b100        0x4 ./src/ioLibrary/Ethernet/wizchip_conf.o
                0x0800b100                wizchip_spi_readbyte
 .text.wizchip_spi_writebyte
                0x0800b104        0x4 ./src/ioLibrary/Ethernet/wizchip_conf.o
                0x0800b104                wizchip_spi_writebyte
 .text.reg_wizchip_cs_cbfunc
                0x0800b108       0x24 ./src/ioLibrary/Ethernet/wizchip_conf.o
                0x0800b108                reg_wizchip_cs_cbfunc
 .text.reg_wizchip_spi_cbfunc
                0x0800b12c       0x34 ./src/ioLibrary/Ethernet/wizchip_conf.o
                0x0800b12c                reg_wizchip_spi_cbfunc
 .text.wizchip_sw_reset
                0x0800b160       0x78 ./src/ioLibrary/Ethernet/wizchip_conf.o
                0x0800b160                wizchip_sw_reset
 .text.wizchip_init
                0x0800b1d8       0x8c ./src/ioLibrary/Ethernet/wizchip_conf.o
                0x0800b1d8                wizchip_init
 .text.wizchip_clrinterrupt
                0x0800b264       0x1c ./src/ioLibrary/Ethernet/wizchip_conf.o
                0x0800b264                wizchip_clrinterrupt
 .text.wizchip_getinterrupt
                0x0800b280       0x24 ./src/ioLibrary/Ethernet/wizchip_conf.o
                0x0800b280                wizchip_getinterrupt
 .text.wizchip_setinterruptmask
                0x0800b2a4       0x1c ./src/ioLibrary/Ethernet/wizchip_conf.o
                0x0800b2a4                wizchip_setinterruptmask
 .text.wizchip_getinterruptmask
                0x0800b2c0       0x20 ./src/ioLibrary/Ethernet/wizchip_conf.o
                0x0800b2c0                wizchip_getinterruptmask
 .text.wizphy_getphylink
                0x0800b2e0       0x18 ./src/ioLibrary/Ethernet/wizchip_conf.o
                0x0800b2e0                wizphy_getphylink
 .text.wizphy_getphypmode
                0x0800b2f8       0x18 ./src/ioLibrary/Ethernet/wizchip_conf.o
                0x0800b2f8                wizphy_getphypmode
 .text.wizphy_reset
                0x0800b310       0x30 ./src/ioLibrary/Ethernet/wizchip_conf.o
                0x0800b310                wizphy_reset
 .text.wizphy_setphyconf
                0x0800b340       0x4c ./src/ioLibrary/Ethernet/wizchip_conf.o
                0x0800b340                wizphy_setphyconf
 .text.wizphy_getphyconf
                0x0800b38c       0x58 ./src/ioLibrary/Ethernet/wizchip_conf.o
                0x0800b38c                wizphy_getphyconf
 .text.wizphy_setphypmode
                0x0800b3e4       0x64 ./src/ioLibrary/Ethernet/wizchip_conf.o
                0x0800b3e4                wizphy_setphypmode
 .text.ctlwizchip
                0x0800b448      0x118 ./src/ioLibrary/Ethernet/wizchip_conf.o
                0x0800b448                ctlwizchip
 .text.wizchip_setnetinfo
                0x0800b560       0x5c ./src/ioLibrary/Ethernet/wizchip_conf.o
                0x0800b560                wizchip_setnetinfo
 .text.wizchip_getnetinfo
                0x0800b5bc       0x5c ./src/ioLibrary/Ethernet/wizchip_conf.o
                0x0800b5bc                wizchip_getnetinfo
 .text.wizchip_setnetmode
                0x0800b618       0x24 ./src/ioLibrary/Ethernet/wizchip_conf.o
                0x0800b618                wizchip_setnetmode
 .text.wizchip_getnetmode
                0x0800b63c        0xc ./src/ioLibrary/Ethernet/wizchip_conf.o
                0x0800b63c                wizchip_getnetmode
 .text.wizchip_settimeout
                0x0800b648       0x28 ./src/ioLibrary/Ethernet/wizchip_conf.o
                0x0800b648                wizchip_settimeout
 .text.wizchip_gettimeout
                0x0800b670       0x28 ./src/ioLibrary/Ethernet/wizchip_conf.o
                0x0800b670                wizchip_gettimeout
 .text.ctlnetwork
                0x0800b698       0x54 ./src/ioLibrary/Ethernet/wizchip_conf.o
                0x0800b698                ctlnetwork
 .text.w5500_dhcp_assign
                0x0800b6ec       0x90 ./src/callback/dhcp_cb.o
                0x0800b6ec                w5500_dhcp_assign
 .text.w5500_dhcp_conflict
                0x0800b77c        0x4 ./src/callback/dhcp_cb.o
                0x0800b77c                w5500_dhcp_conflict
 .text.RingBuffer_memcmp
                0x0800b780       0x2c ./src/S2E/S2E.o
 .text.RingBuffer_SerachPattern
                0x0800b7ac       0x64 ./src/S2E/S2E.o
 .text.trigger_ready_process
                0x0800b810       0x88 ./src/S2E/S2E.o
 .text.trigger_state1_process
                0x0800b898       0x94 ./src/S2E/S2E.o
 .text.trigger_state2_process
                0x0800b92c       0xa0 ./src/S2E/S2E.o
 .text.trigger_none_process
                0x0800b9cc       0x8c ./src/S2E/S2E.o
 .text.trigger_state3_process
                0x0800ba58       0xcc ./src/S2E/S2E.o
 .text.s2e_socklisten_process
                0x0800bb24       0x3c ./src/S2E/S2E.o
 .text.s2e_sockclosewait_process
                0x0800bb60       0x20 ./src/S2E/S2E.o
 .text.s2e_sockclose_process
                0x0800bb80       0x38 ./src/S2E/S2E.o
 .text.s2e_sockinit_process
                0x0800bbb8       0x94 ./src/S2E/S2E.o
 .text.auth_process
                0x0800bc4c       0xc8 ./src/S2E/S2E.o
 .text.ether_to_uart
                0x0800bd14      0x108 ./src/S2E/S2E.o
 .text.uart_to_ether
                0x0800be1c      0x1a0 ./src/S2E/S2E.o
 .text.s2e_sockestablished_process
                0x0800bfbc       0xb8 ./src/S2E/S2E.o
 .text.s2e_sockudp_process
                0x0800c074       0x2c ./src/S2E/S2E.o
 .text.s2e_run  0x0800c0a0      0x19c ./src/S2E/S2E.o
                0x0800c0a0                s2e_run
 .text.LED_Init
                0x0800c23c       0x44 ./src/PlatformHandler/gpioHandler.o
                0x0800c23c                LED_Init
 .text.LED_On   0x0800c280       0x1c ./src/PlatformHandler/gpioHandler.o
                0x0800c280                LED_On
 .text.LED_Off  0x0800c29c       0x1c ./src/PlatformHandler/gpioHandler.o
                0x0800c29c                LED_Off
 .text.LED_Toggle
                0x0800c2b8       0x1c ./src/PlatformHandler/gpioHandler.o
                0x0800c2b8                LED_Toggle
 .text.GPIO_Configuration
                0x0800c2d4       0x48 ./src/PlatformHandler/gpioHandler.o
                0x0800c2d4                GPIO_Configuration
 .text.Board_factory_get
                0x0800c31c       0x18 ./src/PlatformHandler/gpioHandler.o
                0x0800c31c                Board_factory_get
 .text.EXTI15_10_IRQHandler
                0x0800c334       0x30 ./src/PlatformHandler/gpioHandler.o
                0x0800c334                EXTI15_10_IRQHandler
 .text.STAT_Init
                0x0800c364       0x34 ./src/PlatformHandler/gpioHandler.o
                0x0800c364                STAT_Init
 .text.STAT_On  0x0800c398       0x14 ./src/PlatformHandler/gpioHandler.o
                0x0800c398                STAT_On
 .text.STAT_Off
                0x0800c3ac       0x14 ./src/PlatformHandler/gpioHandler.o
                0x0800c3ac                STAT_Off
 .text.I2C1Initialize
                0x0800c3c0       0x74 ./src/PlatformHandler/i2cHandler.o
                0x0800c3c0                I2C1Initialize
 .text.EEP_Read
                0x0800c434       0xd0 ./src/PlatformHandler/i2cHandler.o
                0x0800c434                EEP_Read
 .text.EEP_Write
                0x0800c504       0x98 ./src/PlatformHandler/i2cHandler.o
                0x0800c504                EEP_Write
 .text.RCC_Configuration
                0x0800c59c       0x80 ./src/PlatformHandler/rccHandler.o
                0x0800c59c                RCC_Configuration
 .text.RingBuffer_Init
                0x0800c61c       0x10 ./src/PlatformHandler/ring_buffer.o
                0x0800c61c                RingBuffer_Init
 .text.RingBuffer_Insert
                0x0800c62c       0x34 ./src/PlatformHandler/ring_buffer.o
                0x0800c62c                RingBuffer_Insert
 .text.RingBuffer_InsertMult
                0x0800c660       0x8c ./src/PlatformHandler/ring_buffer.o
                0x0800c660                RingBuffer_InsertMult
 .text.RingBuffer_Pop
                0x0800c6ec       0x34 ./src/PlatformHandler/ring_buffer.o
                0x0800c6ec                RingBuffer_Pop
 .text.RingBuffer_PopMult
                0x0800c720       0x84 ./src/PlatformHandler/ring_buffer.o
                0x0800c720                RingBuffer_PopMult
 .text.wizchip_select
                0x0800c7a4       0x10 ./src/PlatformHandler/spiHandler.o
                0x0800c7a4                wizchip_select
 .text.wizchip_deselect
                0x0800c7b4       0x10 ./src/PlatformHandler/spiHandler.o
                0x0800c7b4                wizchip_deselect
 .text.wizchip_rw
                0x0800c7c4       0x54 ./src/PlatformHandler/spiHandler.o
                0x0800c7c4                wizchip_rw
 .text.wizchip_write
                0x0800c818        0x8 ./src/PlatformHandler/spiHandler.o
                0x0800c818                wizchip_write
 .text.wizchip_read
                0x0800c820        0xc ./src/PlatformHandler/spiHandler.o
                0x0800c820                wizchip_read
 .text.W5500_SPI_Init
                0x0800c82c       0x84 ./src/PlatformHandler/spiHandler.o
                0x0800c82c                W5500_SPI_Init
 .text.W5500_Init
                0x0800c8b0       0x4c ./src/PlatformHandler/spiHandler.o
                0x0800c8b0                W5500_Init
 .text.read_storage
                0x0800c8fc       0x48 ./src/PlatformHandler/storageHandler.o
                0x0800c8fc                read_storage
 .text.write_storage
                0x0800c944       0x98 ./src/PlatformHandler/storageHandler.o
                0x0800c944                write_storage
 .text.TIM2_IRQHandler
                0x0800c9dc      0x290 ./src/PlatformHandler/timerHandler.o
                0x0800c9dc                TIM2_IRQHandler
 .text.Timer_Configuration
                0x0800cc6c       0x64 ./src/PlatformHandler/timerHandler.o
                0x0800cc6c                Timer_Configuration
 .text.delay_cnt
                0x0800ccd0       0x14 ./src/PlatformHandler/timerHandler.o
                0x0800ccd0                delay_cnt
 .text.delay_us
                0x0800cce4       0x60 ./src/PlatformHandler/timerHandler.o
                0x0800cce4                delay_us
 .text.delay_ms
                0x0800cd44       0x10 ./src/PlatformHandler/timerHandler.o
                0x0800cd44                delay_ms
 .text.__io_putchar
                0x0800cd54       0x20 ./src/PlatformHandler/uartHandler.o
                0x0800cd54                __io_putchar
 .text._write   0x0800cd74       0x3c ./src/PlatformHandler/uartHandler.o
                0x0800cd74                _write
 .text.Chip_UART_SendRB
                0x0800cdb0       0x30 ./src/PlatformHandler/uartHandler.o
                0x0800cdb0                Chip_UART_SendRB
 .text.Chip_UART_ReadRB
                0x0800cde0       0x30 ./src/PlatformHandler/uartHandler.o
                0x0800cde0                Chip_UART_ReadRB
 .text.Chip_UART_IRQRBHandler
                0x0800ce10       0x68 ./src/PlatformHandler/uartHandler.o
                0x0800ce10                Chip_UART_IRQRBHandler
 .text.USART1_IRQHandler
                0x0800ce78        0x4 ./src/PlatformHandler/uartHandler.o
                0x0800ce78                USART1_IRQHandler
 .text.USART1_Configuration
                0x0800ce7c       0xb0 ./src/PlatformHandler/uartHandler.o
                0x0800ce7c                USART1_Configuration
 .text.USART2_IRQHandler
                0x0800cf2c       0x1c ./src/PlatformHandler/uartHandler.o
                0x0800cf2c                USART2_IRQHandler
 .text.UART_read
                0x0800cf48       0x18 ./src/PlatformHandler/uartHandler.o
                0x0800cf48                UART_read
 .text.UART_write
                0x0800cf60       0x18 ./src/PlatformHandler/uartHandler.o
                0x0800cf60                UART_write
 .text.UART_buffer_flush
                0x0800cf78        0x8 ./src/PlatformHandler/uartHandler.o
                0x0800cf78                UART_buffer_flush
 .text.serial_info_init
                0x0800cf80       0xd4 ./src/PlatformHandler/uartHandler.o
                0x0800cf80                serial_info_init
 .text.USART2_Configuration
                0x0800d054       0xd4 ./src/PlatformHandler/uartHandler.o
                0x0800d054                USART2_Configuration
 .text.get_S2E_Packet_pointer
                0x0800d128        0x8 ./src/Configuration/ConfigData.o
                0x0800d128                get_S2E_Packet_pointer
 .text.set_S2E_Packet_to_factory_value
                0x0800d130      0x16c ./src/Configuration/ConfigData.o
                0x0800d130                set_S2E_Packet_to_factory_value
 .text.load_S2E_Packet_from_storage
                0x0800d29c       0x40 ./src/Configuration/ConfigData.o
                0x0800d29c                load_S2E_Packet_from_storage
 .text.save_S2E_Packet_to_storage
                0x0800d2dc       0x24 ./src/Configuration/ConfigData.o
                0x0800d2dc                save_S2E_Packet_to_storage
 .text.get_S2E_Packet_value
                0x0800d300        0x8 ./src/Configuration/ConfigData.o
                0x0800d300                get_S2E_Packet_value
 .text.set_S2E_Packet_value
                0x0800d308        0x8 ./src/Configuration/ConfigData.o
                0x0800d308                set_S2E_Packet_value
 .text.set_S2E_Packet
                0x0800d310       0x64 ./src/Configuration/ConfigData.o
                0x0800d310                set_S2E_Packet
 .text.get_S2E_Packet
                0x0800d374       0x5c ./src/Configuration/ConfigData.o
                0x0800d374                get_S2E_Packet
 .text.display_Net_Info
                0x0800d3d0       0xa8 ./src/Configuration/ConfigData.o
                0x0800d3d0                display_Net_Info
 .text.Mac_Conf
                0x0800d478       0x18 ./src/Configuration/ConfigData.o
                0x0800d478                Mac_Conf
 .text.Net_Conf
                0x0800d490       0x74 ./src/Configuration/ConfigData.o
                0x0800d490                Net_Conf
 .text.set_mac  0x0800d504       0x18 ./src/Configuration/ConfigData.o
                0x0800d504                set_mac
 .text.NVIC_SystemReset
                0x0800d51c       0x20 ./src/Configuration/ConfigMessage.o
 .text.encrypt  0x0800d53c       0x18 ./src/Configuration/ConfigMessage.o
 .text.decrypt  0x0800d554       0x18 ./src/Configuration/ConfigMessage.o
 .text.process_get_info
                0x0800d56c       0xd4 ./src/Configuration/ConfigMessage.o
 .text.process_discovery
                0x0800d640      0x228 ./src/Configuration/ConfigMessage.o
 .text.process_remote_reset
                0x0800d868       0xdc ./src/Configuration/ConfigMessage.o
 .text.process_set_info
                0x0800d944      0x114 ./src/Configuration/ConfigMessage.o
 .text.process_firmware_upload_init
                0x0800da58      0x1b0 ./src/Configuration/ConfigMessage.o
 .text.process_factory_reset
                0x0800dc08       0xe4 ./src/Configuration/ConfigMessage.o
 .text.do_udp_config
                0x0800dcec       0xd0 ./src/Configuration/ConfigMessage.o
                0x0800dcec                do_udp_config
 .text.sockwatch_open
                0x0800ddbc       0x2c ./src/ATcmd/library/sockutil.o
                0x0800ddbc                sockwatch_open
 .text.sockwatch_set
                0x0800dde8       0x20 ./src/ATcmd/library/sockutil.o
                0x0800dde8                sockwatch_set
 .text.sockwatch_clr
                0x0800de08       0x20 ./src/ATcmd/library/sockutil.o
                0x0800de08                sockwatch_clr
 .text.sockwatch_run
                0x0800de28      0x238 ./src/ATcmd/library/sockutil.o
                0x0800de28                sockwatch_run
 .text.ip_check
                0x0800e060       0x84 ./src/ATcmd/library/sockutil.o
                0x0800e060                ip_check
 .text.port_check
                0x0800e0e4       0x38 ./src/ATcmd/library/sockutil.o
                0x0800e0e4                port_check
 .text.mac_check
                0x0800e11c       0x78 ./src/ATcmd/library/sockutil.o
                0x0800e11c                mac_check
 .text.digit_length
                0x0800e194       0x34 ./src/ATcmd/library/util.o
                0x0800e194                digit_length
 .text.str_check
                0x0800e1c8       0x3c ./src/ATcmd/library/util.o
                0x0800e1c8                str_check
 .text.strsep_ex
                0x0800e204       0x40 ./src/ATcmd/library/util.o
                0x0800e204                strsep_ex
 .text.cmd_set_prev
                0x0800e244      0x168 ./src/ATcmd/atcmd.o
 .text.cmd_divide
                0x0800e3ac      0x370 ./src/ATcmd/atcmd.o
 .text.atc_init
                0x0800e71c       0x60 ./src/ATcmd/atcmd.o
                0x0800e71c                atc_init
 .text.cmd_resp_dump
                0x0800e77c       0x64 ./src/ATcmd/atcmd.o
                0x0800e77c                cmd_resp_dump
 .text.cmd_resp
                0x0800e7e0      0x480 ./src/ATcmd/atcmd.o
                0x0800e7e0                cmd_resp
 .text.hdl_fdns
                0x0800ec60       0xc4 ./src/ATcmd/atcmd.o
 .text.hdl_mrst
                0x0800ed24       0x74 ./src/ATcmd/atcmd.o
 .text.hdl_msave
                0x0800ed98       0x64 ./src/ATcmd/atcmd.o
 .text.hdl_mdata
                0x0800edfc      0x160 ./src/ATcmd/atcmd.o
 .text.hdl_musart
                0x0800ef5c      0x9cc ./src/ATcmd/atcmd.o
 .text.hdl_mstat
                0x0800f928      0x160 ./src/ATcmd/atcmd.o
 .text.hdl_mset
                0x0800fa88      0x47c ./src/ATcmd/atcmd.o
 .text.hdl_nmode
                0x0800ff04      0x4f8 ./src/ATcmd/atcmd.o
 .text.hdl_nsock
                0x080103fc      0x160 ./src/ATcmd/atcmd.o
 .text.hdl_nsend
                0x0801055c      0x32c ./src/ATcmd/atcmd.o
 .text.hdl_nclose
                0x08010888      0x1a8 ./src/ATcmd/atcmd.o
 .text.hdl_nauto
                0x08010a30       0x34 ./src/ATcmd/atcmd.o
 .text.hdl_nopen
                0x08010a64      0x47c ./src/ATcmd/atcmd.o
 .text.hdl_nmac
                0x08010ee0      0x1a4 ./src/ATcmd/atcmd.o
 .text.hdl_nstat
                0x08011084      0x164 ./src/ATcmd/atcmd.o
 .text.hdl_nset
                0x080111e8      0x614 ./src/ATcmd/atcmd.o
 .text.hdl_estat
                0x080117fc       0x34 ./src/ATcmd/atcmd.o
 .text.cmd_assign
                0x08011830       0x60 ./src/ATcmd/atcmd.o
 .text.atc_run  0x08011890      0x16c ./src/ATcmd/atcmd.o
                0x08011890                atc_run
 .text.sock_get
                0x080119fc       0x34 ./src/ATcmd/cmdrun.o
 .text.sock_put
                0x08011a30       0x4c ./src/ATcmd/cmdrun.o
 .text.act_nset_q
                0x08011a7c      0x1d4 ./src/ATcmd/cmdrun.o
                0x08011a7c                act_nset_q
 .text.act_nset_a
                0x08011c50       0xa8 ./src/ATcmd/cmdrun.o
                0x08011c50                act_nset_a
 .text.act_nstat
                0x08011cf8      0x1d4 ./src/ATcmd/cmdrun.o
                0x08011cf8                act_nstat
 .text.act_nmac_q
                0x08011ecc       0x5c ./src/ATcmd/cmdrun.o
                0x08011ecc                act_nmac_q
 .text.act_nmac_a
                0x08011f28       0x48 ./src/ATcmd/cmdrun.o
                0x08011f28                act_nmac_a
 .text.act_nopen_q
                0x08011f70       0x10 ./src/ATcmd/cmdrun.o
                0x08011f70                act_nopen_q
 .text.act_nopen_a
                0x08011f80      0x318 ./src/ATcmd/cmdrun.o
                0x08011f80                act_nopen_a
 .text.act_nmode_q
                0x08012298       0x10 ./src/ATcmd/cmdrun.o
                0x08012298                act_nmode_q
 .text.act_nmode_a
                0x080122a8       0x6c ./src/ATcmd/cmdrun.o
                0x080122a8                act_nmode_a
 .text.act_nclose
                0x08012314       0x8c ./src/ATcmd/cmdrun.o
                0x08012314                act_nclose
 .text.act_nsend_chk
                0x080123a0      0x184 ./src/ATcmd/cmdrun.o
                0x080123a0                act_nsend_chk
 .text.act_nsend
                0x08012524       0xd4 ./src/ATcmd/cmdrun.o
                0x08012524                act_nsend
 .text.act_nrecv
                0x080125f8      0x200 ./src/ATcmd/cmdrun.o
                0x080125f8                act_nrecv
 .text.atc_async_cb
                0x080127f8      0x1cc ./src/ATcmd/cmdrun.o
                0x080127f8                atc_async_cb
 .text.act_nsock
                0x080129c4      0x37c ./src/ATcmd/cmdrun.o
                0x080129c4                act_nsock
 .text.act_mset_q
                0x08012d40        0x4 ./src/ATcmd/cmdrun.o
                0x08012d40                act_mset_q
 .text.act_mset_a
                0x08012d44        0x4 ./src/ATcmd/cmdrun.o
                0x08012d44                act_mset_a
 .text.act_mstat
                0x08012d48       0x34 ./src/ATcmd/cmdrun.o
                0x08012d48                act_mstat
 .text.act_uart_q
                0x08012d7c      0x10c ./src/ATcmd/cmdrun.o
                0x08012d7c                act_uart_q
 .text.act_uart_a
                0x08012e88       0x34 ./src/ATcmd/cmdrun.o
                0x08012e88                act_uart_a
 .text.act_mdata
                0x08012ebc       0x50 ./src/ATcmd/cmdrun.o
                0x08012ebc                act_mdata
 .text.act_msave
                0x08012f0c       0x14 ./src/ATcmd/cmdrun.o
                0x08012f0c                act_msave
 .text.act_fdns
                0x08012f20       0xc4 ./src/ATcmd/cmdrun.o
                0x08012f20                act_fdns
 .text.main     0x08012fe4      0x1a8 ./src/main.o
                0x08012fe4                main
 .text.atoi     0x0801318c        0x8 c:/program files (x86)/gnu tools arm embedded/5.4 2016q3/bin/../lib/gcc/arm-none-eabi/5.4.1/../../../../arm-none-eabi/lib/armv7-m\libg_nano.a(lib_a-atoi.o)
                0x0801318c                atoi
 .text.__errno  0x08013194        0xc c:/program files (x86)/gnu tools arm embedded/5.4 2016q3/bin/../lib/gcc/arm-none-eabi/5.4.1/../../../../arm-none-eabi/lib/armv7-m\libg_nano.a(lib_a-errno.o)
                0x08013194                __errno
 .text.isalpha  0x080131a0       0x12 c:/program files (x86)/gnu tools arm embedded/5.4 2016q3/bin/../lib/gcc/arm-none-eabi/5.4.1/../../../../arm-none-eabi/lib/armv7-m\libg_nano.a(lib_a-isalpha.o)
                0x080131a0                isalpha
 .text.isdigit  0x080131b2       0x12 c:/program files (x86)/gnu tools arm embedded/5.4 2016q3/bin/../lib/gcc/arm-none-eabi/5.4.1/../../../../arm-none-eabi/lib/armv7-m\libg_nano.a(lib_a-isdigit.o)
                0x080131b2                isdigit
 .text.isxdigit
                0x080131c4       0x12 c:/program files (x86)/gnu tools arm embedded/5.4 2016q3/bin/../lib/gcc/arm-none-eabi/5.4.1/../../../../arm-none-eabi/lib/armv7-m\libg_nano.a(lib_a-isxdigit.o)
                0x080131c4                isxdigit
 *fill*         0x080131d6        0x2 
 .text.__get_current_locale
                0x080131d8       0x18 c:/program files (x86)/gnu tools arm embedded/5.4 2016q3/bin/../lib/gcc/arm-none-eabi/5.4.1/../../../../arm-none-eabi/lib/armv7-m\libg_nano.a(lib_a-locale.o)
 .text.__locale_ctype_ptr_l
                0x080131f0        0x6 c:/program files (x86)/gnu tools arm embedded/5.4 2016q3/bin/../lib/gcc/arm-none-eabi/5.4.1/../../../../arm-none-eabi/lib/armv7-m\libg_nano.a(lib_a-locale.o)
                0x080131f0                __locale_ctype_ptr_l
 *fill*         0x080131f6        0x2 
 .text.__locale_ctype_ptr
                0x080131f8       0x14 c:/program files (x86)/gnu tools arm embedded/5.4 2016q3/bin/../lib/gcc/arm-none-eabi/5.4.1/../../../../arm-none-eabi/lib/armv7-m\libg_nano.a(lib_a-locale.o)
                0x080131f8                __locale_ctype_ptr
 .text.malloc   0x0801320c       0x10 c:/program files (x86)/gnu tools arm embedded/5.4 2016q3/bin/../lib/gcc/arm-none-eabi/5.4.1/../../../../arm-none-eabi/lib/armv7-m\libg_nano.a(lib_a-malloc.o)
                0x0801320c                malloc
 .text.free     0x0801321c       0x10 c:/program files (x86)/gnu tools arm embedded/5.4 2016q3/bin/../lib/gcc/arm-none-eabi/5.4.1/../../../../arm-none-eabi/lib/armv7-m\libg_nano.a(lib_a-malloc.o)
                0x0801321c                free
 .text.__ascii_mbtowc
                0x0801322c       0x24 c:/program files (x86)/gnu tools arm embedded/5.4 2016q3/bin/../lib/gcc/arm-none-eabi/5.4.1/../../../../arm-none-eabi/lib/armv7-m\libg_nano.a(lib_a-mbtowc_r.o)
                0x0801322c                __ascii_mbtowc
 .text.memcmp   0x08013250       0x1e c:/program files (x86)/gnu tools arm embedded/5.4 2016q3/bin/../lib/gcc/arm-none-eabi/5.4.1/../../../../arm-none-eabi/lib/armv7-m\libg_nano.a(lib_a-memcmp.o)
                0x08013250                memcmp
 .text.memcpy   0x0801326e       0x16 c:/program files (x86)/gnu tools arm embedded/5.4 2016q3/bin/../lib/gcc/arm-none-eabi/5.4.1/../../../../arm-none-eabi/lib/armv7-m\libg_nano.a(lib_a-memcpy-stub.o)
                0x0801326e                memcpy
 .text.memset   0x08013284       0x10 c:/program files (x86)/gnu tools arm embedded/5.4 2016q3/bin/../lib/gcc/arm-none-eabi/5.4.1/../../../../arm-none-eabi/lib/armv7-m\libg_nano.a(lib_a-memset.o)
                0x08013284                memset
 .text._free_r  0x08013294       0x98 c:/program files (x86)/gnu tools arm embedded/5.4 2016q3/bin/../lib/gcc/arm-none-eabi/5.4.1/../../../../arm-none-eabi/lib/armv7-m\libg_nano.a(lib_a-nano-freer.o)
                0x08013294                _free_r
 .text._malloc_r
                0x0801332c       0xbc c:/program files (x86)/gnu tools arm embedded/5.4 2016q3/bin/../lib/gcc/arm-none-eabi/5.4.1/../../../../arm-none-eabi/lib/armv7-m\libg_nano.a(lib_a-nano-mallocr.o)
                0x0801332c                _malloc_r
 .text.printf   0x080133e8       0x30 c:/program files (x86)/gnu tools arm embedded/5.4 2016q3/bin/../lib/gcc/arm-none-eabi/5.4.1/../../../../arm-none-eabi/lib/armv7-m\libg_nano.a(lib_a-printf.o)
                0x080133e8                iprintf
                0x080133e8                printf
 .text._puts_r  0x08013418       0xb4 c:/program files (x86)/gnu tools arm embedded/5.4 2016q3/bin/../lib/gcc/arm-none-eabi/5.4.1/../../../../arm-none-eabi/lib/armv7-m\libg_nano.a(lib_a-puts.o)
                0x08013418                _puts_r
 .text.puts     0x080134cc       0x10 c:/program files (x86)/gnu tools arm embedded/5.4 2016q3/bin/../lib/gcc/arm-none-eabi/5.4.1/../../../../arm-none-eabi/lib/armv7-m\libg_nano.a(lib_a-puts.o)
                0x080134cc                puts
 .text._sbrk_r  0x080134dc       0x20 c:/program files (x86)/gnu tools arm embedded/5.4 2016q3/bin/../lib/gcc/arm-none-eabi/5.4.1/../../../../arm-none-eabi/lib/armv7-m\libg_nano.a(lib_a-sbrkr.o)
                0x080134dc                _sbrk_r
 .text.sprintf  0x080134fc       0x48 c:/program files (x86)/gnu tools arm embedded/5.4 2016q3/bin/../lib/gcc/arm-none-eabi/5.4.1/../../../../arm-none-eabi/lib/armv7-m\libg_nano.a(lib_a-sprintf.o)
                0x080134fc                siprintf
                0x080134fc                sprintf
 .text.strchr   0x08013544       0x1c c:/program files (x86)/gnu tools arm embedded/5.4 2016q3/bin/../lib/gcc/arm-none-eabi/5.4.1/../../../../arm-none-eabi/lib/armv7-m\libg_nano.a(lib_a-strchr.o)
                0x08013544                strchr
 .text          0x08013560       0x14 c:/program files (x86)/gnu tools arm embedded/5.4 2016q3/bin/../lib/gcc/arm-none-eabi/5.4.1/../../../../arm-none-eabi/lib/armv7-m\libg_nano.a(lib_a-strcmp.o)
                0x08013560                strcmp
 .text.strcpy   0x08013574       0x10 c:/program files (x86)/gnu tools arm embedded/5.4 2016q3/bin/../lib/gcc/arm-none-eabi/5.4.1/../../../../arm-none-eabi/lib/armv7-m\libg_nano.a(lib_a-strcpy.o)
                0x08013574                strcpy
 .text          0x08013584       0x10 c:/program files (x86)/gnu tools arm embedded/5.4 2016q3/bin/../lib/gcc/arm-none-eabi/5.4.1/../../../../arm-none-eabi/lib/armv7-m\libg_nano.a(lib_a-strlen.o)
                0x08013584                strlen
 .text.strncpy  0x08013594       0x26 c:/program files (x86)/gnu tools arm embedded/5.4 2016q3/bin/../lib/gcc/arm-none-eabi/5.4.1/../../../../arm-none-eabi/lib/armv7-m\libg_nano.a(lib_a-strncpy.o)
                0x08013594                strncpy
 *fill*         0x080135ba        0x2 
 .text.strtok   0x080135bc       0x64 c:/program files (x86)/gnu tools arm embedded/5.4 2016q3/bin/../lib/gcc/arm-none-eabi/5.4.1/../../../../arm-none-eabi/lib/armv7-m\libg_nano.a(lib_a-strtok.o)
                0x080135bc                strtok
 .text.__strtok_r
                0x08013620       0x56 c:/program files (x86)/gnu tools arm embedded/5.4 2016q3/bin/../lib/gcc/arm-none-eabi/5.4.1/../../../../arm-none-eabi/lib/armv7-m\libg_nano.a(lib_a-strtok_r.o)
                0x08013620                __strtok_r
 .text._strtol_l.isra.0
                0x08013676      0x110 c:/program files (x86)/gnu tools arm embedded/5.4 2016q3/bin/../lib/gcc/arm-none-eabi/5.4.1/../../../../arm-none-eabi/lib/armv7-m\libg_nano.a(lib_a-strtol.o)
 *fill*         0x08013786        0x2 
 .text.strtol   0x08013788       0x2c c:/program files (x86)/gnu tools arm embedded/5.4 2016q3/bin/../lib/gcc/arm-none-eabi/5.4.1/../../../../arm-none-eabi/lib/armv7-m\libg_nano.a(lib_a-strtol.o)
                0x08013788                strtol
 .text.__swbuf_r
                0x080137b4       0xa8 c:/program files (x86)/gnu tools arm embedded/5.4 2016q3/bin/../lib/gcc/arm-none-eabi/5.4.1/../../../../arm-none-eabi/lib/armv7-m\libg_nano.a(lib_a-wbuf.o)
                0x080137b4                __swbuf_r
 .text.__ascii_wctomb
                0x0801385c       0x1a c:/program files (x86)/gnu tools arm embedded/5.4 2016q3/bin/../lib/gcc/arm-none-eabi/5.4.1/../../../../arm-none-eabi/lib/armv7-m\libg_nano.a(lib_a-wctomb_r.o)
                0x0801385c                __ascii_wctomb
 *fill*         0x08013876        0x2 
 .text.__swsetup_r
                0x08013878       0xdc c:/program files (x86)/gnu tools arm embedded/5.4 2016q3/bin/../lib/gcc/arm-none-eabi/5.4.1/../../../../arm-none-eabi/lib/armv7-m\libg_nano.a(lib_a-wsetup.o)
                0x08013878                __swsetup_r
 .text.__sflush_r
                0x08013954      0x10c c:/program files (x86)/gnu tools arm embedded/5.4 2016q3/bin/../lib/gcc/arm-none-eabi/5.4.1/../../../../arm-none-eabi/lib/armv7-m\libg_nano.a(lib_a-fflush.o)
                0x08013954                __sflush_r
 .text._fflush_r
                0x08013a60       0x54 c:/program files (x86)/gnu tools arm embedded/5.4 2016q3/bin/../lib/gcc/arm-none-eabi/5.4.1/../../../../arm-none-eabi/lib/armv7-m\libg_nano.a(lib_a-fflush.o)
                0x08013a60                _fflush_r
 .text._cleanup_r
                0x08013ab4        0xc c:/program files (x86)/gnu tools arm embedded/5.4 2016q3/bin/../lib/gcc/arm-none-eabi/5.4.1/../../../../arm-none-eabi/lib/armv7-m\libg_nano.a(lib_a-findfp.o)
                0x08013ab4                _cleanup_r
 .text.std.isra.0
                0x08013ac0       0x48 c:/program files (x86)/gnu tools arm embedded/5.4 2016q3/bin/../lib/gcc/arm-none-eabi/5.4.1/../../../../arm-none-eabi/lib/armv7-m\libg_nano.a(lib_a-findfp.o)
 .text.__sfmoreglue
                0x08013b08       0x2c c:/program files (x86)/gnu tools arm embedded/5.4 2016q3/bin/../lib/gcc/arm-none-eabi/5.4.1/../../../../arm-none-eabi/lib/armv7-m\libg_nano.a(lib_a-findfp.o)
                0x08013b08                __sfmoreglue
 .text.__sinit  0x08013b34       0x60 c:/program files (x86)/gnu tools arm embedded/5.4 2016q3/bin/../lib/gcc/arm-none-eabi/5.4.1/../../../../arm-none-eabi/lib/armv7-m\libg_nano.a(lib_a-findfp.o)
                0x08013b34                __sinit
 .text.__sfp    0x08013b94       0x78 c:/program files (x86)/gnu tools arm embedded/5.4 2016q3/bin/../lib/gcc/arm-none-eabi/5.4.1/../../../../arm-none-eabi/lib/armv7-m\libg_nano.a(lib_a-findfp.o)
                0x08013b94                __sfp
 .text._fwalk_reent
                0x08013c0c       0x3c c:/program files (x86)/gnu tools arm embedded/5.4 2016q3/bin/../lib/gcc/arm-none-eabi/5.4.1/../../../../arm-none-eabi/lib/armv7-m\libg_nano.a(lib_a-fwalk.o)
                0x08013c0c                _fwalk_reent
 .text.__swhatbuf_r
                0x08013c48       0x46 c:/program files (x86)/gnu tools arm embedded/5.4 2016q3/bin/../lib/gcc/arm-none-eabi/5.4.1/../../../../arm-none-eabi/lib/armv7-m\libg_nano.a(lib_a-makebuf.o)
                0x08013c48                __swhatbuf_r
 *fill*         0x08013c8e        0x2 
 .text.__smakebuf_r
                0x08013c90       0x78 c:/program files (x86)/gnu tools arm embedded/5.4 2016q3/bin/../lib/gcc/arm-none-eabi/5.4.1/../../../../arm-none-eabi/lib/armv7-m\libg_nano.a(lib_a-makebuf.o)
                0x08013c90                __smakebuf_r
 .text.__malloc_lock
                0x08013d08        0x2 c:/program files (x86)/gnu tools arm embedded/5.4 2016q3/bin/../lib/gcc/arm-none-eabi/5.4.1/../../../../arm-none-eabi/lib/armv7-m\libg_nano.a(lib_a-mlock.o)
                0x08013d08                __malloc_lock
 .text.__malloc_unlock
                0x08013d0a        0x2 c:/program files (x86)/gnu tools arm embedded/5.4 2016q3/bin/../lib/gcc/arm-none-eabi/5.4.1/../../../../arm-none-eabi/lib/armv7-m\libg_nano.a(lib_a-mlock.o)
                0x08013d0a                __malloc_unlock
 .text.__ssputs_r
                0x08013d0c       0xb2 c:/program files (x86)/gnu tools arm embedded/5.4 2016q3/bin/../lib/gcc/arm-none-eabi/5.4.1/../../../../arm-none-eabi/lib/armv7-m\libg_nano.a(lib_a-nano-svfprintf.o)
                0x08013d0c                __ssputs_r
 *fill*         0x08013dbe        0x2 
 .text._svfprintf_r
                0x08013dc0      0x1e8 c:/program files (x86)/gnu tools arm embedded/5.4 2016q3/bin/../lib/gcc/arm-none-eabi/5.4.1/../../../../arm-none-eabi/lib/armv7-m\libg_nano.a(lib_a-nano-svfprintf.o)
                0x08013dc0                _svfiprintf_r
                0x08013dc0                _svfprintf_r
 .text.__sfputc_r
                0x08013fa8       0x2c c:/program files (x86)/gnu tools arm embedded/5.4 2016q3/bin/../lib/gcc/arm-none-eabi/5.4.1/../../../../arm-none-eabi/lib/armv7-m\libg_nano.a(lib_a-nano-vfprintf.o)
 .text.__sfputs_r
                0x08013fd4       0x24 c:/program files (x86)/gnu tools arm embedded/5.4 2016q3/bin/../lib/gcc/arm-none-eabi/5.4.1/../../../../arm-none-eabi/lib/armv7-m\libg_nano.a(lib_a-nano-vfprintf.o)
                0x08013fd4                __sfputs_r
 .text._vfprintf_r
                0x08013ff8      0x238 c:/program files (x86)/gnu tools arm embedded/5.4 2016q3/bin/../lib/gcc/arm-none-eabi/5.4.1/../../../../arm-none-eabi/lib/armv7-m\libg_nano.a(lib_a-nano-vfprintf.o)
                0x08013ff8                _vfprintf_r
                0x08013ff8                _vfiprintf_r
 .text._printf_common
                0x08014230       0xec c:/program files (x86)/gnu tools arm embedded/5.4 2016q3/bin/../lib/gcc/arm-none-eabi/5.4.1/../../../../arm-none-eabi/lib/armv7-m\libg_nano.a(lib_a-nano-vfprintf_i.o)
                0x08014230                _printf_common
 .text._printf_i
                0x0801431c      0x24c c:/program files (x86)/gnu tools arm embedded/5.4 2016q3/bin/../lib/gcc/arm-none-eabi/5.4.1/../../../../arm-none-eabi/lib/armv7-m\libg_nano.a(lib_a-nano-vfprintf_i.o)
                0x0801431c                _printf_i
 .text.__sread  0x08014568       0x22 c:/program files (x86)/gnu tools arm embedded/5.4 2016q3/bin/../lib/gcc/arm-none-eabi/5.4.1/../../../../arm-none-eabi/lib/armv7-m\libg_nano.a(lib_a-stdio.o)
                0x08014568                __sread
 .text.__swrite
                0x0801458a       0x38 c:/program files (x86)/gnu tools arm embedded/5.4 2016q3/bin/../lib/gcc/arm-none-eabi/5.4.1/../../../../arm-none-eabi/lib/armv7-m\libg_nano.a(lib_a-stdio.o)
                0x0801458a                __swrite
 .text.__sseek  0x080145c2       0x24 c:/program files (x86)/gnu tools arm embedded/5.4 2016q3/bin/../lib/gcc/arm-none-eabi/5.4.1/../../../../arm-none-eabi/lib/armv7-m\libg_nano.a(lib_a-stdio.o)
                0x080145c2                __sseek
 .text.__sclose
                0x080145e6        0x8 c:/program files (x86)/gnu tools arm embedded/5.4 2016q3/bin/../lib/gcc/arm-none-eabi/5.4.1/../../../../arm-none-eabi/lib/armv7-m\libg_nano.a(lib_a-stdio.o)
                0x080145e6                __sclose
 *fill*         0x080145ee        0x2 
 .text._write_r
                0x080145f0       0x24 c:/program files (x86)/gnu tools arm embedded/5.4 2016q3/bin/../lib/gcc/arm-none-eabi/5.4.1/../../../../arm-none-eabi/lib/armv7-m\libg_nano.a(lib_a-writer.o)
                0x080145f0                _write_r
 .text._close_r
                0x08014614       0x20 c:/program files (x86)/gnu tools arm embedded/5.4 2016q3/bin/../lib/gcc/arm-none-eabi/5.4.1/../../../../arm-none-eabi/lib/armv7-m\libg_nano.a(lib_a-closer.o)
                0x08014614                _close_r
 .text._fstat_r
                0x08014634       0x24 c:/program files (x86)/gnu tools arm embedded/5.4 2016q3/bin/../lib/gcc/arm-none-eabi/5.4.1/../../../../arm-none-eabi/lib/armv7-m\libg_nano.a(lib_a-fstatr.o)
                0x08014634                _fstat_r
 .text._isatty_r
                0x08014658       0x20 c:/program files (x86)/gnu tools arm embedded/5.4 2016q3/bin/../lib/gcc/arm-none-eabi/5.4.1/../../../../arm-none-eabi/lib/armv7-m\libg_nano.a(lib_a-isattyr.o)
                0x08014658                _isatty_r
 .text._lseek_r
                0x08014678       0x24 c:/program files (x86)/gnu tools arm embedded/5.4 2016q3/bin/../lib/gcc/arm-none-eabi/5.4.1/../../../../arm-none-eabi/lib/armv7-m\libg_nano.a(lib_a-lseekr.o)
                0x08014678                _lseek_r
 .text.memchr   0x0801469c       0x1c c:/program files (x86)/gnu tools arm embedded/5.4 2016q3/bin/../lib/gcc/arm-none-eabi/5.4.1/../../../../arm-none-eabi/lib/armv7-m\libg_nano.a(lib_a-memchr-stub.o)
                0x0801469c                memchr
 .text.memmove  0x080146b8       0x36 c:/program files (x86)/gnu tools arm embedded/5.4 2016q3/bin/../lib/gcc/arm-none-eabi/5.4.1/../../../../arm-none-eabi/lib/armv7-m\libg_nano.a(lib_a-memmove.o)
                0x080146b8                memmove
 .text._realloc_r
                0x080146ee       0x4c c:/program files (x86)/gnu tools arm embedded/5.4 2016q3/bin/../lib/gcc/arm-none-eabi/5.4.1/../../../../arm-none-eabi/lib/armv7-m\libg_nano.a(lib_a-nano-reallocr.o)
                0x080146ee                _realloc_r
 *fill*         0x0801473a        0x2 
 .text._read_r  0x0801473c       0x24 c:/program files (x86)/gnu tools arm embedded/5.4 2016q3/bin/../lib/gcc/arm-none-eabi/5.4.1/../../../../arm-none-eabi/lib/armv7-m\libg_nano.a(lib_a-readr.o)
                0x0801473c                _read_r
 .text._malloc_usable_size_r
                0x08014760       0x14 c:/program files (x86)/gnu tools arm embedded/5.4 2016q3/bin/../lib/gcc/arm-none-eabi/5.4.1/../../../../arm-none-eabi/lib/armv7-m\libg_nano.a(lib_a-nano-msizer.o)
                0x08014760                _malloc_usable_size_r
 *(.rodata .rodata.*)
 .rodata.str1.4
                0x08014774       0x27 ./system/src/stm32f1-stdperiph/misc.o
 *fill*         0x0801479b        0x1 
 .rodata.str1.4
                0x0801479c       0x31 ./system/src/stm32f1-stdperiph/stm32f10x_exti.o
 *fill*         0x080147cd        0x3 
 .rodata.str1.4
                0x080147d0       0x32 ./system/src/stm32f1-stdperiph/stm32f10x_flash.o
 *fill*         0x08014802        0x2 
 .rodata.str1.4
                0x08014804       0x31 ./system/src/stm32f1-stdperiph/stm32f10x_gpio.o
 *fill*         0x08014835        0x3 
 .rodata.str1.4
                0x08014838       0x30 ./system/src/stm32f1-stdperiph/stm32f10x_i2c.o
 .rodata.str1.4
                0x08014868       0x30 ./system/src/stm32f1-stdperiph/stm32f10x_rcc.o
 .rodata.str1.4
                0x08014898       0x30 ./system/src/stm32f1-stdperiph/stm32f10x_spi.o
 .rodata.str1.4
                0x080148c8       0x30 ./system/src/stm32f1-stdperiph/stm32f10x_tim.o
 .rodata.str1.4
                0x080148f8       0x32 ./system/src/stm32f1-stdperiph/stm32f10x_usart.o
 *fill*         0x0801492a        0x2 
 .rodata.str1.4
                0x0801492c       0x12 ./src/ioLibrary/Internet/DHCP/dhcp.o
 *fill*         0x0801493e        0x2 
 .rodata.str1.4
                0x08014940       0x18 ./src/S2E/S2E.o
 .rodata.GPIO_CLK
                0x08014958        0x8 ./src/PlatformHandler/gpioHandler.o
                0x08014958                GPIO_CLK
 .rodata.GPIO_PIN
                0x08014960        0x4 ./src/PlatformHandler/gpioHandler.o
                0x08014960                GPIO_PIN
 .rodata        0x08014964       0x27 ./src/Configuration/ConfigData.o
 *fill*         0x0801498b        0x1 
 .rodata.str1.4
                0x0801498c       0xa6 ./src/Configuration/ConfigData.o
 *fill*         0x08014a32        0x2 
 .rodata.str1.4
                0x08014a34        0x6 ./src/ATcmd/library/sockutil.o
 *fill*         0x08014a3a        0x2 
 .rodata.__FUNCTION__.9137
                0x08014a3c        0xa ./src/ATcmd/atcmd.o
 *fill*         0x08014a46        0x2 
 .rodata.__FUNCTION__.9144
                0x08014a48        0x9 ./src/ATcmd/atcmd.o
 *fill*         0x08014a51        0x3 
 .rodata.__FUNCTION__.9157
                0x08014a54        0xa ./src/ATcmd/atcmd.o
 *fill*         0x08014a5e        0x2 
 .rodata.__FUNCTION__.9209
                0x08014a60        0x9 ./src/ATcmd/atcmd.o
 *fill*         0x08014a69        0x3 
 .rodata.g_cmd_table
                0x08014a6c      0x120 ./src/ATcmd/atcmd.o
                0x08014a6c                g_cmd_table
 .rodata.__FUNCTION__.9036
                0x08014b8c        0xd ./src/ATcmd/atcmd.o
 *fill*         0x08014b99        0x3 
 .rodata.__FUNCTION__.9178
                0x08014b9c        0xb ./src/ATcmd/atcmd.o
 *fill*         0x08014ba7        0x1 
 .rodata.__FUNCTION__.9169
                0x08014ba8        0xa ./src/ATcmd/atcmd.o
 *fill*         0x08014bb2        0x2 
 .rodata.__FUNCTION__.9187
                0x08014bb4        0xa ./src/ATcmd/atcmd.o
 *fill*         0x08014bbe        0x2 
 .rodata.__FUNCTION__.9193
                0x08014bc0        0xa ./src/ATcmd/atcmd.o
 *fill*         0x08014bca        0x2 
 .rodata.__FUNCTION__.9240
                0x08014bcc        0xb ./src/ATcmd/atcmd.o
 *fill*         0x08014bd7        0x1 
 .rodata.__FUNCTION__.9246
                0x08014bd8        0xa ./src/ATcmd/atcmd.o
 *fill*         0x08014be2        0x2 
 .rodata.__FUNCTION__.9215
                0x08014be4        0xa ./src/ATcmd/atcmd.o
 *fill*         0x08014bee        0x2 
 .rodata.__FUNCTION__.9260
                0x08014bf0        0x9 ./src/ATcmd/atcmd.o
 *fill*         0x08014bf9        0x3 
 .rodata.__FUNCTION__.9082
                0x08014bfc        0x9 ./src/ATcmd/atcmd.o
 *fill*         0x08014c05        0x3 
 .rodata.__FUNCTION__.9123
                0x08014c08        0x9 ./src/ATcmd/atcmd.o
 *fill*         0x08014c11        0x3 
 .rodata.str1.4
                0x08014c14      0x22d ./src/ATcmd/atcmd.o
                                0x231 (size before relaxing)
 *fill*         0x08014e41        0x3 
 .rodata.__FUNCTION__.9133
                0x08014e44        0xa ./src/ATcmd/cmdrun.o
 *fill*         0x08014e4e        0x2 
 .rodata.__FUNCTION__.9034
                0x08014e50        0xd ./src/ATcmd/cmdrun.o
 *fill*         0x08014e5d        0x3 
 .rodata.str1.4
                0x08014e60      0x212 ./src/ATcmd/cmdrun.o
                                0x21e (size before relaxing)
 *fill*         0x08015072        0x2 
 .rodata.__FUNCTION__.9153
                0x08015074        0xa ./src/ATcmd/cmdrun.o
 *fill*         0x0801507e        0x2 
 .rodata.__FUNCTION__.9174
                0x08015080        0xa ./src/ATcmd/cmdrun.o
 *fill*         0x0801508a        0x2 
 .rodata.str1.4
                0x0801508c       0xc8 ./src/main.o
 .rodata._global_impure_ptr
                0x08015154        0x4 c:/program files (x86)/gnu tools arm embedded/5.4 2016q3/bin/../lib/gcc/arm-none-eabi/5.4.1/../../../../arm-none-eabi/lib/armv7-m\libg_nano.a(lib_a-impure.o)
                0x08015154                _global_impure_ptr
 .rodata.str1.1
                0x08015158        0xa c:/program files (x86)/gnu tools arm embedded/5.4 2016q3/bin/../lib/gcc/arm-none-eabi/5.4.1/../../../../arm-none-eabi/lib/armv7-m\libg_nano.a(lib_a-locale.o)
                                  0xb (size before relaxing)
 .rodata._ctype_
                0x08015162      0x101 c:/program files (x86)/gnu tools arm embedded/5.4 2016q3/bin/../lib/gcc/arm-none-eabi/5.4.1/../../../../arm-none-eabi/lib/armv7-m\libg_nano.a(lib_a-ctype_.o)
                0x08015162                _ctype_
 *fill*         0x08015263        0x1 
 .rodata.__sf_fake_stdin
                0x08015264       0x20 c:/program files (x86)/gnu tools arm embedded/5.4 2016q3/bin/../lib/gcc/arm-none-eabi/5.4.1/../../../../arm-none-eabi/lib/armv7-m\libg_nano.a(lib_a-findfp.o)
                0x08015264                __sf_fake_stdin
 .rodata.__sf_fake_stdout
                0x08015284       0x20 c:/program files (x86)/gnu tools arm embedded/5.4 2016q3/bin/../lib/gcc/arm-none-eabi/5.4.1/../../../../arm-none-eabi/lib/armv7-m\libg_nano.a(lib_a-findfp.o)
                0x08015284                __sf_fake_stdout
 .rodata.__sf_fake_stderr
                0x080152a4       0x20 c:/program files (x86)/gnu tools arm embedded/5.4 2016q3/bin/../lib/gcc/arm-none-eabi/5.4.1/../../../../arm-none-eabi/lib/armv7-m\libg_nano.a(lib_a-findfp.o)
                0x080152a4                __sf_fake_stderr
 .rodata.str1.1
                0x080152c4       0x11 c:/program files (x86)/gnu tools arm embedded/5.4 2016q3/bin/../lib/gcc/arm-none-eabi/5.4.1/../../../../arm-none-eabi/lib/armv7-m\libg_nano.a(lib_a-nano-svfprintf.o)
 .rodata.str1.1
                0x080152d5       0x11 c:/program files (x86)/gnu tools arm embedded/5.4 2016q3/bin/../lib/gcc/arm-none-eabi/5.4.1/../../../../arm-none-eabi/lib/armv7-m\libg_nano.a(lib_a-nano-vfprintf.o)
 .rodata.str1.1
                0x080152d5       0x22 c:/program files (x86)/gnu tools arm embedded/5.4 2016q3/bin/../lib/gcc/arm-none-eabi/5.4.1/../../../../arm-none-eabi/lib/armv7-m\libg_nano.a(lib_a-nano-vfprintf_i.o)
 *(vtable)
 *(.eh_frame*)
 *(.glue_7)
 .glue_7        0x080152f7        0x0 linker stubs
 *(.glue_7t)
 .glue_7t       0x080152f7        0x0 linker stubs

.vfp11_veneer   0x080152f8        0x0
 .vfp11_veneer  0x080152f8        0x0 linker stubs

.v4_bx          0x080152f8        0x0
 .v4_bx         0x080152f8        0x0 linker stubs

.iplt           0x080152f8        0x0
 .iplt          0x080152f8        0x0 ./system/src/stm32f1-stdperiph/misc.o

.rel.dyn        0x080152f8        0x0
 .rel.iplt      0x080152f8        0x0 ./system/src/stm32f1-stdperiph/misc.o

.ARM.extab
 *(.ARM.extab* .gnu.linkonce.armextab.*)
                0x080152f8                __exidx_start = .

.ARM.exidx
 *(.ARM.exidx* .gnu.linkonce.armexidx.*)
                0x080152f8                __exidx_end = .
                0x080152f8                . = ALIGN (0x4)
                0x080152f8                _etext = .
                0x080152f8                __etext = .
                0x080152f8                _sidata = _etext

.data           0x20000000      0x278 load address 0x080152f8
                0x20000000                . = ALIGN (0x4)
                0x20000000                _sdata = .
                0x20000000                __data_start__ = .
 *(.data_begin .data_begin.*)
 .data_begin    0x20000000        0x4 ./system/src/newlib/_startup.o
 *(.data .data.*)
 .data.ADCPrescTable
                0x20000004        0x4 ./system/src/stm32f1-stdperiph/stm32f10x_rcc.o
 .data.APBAHBPrescTable
                0x20000008       0x10 ./system/src/stm32f1-stdperiph/stm32f10x_rcc.o
 .data.argv.4769
                0x20000018        0x8 ./system/src/newlib/_syscalls.o
 .data.dhcp_tick_next
                0x20000020        0x4 ./src/ioLibrary/Internet/DHCP/dhcp.o
                0x20000020                dhcp_tick_next
 .data.dhcp_ip_update
                0x20000024        0x4 ./src/ioLibrary/Internet/DHCP/dhcp.o
                0x20000024                dhcp_ip_update
 .data.dhcp_ip_assign
                0x20000028        0x4 ./src/ioLibrary/Internet/DHCP/dhcp.o
                0x20000028                dhcp_ip_assign
 .data.dhcp_ip_conflict
                0x2000002c        0x4 ./src/ioLibrary/Internet/DHCP/dhcp.o
                0x2000002c                dhcp_ip_conflict
 .data.dhcp_lease_time
                0x20000030        0x4 ./src/ioLibrary/Internet/DHCP/dhcp.o
                0x20000030                dhcp_lease_time
 .data.HOST_NAME
                0x20000034        0x8 ./src/ioLibrary/Internet/DHCP/dhcp.o
                0x20000034                HOST_NAME
 .data.sock_any_port
                0x2000003c        0x2 ./src/ioLibrary/Ethernet/socket.o
 *fill*         0x2000003e        0x2 
 .data.WIZCHIP  0x20000040       0x28 ./src/ioLibrary/Ethernet/wizchip_conf.o
                0x20000040                WIZCHIP
 .data.GPIO_PORT
                0x20000068        0x8 ./src/PlatformHandler/gpioHandler.o
                0x20000068                GPIO_PORT
 .data.baud_table
                0x20000070       0x2c ./src/PlatformHandler/uartHandler.o
                0x20000070                baud_table
 .data.client_port
                0x2000009c        0x2 ./src/ATcmd/atcmd.o
 *fill*         0x2000009e        0x2 
 .data.parity_char
                0x200000a0        0x3 ./src/ATcmd/cmdrun.o
                0x200000a0                parity_char
 .data.run_dns  0x200000a3        0x1 ./src/main.o
                0x200000a3                run_dns
 .data.impure_data
                0x200000a4       0x60 c:/program files (x86)/gnu tools arm embedded/5.4 2016q3/bin/../lib/gcc/arm-none-eabi/5.4.1/../../../../arm-none-eabi/lib/armv7-m\libg_nano.a(lib_a-impure.o)
 .data._impure_ptr
                0x20000104        0x4 c:/program files (x86)/gnu tools arm embedded/5.4 2016q3/bin/../lib/gcc/arm-none-eabi/5.4.1/../../../../arm-none-eabi/lib/armv7-m\libg_nano.a(lib_a-impure.o)
                0x20000104                _impure_ptr
 .data.__global_locale
                0x20000108      0x16c c:/program files (x86)/gnu tools arm embedded/5.4 2016q3/bin/../lib/gcc/arm-none-eabi/5.4.1/../../../../arm-none-eabi/lib/armv7-m\libg_nano.a(lib_a-locale.o)
                0x20000108                __global_locale
 *(.data_end .data_end.*)
 .data_end      0x20000274        0x4 ./system/src/newlib/_startup.o
                0x20000278                . = ALIGN (0x4)
                0x20000278                _edata = .
                0x20000278                __data_end__ = .

.igot.plt       0x20000278        0x0 load address 0x08015570
 .igot.plt      0x20000278        0x0 ./system/src/stm32f1-stdperiph/misc.o

.bss            0x20000278     0x1b34 load address 0x08015570
                0x20000278                . = ALIGN (0x4)
                0x20000278                __bss_start__ = .
                0x20000278                _sbss = .
 *(.bss_begin .bss_begin.*)
 .bss_begin     0x20000278        0x4 ./system/src/newlib/_startup.o
 *(.bss .bss.*)
 .bss.current_heap_end.4454
                0x2000027c        0x4 ./system/src/newlib/_sbrk.o
 .bss.name.4768
                0x20000280        0x1 ./system/src/newlib/_syscalls.o
 .bss.retry_count.5388
                0x20000281        0x1 ./src/ioLibrary/Internet/DNS/dns.o
 .bss.dhcp_state
                0x20000282        0x1 ./src/ioLibrary/Internet/DHCP/dhcp.o
                0x20000282                dhcp_state
 *fill*         0x20000283        0x1 
 .bss.DHCP_allocated_sn
                0x20000284        0x4 ./src/ioLibrary/Internet/DHCP/dhcp.o
                0x20000284                DHCP_allocated_sn
 .bss.dhcp_tick_1s
                0x20000288        0x4 ./src/ioLibrary/Internet/DHCP/dhcp.o
                0x20000288                dhcp_tick_1s
 .bss.OLD_allocated_ip
                0x2000028c        0x4 ./src/ioLibrary/Internet/DHCP/dhcp.o
                0x2000028c                OLD_allocated_ip
 .bss.DHCP_allocated_gw
                0x20000290        0x4 ./src/ioLibrary/Internet/DHCP/dhcp.o
                0x20000290                DHCP_allocated_gw
 .bss.DHCP_allocated_ip
                0x20000294        0x4 ./src/ioLibrary/Internet/DHCP/dhcp.o
                0x20000294                DHCP_allocated_ip
 .bss.DHCP_allocated_dns
                0x20000298        0x4 ./src/ioLibrary/Internet/DHCP/dhcp.o
                0x20000298                DHCP_allocated_dns
 .bss.dhcp_retry_count
                0x2000029c        0x1 ./src/ioLibrary/Internet/DHCP/dhcp.o
                0x2000029c                dhcp_retry_count
 *fill*         0x2000029d        0x1 
 .bss.sock_io_mode
                0x2000029e        0x2 ./src/ioLibrary/Ethernet/socket.o
 .bss.sock_is_sending
                0x200002a0        0x2 ./src/ioLibrary/Ethernet/socket.o
 *fill*         0x200002a2        0x2 
 .bss.sock_pack_info
                0x200002a4        0x8 ./src/ioLibrary/Ethernet/socket.o
                0x200002a4                sock_pack_info
 .bss.sock_remained_size
                0x200002ac       0x10 ./src/ioLibrary/Ethernet/socket.o
 .bss._DHCP_    0x200002bc        0x1 ./src/ioLibrary/Ethernet/wizchip_conf.o
 *fill*         0x200002bd        0x3 
 .bss._DNS_     0x200002c0        0x4 ./src/ioLibrary/Ethernet/wizchip_conf.o
 .bss.ether_send_cnt
                0x200002c4        0x4 ./src/S2E/S2E.o
                0x200002c4                ether_send_cnt
 .bss.ether_recv_cnt
                0x200002c8        0x4 ./src/S2E/S2E.o
                0x200002c8                ether_recv_cnt
 .bss.uart_send_cnt
                0x200002cc        0x4 ./src/S2E/S2E.o
                0x200002cc                uart_send_cnt
 .bss.pattern_cnt
                0x200002d0        0x4 ./src/S2E/S2E.o
 .bss.prev_len.7646
                0x200002d4        0x2 ./src/S2E/S2E.o
 *fill*         0x200002d6        0x2 
 .bss.mixed_state
                0x200002d8        0x4 ./src/S2E/S2E.o
 .bss.ready_cnt
                0x200002dc        0x4 ./src/S2E/S2E.o
 .bss.uart_size_prev
                0x200002e0        0x4 ./src/S2E/S2E.o
 .bss.pattern_offset
                0x200002e4        0x4 ./src/S2E/S2E.o
 .bss.trigger_state
                0x200002e8        0x4 ./src/S2E/S2E.o
 .bss.uart_recv_cnt
                0x200002ec        0x4 ./src/S2E/S2E.o
                0x200002ec                uart_recv_cnt
 .bss.factory_flag
                0x200002f0        0x1 ./src/PlatformHandler/gpioHandler.o
                0x200002f0                factory_flag
 *fill*         0x200002f1        0x3 
 .bss.trigger_time
                0x200002f4        0x4 ./src/PlatformHandler/timerHandler.o
                0x200002f4                trigger_time
 .bss.inactive_time
                0x200002f8        0x4 ./src/PlatformHandler/timerHandler.o
                0x200002f8                inactive_time
 .bss.nagle_time
                0x200002fc        0x4 ./src/PlatformHandler/timerHandler.o
                0x200002fc                nagle_time
 .bss.sec_cnt   0x20000300        0x4 ./src/PlatformHandler/timerHandler.o
 .bss.factory_time
                0x20000304        0x4 ./src/PlatformHandler/timerHandler.o
                0x20000304                factory_time
 .bss.nagle_flag
                0x20000308        0x1 ./src/PlatformHandler/timerHandler.o
                0x20000308                nagle_flag
 *fill*         0x20000309        0x3 
 .bss.uart_recv_count
                0x2000030c        0x4 ./src/PlatformHandler/timerHandler.o
                0x2000030c                uart_recv_count
 .bss.inactive_flag
                0x20000310        0x1 ./src/PlatformHandler/timerHandler.o
                0x20000310                inactive_flag
 *fill*         0x20000311        0x3 
 .bss.reconn_time
                0x20000314        0x4 ./src/PlatformHandler/timerHandler.o
                0x20000314                reconn_time
 .bss.reconn_flag
                0x20000318        0x1 ./src/PlatformHandler/timerHandler.o
                0x20000318                reconn_flag
 *fill*         0x20000319        0x3 
 .bss.keepsend_time
                0x2000031c        0x4 ./src/PlatformHandler/timerHandler.o
                0x2000031c                keepsend_time
 .bss.keepsend_flag
                0x20000320        0x1 ./src/PlatformHandler/timerHandler.o
                0x20000320                keepsend_flag
 *fill*         0x20000321        0x3 
 .bss.mill_cnt  0x20000324        0x4 ./src/PlatformHandler/timerHandler.o
 .bss.auth_time
                0x20000328        0x4 ./src/PlatformHandler/timerHandler.o
                0x20000328                auth_time
 .bss.trigger_flag
                0x2000032c        0x1 ./src/PlatformHandler/timerHandler.o
                0x2000032c                trigger_flag
 .bss.auth_flag
                0x2000032d        0x1 ./src/PlatformHandler/timerHandler.o
                0x2000032d                auth_flag
 *fill*         0x2000032e        0x2 
 .bss.txbuff    0x20000330      0x400 ./src/PlatformHandler/uartHandler.o
 .bss.rxbuff    0x20000730      0x400 ./src/PlatformHandler/uartHandler.o
 .bss.s2e_packet
                0x20000b30       0xa2 ./src/Configuration/ConfigData.o
 *fill*         0x20000bd2        0x2 
 .bss.watch_cb  0x20000bd4        0x4 ./src/ATcmd/library/sockutil.o
 .bss.watch_sock
                0x20000bd8        0x1 ./src/ATcmd/library/sockutil.o
 .bss.previdx   0x20000bd9        0x1 ./src/ATcmd/atcmd.o
 *fill*         0x20000bda        0x2 
 .bss.termbuf   0x20000bdc       0x64 ./src/ATcmd/atcmd.o
 .bss.buflen.9026
                0x20000c40        0x1 ./src/ATcmd/atcmd.o
 *fill*         0x20000c41        0x3 
 .bss.prevbuf   0x20000c44        0x8 ./src/ATcmd/atcmd.o
 .bss.prevcnt   0x20000c4c        0x1 ./src/ATcmd/atcmd.o
 *fill*         0x20000c4d        0x1 
 .bss.prevlen   0x20000c4e        0x2 ./src/ATcmd/atcmd.o
 .bss.sockstat  0x20000c50        0x2 ./src/ATcmd/cmdrun.o
 *fill*         0x20000c52        0x2 
 .bss.sockbusy  0x20000c54        0x2 ./src/ATcmd/cmdrun.o
 *fill*         0x20000c56        0x2 
 .bss.recvflag  0x20000c58        0x2 ./src/ATcmd/cmdrun.o
 *fill*         0x20000c5a        0x2 
 .bss.udpport   0x20000c5c        0x4 ./src/ATcmd/cmdrun.o
 .bss.udpip     0x20000c60        0x8 ./src/ATcmd/cmdrun.o
 .bss.sockport  0x20000c68        0x4 ./src/ATcmd/cmdrun.o
 .bss.__malloc_sbrk_start
                0x20000c6c        0x4 c:/program files (x86)/gnu tools arm embedded/5.4 2016q3/bin/../lib/gcc/arm-none-eabi/5.4.1/../../../../arm-none-eabi/lib/armv7-m\libg_nano.a(lib_a-nano-mallocr.o)
                0x20000c6c                __malloc_sbrk_start
 .bss.__malloc_free_list
                0x20000c70        0x4 c:/program files (x86)/gnu tools arm embedded/5.4 2016q3/bin/../lib/gcc/arm-none-eabi/5.4.1/../../../../arm-none-eabi/lib/armv7-m\libg_nano.a(lib_a-nano-mallocr.o)
                0x20000c70                __malloc_free_list
 *(COMMON)
 COMMON         0x20000c74        0x4 ./system/src/newlib/_syscalls.o
                0x20000c74                errno
 COMMON         0x20000c78        0xe ./src/ioLibrary/Internet/DNS/dns.o
                0x20000c78                DNS_SOCKET
                0x20000c7c                dns_1s_tick
                0x20000c80                pDNSMSG
                0x20000c84                DNS_MSGID
 *fill*         0x20000c86        0x2 
 COMMON         0x20000c88       0x15 ./src/ioLibrary/Internet/DHCP/dhcp.o
                0x20000c88                DHCP_CHADDR
                0x20000c90                DHCP_XID
                0x20000c94                DHCP_SIP
                0x20000c98                pDHCPMSG
                0x20000c9c                DHCP_SOCKET
 *fill*         0x20000c9d        0x3 
 COMMON         0x20000ca0        0x8 ./src/PlatformHandler/timerHandler.o
                0x20000ca0                ether_send_prev
                0x20000ca4                ether_recv_prev
 COMMON         0x20000ca8       0x28 ./src/PlatformHandler/uartHandler.o
                0x20000ca8                txring
                0x20000cbc                rxring
 COMMON         0x20000cd0       0xd4 ./src/ATcmd/atcmd.o
                0x20000cd0                atci
 COMMON         0x20000da4     0x1004 ./src/main.o
                0x20000da4                op_mode
                0x20000da8                g_send_buf
                0x200015a8                g_recv_buf
 *(.bss_end .bss_end.*)
 .bss_end       0x20001da8        0x4 ./system/src/newlib/_startup.o
                0x20001dac                . = ALIGN (0x4)
                0x20001dac                __bss_end__ = .
                0x20001dac                _ebss = .

.noinit         0x20001dac        0x0
                0x20001dac                . = ALIGN (0x4)
                0x20001dac                _noinit = .
 *(.noinit .noinit.*)
                0x20001dac                . = ALIGN (0x4)
                0x20001dac                _end_noinit = .
                [!provide]                PROVIDE (end, _end_noinit)
                [!provide]                PROVIDE (_end, _end_noinit)
                [!provide]                PROVIDE (__end, _end_noinit)
                [!provide]                PROVIDE (__end__, _end_noinit)

._check_stack   0x20001dac      0x100 load address 0x080170a4
                0x20001dac                . = ALIGN (0x4)
                0x20001eac                . = (. + _Minimum_Stack_Size)
 *fill*         0x20001dac      0x100 
                0x20001eac                . = ALIGN (0x4)

.bss_CCMRAM
 *(.bss.CCMRAM .bss.CCMRAM.*)

.b1text
 *(.b1text)
 *(.b1rodata)
 *(.b1rodata.*)

.eb0text
 *(.eb0text)
 *(.eb0rodata)
 *(.eb0rodata.*)

.eb1text
 *(.eb1text)
 *(.eb1rodata)
 *(.eb1rodata.*)

.eb2text
 *(.eb2text)
 *(.eb2rodata)
 *(.eb2rodata.*)

.eb3text
 *(.eb3text)
 *(.eb3rodata)
 *(.eb3rodata.*)

.stab
 *(.stab)

.stabstr
 *(.stabstr)

.stab.excl
 *(.stab.excl)

.stab.exclstr
 *(.stab.exclstr)

.stab.index
 *(.stab.index)

.stab.indexstr
 *(.stab.indexstr)

.comment        0x00000000       0x6e
 *(.comment)