Archive member included to satisfy reference by file (symbol)

c:/program files (x86)/gnu tools arm embedded/5.4 2016q3/bin/../lib/gcc/arm-none-eabi/5.4.1/../../../../arm-none-eabi/lib/armv7-m\libg_nano.a(lib_a-errno.o)
                              ./system/src/newlib/_sbrk.o (__errno)
c:/program files (x86)/gnu tools arm embedded/5.4 2016q3/bin/../lib/gcc/arm-none-eabi/5.4.1/../../../../arm-none-eabi/lib/armv7-m\libg_nano.a(lib_a-impure.o)
                              c:/program files (x86)/gnu tools arm embedded/5.4 2016q3/bin/../lib/gcc/arm-none-eabi/5.4.1/../../../../arm-none-eabi/lib/armv7-m\libg_nano.a(lib_a-errno.o) (_impure_ptr)
c:/program files (x86)/gnu tools arm embedded/5.4 2016q3/bin/../lib/gcc/arm-none-eabi/5.4.1/../../../../arm-none-eabi/lib/armv7-m\libg_nano.a(lib_a-memcmp.o)
                              ./src/Configuration/ConfigMessage.o (memcmp)
c:/program files (x86)/gnu tools arm embedded/5.4 2016q3/bin/../lib/gcc/arm-none-eabi/5.4.1/../../../../arm-none-eabi/lib/armv7-m\libg_nano.a(lib_a-memcpy-stub.o)
                              ./src/ioLibrary/Internet/TFTP/tftp.o (memcpy)
c:/program files (x86)/gnu tools arm embedded/5.4 2016q3/bin/../lib/gcc/arm-none-eabi/5.4.1/../../../../arm-none-eabi/lib/armv7-m\libg_nano.a(lib_a-memset.o)
                              ./src/PlatformHandler/flashHandler.o (memset)
c:/program files (x86)/gnu tools arm embedded/5.4 2016q3/bin/../lib/gcc/arm-none-eabi/5.4.1/../../../../arm-none-eabi/lib/armv7-m\libg_nano.a(lib_a-printf.o)
                              ./src/ioLibrary/Application/loopback/loopback.o (printf)
c:/program files (x86)/gnu tools arm embedded/5.4 2016q3/bin/../lib/gcc/arm-none-eabi/5.4.1/../../../../arm-none-eabi/lib/armv7-m\libg_nano.a(lib_a-puts.o)
                              ./src/PlatformHandler/flashHandler.o (puts)
c:/program files (x86)/gnu tools arm embedded/5.4 2016q3/bin/../lib/gcc/arm-none-eabi/5.4.1/../../../../arm-none-eabi/lib/armv7-m\libg_nano.a(lib_a-sprintf.o)
                              ./src/ioLibrary/Internet/TFTP/netutil.o (sprintf)
c:/program files (x86)/gnu tools arm embedded/5.4 2016q3/bin/../lib/gcc/arm-none-eabi/5.4.1/../../../../arm-none-eabi/lib/armv7-m\libg_nano.a(lib_a-strcmp.o)
                              ./src/Configuration/ConfigMessage.o (strcmp)
c:/program files (x86)/gnu tools arm embedded/5.4 2016q3/bin/../lib/gcc/arm-none-eabi/5.4.1/../../../../arm-none-eabi/lib/armv7-m\libg_nano.a(lib_a-strcpy.o)
                              ./src/ioLibrary/Internet/TFTP/netutil.o (strcpy)
c:/program files (x86)/gnu tools arm embedded/5.4 2016q3/bin/../lib/gcc/arm-none-eabi/5.4.1/../../../../arm-none-eabi/lib/armv7-m\libg_nano.a(lib_a-strlen.o)
                              ./src/ioLibrary/Internet/TFTP/tftp.o (strlen)
c:/program files (x86)/gnu tools arm embedded/5.4 2016q3/bin/../lib/gcc/arm-none-eabi/5.4.1/../../../../arm-none-eabi/lib/armv7-m\libg_nano.a(lib_a-strtok.o)
                              ./src/ioLibrary/Internet/TFTP/netutil.o (strtok)
c:/program files (x86)/gnu tools arm embedded/5.4 2016q3/bin/../lib/gcc/arm-none-eabi/5.4.1/../../../../arm-none-eabi/lib/armv7-m\libg_nano.a(lib_a-strtok_r.o)
                              c:/program files (x86)/gnu tools arm embedded/5.4 2016q3/bin/../lib/gcc/arm-none-eabi/5.4.1/../../../../arm-none-eabi/lib/armv7-m\libg_nano.a(lib_a-strtok.o) (__strtok_r)
c:/program files (x86)/gnu tools arm embedded/5.4 2016q3/bin/../lib/gcc/arm-none-eabi/5.4.1/../../../../arm-none-eabi/lib/armv7-m\libg_nano.a(lib_a-strtol.o)
                              ./src/ioLibrary/Internet/TFTP/netutil.o (strtol)
c:/program files (x86)/gnu tools arm embedded/5.4 2016q3/bin/../lib/gcc/arm-none-eabi/5.4.1/../../../../arm-none-eabi/lib/armv7-m\libg_nano.a(lib_a-vsprintf.o)
                              ./src/PlatformHandler/uartHandler.o (vsprintf)
c:/program files (x86)/gnu tools arm embedded/5.4 2016q3/bin/../lib/gcc/arm-none-eabi/5.4.1/../../../../arm-none-eabi/lib/armv7-m\libg_nano.a(lib_a-wbuf.o)
                              c:/program files (x86)/gnu tools arm embedded/5.4 2016q3/bin/../lib/gcc/arm-none-eabi/5.4.1/../../../../arm-none-eabi/lib/armv7-m\libg_nano.a(lib_a-puts.o) (__swbuf_r)
c:/program files (x86)/gnu tools arm embedded/5.4 2016q3/bin/../lib/gcc/arm-none-eabi/5.4.1/../../../../arm-none-eabi/lib/armv7-m\libg_nano.a(lib_a-wsetup.o)
                              c:/program files (x86)/gnu tools arm embedded/5.4 2016q3/bin/../lib/gcc/arm-none-eabi/5.4.1/../../../../arm-none-eabi/lib/armv7-m\libg_nano.a(lib_a-puts.o) (__swsetup_r)
c:/program files (x86)/gnu tools arm embedded/5.4 2016q3/bin/../lib/gcc/arm-none-eabi/5.4.1/../../../../arm-none-eabi/lib/armv7-m\libg_nano.a(lib_a-fflush.o)
                              c:/program files (x86)/gnu tools arm embedded/5.4 2016q3/bin/../lib/gcc/arm-none-eabi/5.4.1/../../../../arm-none-eabi/lib/armv7-m\libg_nano.a(lib_a-wbuf.o) (_fflush_r)
[...]
Memory Configuration

Name             Origin             Length             Attributes
RAM              0x20000000         0x0000c000         xrw
CCMRAM           0x00000000         0x00000000         xrw
FLASH            0x08000000         0x00007000         xr
FLASHB1          0x00000000         0x00000000         xr
EXTMEMB0         0x00000000         0x00000000         xr
EXTMEMB1         0x00000000         0x00000000         xr
EXTMEMB2         0x00000000         0x00000000         xr
EXTMEMB3         0x00000000         0x00000000         xr
MEMORY_ARRAY     0x00000000         0x00000000         xrw
*default*        0x00000000         0xffffffff

Linker script and memory map

LOAD ./system/src/stm32f1-stdperiph/misc.o
LOAD ./system/src/stm32f1-stdperiph/stm32f10x_adc.o
LOAD ./system/src/stm32f1-stdperiph/stm32f10x_bkp.o
LOAD ./system/src/stm32f1-stdperiph/stm32f10x_can.o
LOAD ./system/src/stm32f1-stdperiph/stm32f10x_cec.o
LOAD ./system/src/stm32f1-stdperiph/stm32f10x_crc.o
LOAD ./system/src/stm32f1-stdperiph/stm32f10x_dac.o
LOAD ./system/src/stm32f1-stdperiph/stm32f10x_dbgmcu.o
LOAD ./system/src/stm32f1-stdperiph/stm32f10x_dma.o
LOAD ./system/src/stm32f1-stdperiph/stm32f10x_exti.o
LOAD ./system/src/stm32f1-stdperiph/stm32f10x_flash.o
LOAD ./system/src/stm32f1-stdperiph/stm32f10x_fsmc.o
LOAD ./system/src/stm32f1-stdperiph/stm32f10x_gpio.o
LOAD ./system/src/stm32f1-stdperiph/stm32f10x_i2c.o
LOAD ./system/src/stm32f1-stdperiph/stm32f10x_iwdg.o
LOAD ./system/src/stm32f1-stdperiph/stm32f10x_pwr.o
LOAD ./system/src/stm32f1-stdperiph/stm32f10x_rcc.o
LOAD ./system/src/stm32f1-stdperiph/stm32f10x_rtc.o
LOAD ./system/src/stm32f1-stdperiph/stm32f10x_sdio.o
LOAD ./system/src/stm32f1-stdperiph/stm32f10x_spi.o
LOAD ./system/src/stm32f1-stdperiph/stm32f10x_tim.o
LOAD ./system/src/stm32f1-stdperiph/stm32f10x_usart.o
LOAD ./system/src/stm32f1-stdperiph/stm32f10x_wwdg.o
LOAD ./system/src/newlib/_cxx.o
LOAD ./system/src/newlib/_exit.o
LOAD ./system/src/newlib/_sbrk.o
LOAD ./system/src/newlib/_startup.o
LOAD ./system/src/newlib/_syscalls.o
LOAD ./system/src/newlib/_write.o
LOAD ./system/src/newlib/assert.o
LOAD ./system/src/diag/Trace.o
LOAD ./system/src/diag/trace_impl.o
LOAD ./system/src/cortexm/_initialize_hardware.o
LOAD ./system/src/cortexm/_reset_hardware.o
LOAD ./system/src/cortexm/exception_handlers.o
LOAD ./system/src/cmsis/system_stm32f10x.o
LOAD ./system/src/cmsis/vectors_stm32f10x.o
LOAD ./src/ioLibrary/Internet/TFTP/netutil.o
LOAD ./src/ioLibrary/Internet/TFTP/tftp.o
LOAD ./src/ioLibrary/Ethernet/W5500/w5500.o
LOAD ./src/ioLibrary/Ethernet/socket.o
LOAD ./src/ioLibrary/Ethernet/wizchip_conf.o
LOAD ./src/ioLibrary/Application/loopback/loopback.o
LOAD ./src/PlatformHandler/eepromHandler.o
LOAD ./src/PlatformHandler/flashHandler.o
LOAD ./src/PlatformHandler/gpioHandler.o
LOAD ./src/PlatformHandler/i2cHandler.o
LOAD ./src/PlatformHandler/rccHandler.o
LOAD ./src/PlatformHandler/ring_buffer.o
LOAD ./src/PlatformHandler/spiHandler.o
LOAD ./src/PlatformHandler/storageHandler.o
LOAD ./src/PlatformHandler/timerHandler.o
LOAD ./src/PlatformHandler/uartHandler.o
LOAD ./src/Configuration/ConfigData.o
LOAD ./src/Configuration/ConfigMessage.o
LOAD ./src/main.o
LOAD c:/program files (x86)/gnu tools arm embedded/5.4 2016q3/bin/../lib/gcc/arm-none-eabi/5.4.1/../../../../arm-none-eabi/lib/armv7-m\libstdc++_nano.a
LOAD c:/program files (x86)/gnu tools arm embedded/5.4 2016q3/bin/../lib/gcc/arm-none-eabi/5.4.1/../../../../arm-none-eabi/lib/armv7-m\libm.a
START GROUP
LOAD c:/program files (x86)/gnu tools arm embedded/5.4 2016q3/bin/../lib/gcc/arm-none-eabi/5.4.1/armv7-m\libgcc.a
LOAD c:/program files (x86)/gnu tools arm embedded/5.4 2016q3/bin/../lib/gcc/arm-none-eabi/5.4.1/../../../../arm-none-eabi/lib/armv7-m\libg_nano.a
LOAD c:/program files (x86)/gnu tools arm embedded/5.4 2016q3/bin/../lib/gcc/arm-none-eabi/5.4.1/../../../../arm-none-eabi/lib/armv7-m\libc_nano.a
END GROUP
START GROUP
LOAD c:/program files (x86)/gnu tools arm embedded/5.4 2016q3/bin/../lib/gcc/arm-none-eabi/5.4.1/armv7-m\libgcc.a
LOAD c:/program files (x86)/gnu tools arm embedded/5.4 2016q3/bin/../lib/gcc/arm-none-eabi/5.4.1/../../../../arm-none-eabi/lib/armv7-m\libc_nano.a
END GROUP
                0x2000c000                __stack = (ORIGIN (RAM) + LENGTH (RAM))
                0x2000c000                _estack = __stack
                0x00000800                __Main_Stack_Size = 0x800
                [!provide]                PROVIDE (_Main_Stack_Size, __Main_Stack_Size)
                0x2000b800                __Main_Stack_Limit = (__stack - __Main_Stack_Size)
                [!provide]                PROVIDE (_Main_Stack_Limit, __Main_Stack_Limit)
                0x00000100                _Minimum_Stack_Size = 0x100
                0x2000121c                PROVIDE (_Heap_Begin, _end_noinit)
                0x2000b800                PROVIDE (_Heap_Limit, (__stack - __Main_Stack_Size))

.isr_vector     0x08000000      0x320
                0x08000000                . = ALIGN (0x4)
 *(.isr_vector)
 .isr_vector    0x08000000      0x1e4 ./system/src/cmsis/vectors_stm32f10x.o
                0x08000000                __isr_vectors
 *(.cfmconfig)
 *(.after_vectors .after_vectors.*)
 .after_vectors
                0x080001e4      0x10c ./system/src/newlib/_startup.o
                0x080001e4                _start
 .after_vectors
                0x080002f0       0x2c ./system/src/cortexm/exception_handlers.o
                0x080002f0                Reset_Handler
                0x080002f8                NMI_Handler
                0x080002fc                HardFault_Handler
                0x08000300                MemManage_Handler
                0x08000304                BusFault_Handler
                0x08000308                UsageFault_Handler
                0x0800030c                SVC_Handler
                0x08000310                DebugMon_Handler
                0x08000314                PendSV_Handler
                0x08000318                SysTick_Handler
 .after_vectors
                0x0800031c        0x4 ./system/src/cmsis/vectors_stm32f10x.o
                0x0800031c                EXTI2_IRQHandler
                0x0800031c                TIM8_TRG_COM_IRQHandler
                0x0800031c                TIM8_CC_IRQHandler
                0x0800031c                TIM1_CC_IRQHandler
                0x0800031c                TIM6_IRQHandler
                0x0800031c                PVD_IRQHandler
                0x0800031c                SDIO_IRQHandler
                0x0800031c                CAN2_RX1_IRQHandler
                0x0800031c                EXTI3_IRQHandler
                0x0800031c                TIM8_TRG_COM_TIM14_IRQHandler
                0x0800031c                TIM1_UP_TIM10_IRQHandler
                0x0800031c                TIM8_UP_TIM13_IRQHandler
                0x0800031c                EXTI0_IRQHandler
                0x0800031c                I2C2_EV_IRQHandler
                0x0800031c                CAN1_RX0_IRQHandler
                0x0800031c                TIM1_UP_TIM16_IRQHandler
                0x0800031c                CAN2_SCE_IRQHandler
                0x0800031c                ADC1_2_IRQHandler
                0x0800031c                SPI1_IRQHandler
                0x0800031c                TAMPER_IRQHandler
                0x0800031c                TIM6_DAC_IRQHandler
                0x0800031c                TIM1_BRK_TIM9_IRQHandler
                0x0800031c                CAN2_RX0_IRQHandler
                0x0800031c                TIM8_UP_IRQHandler
                0x0800031c                DMA2_Channel2_IRQHandler
                0x0800031c                DMA1_Channel4_IRQHandler
                0x0800031c                USART3_IRQHandler
                0x0800031c                RTC_IRQHandler
                0x0800031c                DMA1_Channel7_IRQHandler
                0x0800031c                CAN1_RX1_IRQHandler
                0x0800031c                UART5_IRQHandler
                0x0800031c                ADC3_IRQHandler
                0x0800031c                TIM4_IRQHandler
                0x0800031c                DMA2_Channel1_IRQHandler
                0x0800031c                I2C1_EV_IRQHandler
                0x0800031c                DMA1_Channel6_IRQHandler
                0x0800031c                UART4_IRQHandler
                0x0800031c                DMA2_Channel4_IRQHandler
                0x0800031c                TIM3_IRQHandler
                0x0800031c                RCC_IRQHandler
                0x0800031c                TIM8_BRK_TIM12_IRQHandler
                0x0800031c                TIM1_TRG_COM_IRQHandler
                0x0800031c                DMA1_Channel1_IRQHandler
                0x0800031c                Default_Handler
                0x0800031c                CEC_IRQHandler
                0x0800031c                EXTI15_10_IRQHandler
                0x0800031c                TIM14_IRQHandler
                0x0800031c                TIM13_IRQHandler
                0x0800031c                TIM12_IRQHandler
                0x0800031c                TIM7_IRQHandler
                0x0800031c                CAN2_TX_IRQHandler
                0x0800031c                TIM5_IRQHandler
                0x0800031c                EXTI9_5_IRQHandler
                0x0800031c                ETH_WKUP_IRQHandler
                0x0800031c                SPI2_IRQHandler
                0x0800031c                CAN1_TX_IRQHandler
                0x0800031c                DMA2_Channel5_IRQHandler
                0x0800031c                DMA1_Channel5_IRQHandler
                0x0800031c                EXTI4_IRQHandler
                0x0800031c                USB_LP_CAN1_RX0_IRQHandler
                0x0800031c                TIM1_TRG_COM_TIM17_IRQHandler
                0x0800031c                USB_HP_CAN1_TX_IRQHandler
                0x0800031c                DMA1_Channel3_IRQHandler
                0x0800031c                FSMC_IRQHandler
                0x0800031c                ETH_IRQHandler
                0x0800031c                TIM1_UP_IRQHandler
                0x0800031c                WWDG_IRQHandler
                0x0800031c                OTG_FS_WKUP_IRQHandler
                0x0800031c                TIM1_TRG_COM_TIM11_IRQHandler
                0x0800031c                TIM1_BRK_IRQHandler
                0x0800031c                EXTI1_IRQHandler
                0x0800031c                RTCAlarm_IRQHandler
                0x0800031c                DMA2_Channel4_5_IRQHandler
                0x0800031c                I2C2_ER_IRQHandler
                0x0800031c                DMA1_Channel2_IRQHandler
                0x0800031c                TIM8_BRK_IRQHandler
                0x0800031c                CAN1_SCE_IRQHandler
                0x0800031c                FLASH_IRQHandler
                0x0800031c                OTG_FS_IRQHandler
                0x0800031c                SPI3_IRQHandler
                0x0800031c                I2C1_ER_IRQHandler
                0x0800031c                USBWakeUp_IRQHandler
                0x0800031c                DMA2_Channel3_IRQHandler
                0x0800031c                TIM1_BRK_TIM15_IRQHandler
                0x08000320                . = ALIGN (0x4)

.inits          0x08000320        0x0
                0x08000320                . = ALIGN (0x4)
 *(.init)
 *(.fini)
                0x08000320                . = ALIGN (0x4)
                0x08000320                PROVIDE (__preinit_array_start, .)
 *(.preinit_array_sysinit .preinit_array_sysinit.*)
 *(.preinit_array_platform .preinit_array_platform.*)
 *(.preinit_array .preinit_array.*)
                0x08000320                PROVIDE (__preinit_array_end, .)
                0x08000320                . = ALIGN (0x4)
                0x08000320                PROVIDE (__init_array_start, .)
 *(SORT(.init_array.*))
 *(.init_array)
                0x08000320                PROVIDE (__init_array_end, .)
                0x08000320                . = ALIGN (0x4)
                0x08000320                PROVIDE (__fini_array_start, .)
 *(SORT(.fini_array.*))
 *(.fini_array)
                0x08000320                PROVIDE (__fini_array_end, .)
                0x08000320                . = ALIGN (0x4)

.flashtext      0x08000320        0x0
                0x08000320                . = ALIGN (0x4)
 *(.flashtext .flashtext.*)
                0x08000320                . = ALIGN (0x4)

.text           0x08000320     0x5c6b
                0x08000320                . = ALIGN (0x4)
 *(.text .text.*)
 .text.NVIC_Init
                0x08000320       0x98 ./system/src/stm32f1-stdperiph/misc.o
                0x08000320                NVIC_Init
 .text.SysTick_CLKSourceConfig
                0x080003b8       0x3c ./system/src/stm32f1-stdperiph/misc.o
                0x080003b8                SysTick_CLKSourceConfig
 .text.FLASH_SetLatency
                0x080003f4       0x28 ./system/src/stm32f1-stdperiph/stm32f10x_flash.o
                0x080003f4                FLASH_SetLatency
 .text.FLASH_PrefetchBufferCmd
                0x0800041c       0x30 ./system/src/stm32f1-stdperiph/stm32f10x_flash.o
                0x0800041c                FLASH_PrefetchBufferCmd
 .text.FLASH_Unlock
                0x0800044c       0x18 ./system/src/stm32f1-stdperiph/stm32f10x_flash.o
                0x0800044c                FLASH_Unlock
 .text.FLASH_Lock
                0x08000464       0x10 ./system/src/stm32f1-stdperiph/stm32f10x_flash.o
                0x08000464                FLASH_Lock
 .text.FLASH_ClearFlag
                0x08000474       0x24 ./system/src/stm32f1-stdperiph/stm32f10x_flash.o
                0x08000474                FLASH_ClearFlag
 .text.FLASH_GetBank1Status
                0x08000498       0x34 ./system/src/stm32f1-stdperiph/stm32f10x_flash.o
                0x08000498                FLASH_GetBank1Status
 .text.FLASH_WaitForLastOperation
                0x080004cc       0x20 ./system/src/stm32f1-stdperiph/stm32f10x_flash.o
                0x080004cc                FLASH_WaitForLastOperation
 .text.FLASH_ErasePage
                0x080004ec       0x5c ./system/src/stm32f1-stdperiph/stm32f10x_flash.o
                0x080004ec                FLASH_ErasePage
 .text.FLASH_ProgramWord
                0x08000548       0x88 ./system/src/stm32f1-stdperiph/stm32f10x_flash.o
                0x08000548                FLASH_ProgramWord
 .text.GPIO_Init
                0x080005d0      0x128 ./system/src/stm32f1-stdperiph/stm32f10x_gpio.o
                0x080005d0                GPIO_Init
 .text.GPIO_ReadInputDataBit
                0x080006f8       0xb8 ./system/src/stm32f1-stdperiph/stm32f10x_gpio.o
                0x080006f8                GPIO_ReadInputDataBit
 .text.GPIO_SetBits
                0x080007b0       0x60 ./system/src/stm32f1-stdperiph/stm32f10x_gpio.o
                0x080007b0                GPIO_SetBits
 .text.GPIO_ResetBits
                0x08000810       0x60 ./system/src/stm32f1-stdperiph/stm32f10x_gpio.o
                0x08000810                GPIO_ResetBits
 .text.I2C_Init
                0x08000870      0x174 ./system/src/stm32f1-stdperiph/stm32f10x_i2c.o
                0x08000870                I2C_Init
 .text.I2C_Cmd  0x080009e4       0x50 ./system/src/stm32f1-stdperiph/stm32f10x_i2c.o
                0x080009e4                I2C_Cmd
 .text.I2C_GenerateSTART
                0x08000a34       0x50 ./system/src/stm32f1-stdperiph/stm32f10x_i2c.o
                0x08000a34                I2C_GenerateSTART
 .text.I2C_GenerateSTOP
                0x08000a84       0x50 ./system/src/stm32f1-stdperiph/stm32f10x_i2c.o
                0x08000a84                I2C_GenerateSTOP
 .text.I2C_AcknowledgeConfig
                0x08000ad4       0x50 ./system/src/stm32f1-stdperiph/stm32f10x_i2c.o
                0x08000ad4                I2C_AcknowledgeConfig
 .text.I2C_SendData
                0x08000b24       0x2c ./system/src/stm32f1-stdperiph/stm32f10x_i2c.o
                0x08000b24                I2C_SendData
 .text.I2C_ReceiveData
                0x08000b50       0x2c ./system/src/stm32f1-stdperiph/stm32f10x_i2c.o
                0x08000b50                I2C_ReceiveData
 .text.I2C_Send7bitAddress
                0x08000b7c       0x48 ./system/src/stm32f1-stdperiph/stm32f10x_i2c.o
                0x08000b7c                I2C_Send7bitAddress
 .text.I2C_CheckEvent
                0x08000bc4       0xf0 ./system/src/stm32f1-stdperiph/stm32f10x_i2c.o
                0x08000bc4                I2C_CheckEvent
 .text.I2C_GetFlagStatus
                0x08000cb4       0xf4 ./system/src/stm32f1-stdperiph/stm32f10x_i2c.o
                0x08000cb4                I2C_GetFlagStatus
 .text.RCC_DeInit
                0x08000da8       0x40 ./system/src/stm32f1-stdperiph/stm32f10x_rcc.o
                0x08000da8                RCC_DeInit
 .text.RCC_HSEConfig
                0x08000de8       0x5c ./system/src/stm32f1-stdperiph/stm32f10x_rcc.o
                0x08000de8                RCC_HSEConfig
 .text.RCC_PLLConfig
                0x08000e44       0x98 ./system/src/stm32f1-stdperiph/stm32f10x_rcc.o
                0x08000e44                RCC_PLLConfig
 .text.RCC_PLLCmd
                0x08000edc       0x20 ./system/src/stm32f1-stdperiph/stm32f10x_rcc.o
                0x08000edc                RCC_PLLCmd
 .text.RCC_SYSCLKConfig
                0x08000efc       0x28 ./system/src/stm32f1-stdperiph/stm32f10x_rcc.o
                0x08000efc                RCC_SYSCLKConfig
 .text.RCC_GetSYSCLKSource
                0x08000f24       0x10 ./system/src/stm32f1-stdperiph/stm32f10x_rcc.o
                0x08000f24                RCC_GetSYSCLKSource
 .text.RCC_HCLKConfig
                0x08000f34       0x48 ./system/src/stm32f1-stdperiph/stm32f10x_rcc.o
                0x08000f34                RCC_HCLKConfig
 .text.RCC_PCLK1Config
                0x08000f7c       0x40 ./system/src/stm32f1-stdperiph/stm32f10x_rcc.o
                0x08000f7c                RCC_PCLK1Config
 .text.RCC_PCLK2Config
                0x08000fbc       0x40 ./system/src/stm32f1-stdperiph/stm32f10x_rcc.o
                0x08000fbc                RCC_PCLK2Config
 .text.RCC_GetClocksFreq
                0x08000ffc       0xc4 ./system/src/stm32f1-stdperiph/stm32f10x_rcc.o
                0x08000ffc                RCC_GetClocksFreq
 .text.RCC_APB2PeriphClockCmd
                0x080010c0       0x4c ./system/src/stm32f1-stdperiph/stm32f10x_rcc.o
                0x080010c0                RCC_APB2PeriphClockCmd
 .text.RCC_APB1PeriphClockCmd
                0x0800110c       0x4c ./system/src/stm32f1-stdperiph/stm32f10x_rcc.o
                0x0800110c                RCC_APB1PeriphClockCmd
 .text.RCC_GetFlagStatus
                0x08001158       0x74 ./system/src/stm32f1-stdperiph/stm32f10x_rcc.o
                0x08001158                RCC_GetFlagStatus
 .text.RCC_WaitForHSEStartUp
                0x080011cc       0x34 ./system/src/stm32f1-stdperiph/stm32f10x_rcc.o
                0x080011cc                RCC_WaitForHSEStartUp
 .text.SPI_Init
                0x08001200      0x12c ./system/src/stm32f1-stdperiph/stm32f10x_spi.o
                0x08001200                SPI_Init
 .text.SPI_Cmd  0x0800132c       0x58 ./system/src/stm32f1-stdperiph/stm32f10x_spi.o
                0x0800132c                SPI_Cmd
 .text.SPI_I2S_SendData
                0x08001384       0x34 ./system/src/stm32f1-stdperiph/stm32f10x_spi.o
                0x08001384                SPI_I2S_SendData
 .text.SPI_I2S_ReceiveData
                0x080013b8       0x34 ./system/src/stm32f1-stdperiph/stm32f10x_spi.o
                0x080013b8                SPI_I2S_ReceiveData
 .text.SPI_I2S_GetFlagStatus
                0x080013ec       0x68 ./system/src/stm32f1-stdperiph/stm32f10x_spi.o
                0x080013ec                SPI_I2S_GetFlagStatus
 .text.TIM_TimeBaseInit
                0x08001454      0x15c ./system/src/stm32f1-stdperiph/stm32f10x_tim.o
                0x08001454                TIM_TimeBaseInit
 .text.TIM_Cmd  0x080015b0       0xc8 ./system/src/stm32f1-stdperiph/stm32f10x_tim.o
                0x080015b0                TIM_Cmd
 .text.TIM_ITConfig
                0x08001678       0xd8 ./system/src/stm32f1-stdperiph/stm32f10x_tim.o
                0x08001678                TIM_ITConfig
 .text.TIM_PrescalerConfig
                0x08001750       0xb4 ./system/src/stm32f1-stdperiph/stm32f10x_tim.o
                0x08001750                TIM_PrescalerConfig
 .text.TIM_GetITStatus
                0x08001804       0xe0 ./system/src/stm32f1-stdperiph/stm32f10x_tim.o
                0x08001804                TIM_GetITStatus
 .text.TIM_ClearITPendingBit
                0x080018e4       0xb8 ./system/src/stm32f1-stdperiph/stm32f10x_tim.o
                0x080018e4                TIM_ClearITPendingBit
 .text.USART_Init
                0x0800199c      0x1ac ./system/src/stm32f1-stdperiph/stm32f10x_usart.o
                0x0800199c                USART_Init
 .text.USART_ClockInit
                0x08001b48       0x9c ./system/src/stm32f1-stdperiph/stm32f10x_usart.o
                0x08001b48                USART_ClockInit
 .text.USART_Cmd
                0x08001be4       0x68 ./system/src/stm32f1-stdperiph/stm32f10x_usart.o
                0x08001be4                USART_Cmd
 .text.USART_ITConfig
                0x08001c4c       0xec ./system/src/stm32f1-stdperiph/stm32f10x_usart.o
                0x08001c4c                USART_ITConfig
 .text.USART_SendData
                0x08001d38       0x58 ./system/src/stm32f1-stdperiph/stm32f10x_usart.o
                0x08001d38                USART_SendData
 .text.USART_ReceiveData
                0x08001d90       0x44 ./system/src/stm32f1-stdperiph/stm32f10x_usart.o
                0x08001d90                USART_ReceiveData
 .text.USART_GetFlagStatus
                0x08001dd4       0xa8 ./system/src/stm32f1-stdperiph/stm32f10x_usart.o
                0x08001dd4                USART_GetFlagStatus
 .text.USART_GetITStatus
                0x08001e7c      0x100 ./system/src/stm32f1-stdperiph/stm32f10x_usart.o
                0x08001e7c                USART_GetITStatus
 .text._exit    0x08001f7c        0x4 ./system/src/newlib/_exit.o
                0x08001f7c                _exit
 .text.abort    0x08001f80        0x8 ./system/src/newlib/_exit.o
                0x08001f80                abort
 .text._sbrk    0x08001f88       0x44 ./system/src/newlib/_sbrk.o
                0x08001f88                _sbrk
 .text.__initialize_args
                0x08001fcc       0x10 ./system/src/newlib/_syscalls.o
                0x08001fcc                __initialize_args
 .text._close   0x08001fdc       0x10 ./system/src/newlib/_syscalls.o
                0x08001fdc                _close
 .text._fstat   0x08001fec       0x10 ./system/src/newlib/_syscalls.o
                0x08001fec                _fstat
 .text._isatty  0x08001ffc       0x10 ./system/src/newlib/_syscalls.o
                0x08001ffc                _isatty
 .text._lseek   0x0800200c       0x10 ./system/src/newlib/_syscalls.o
                0x0800200c                _lseek
 .text._read    0x0800201c       0x10 ./system/src/newlib/_syscalls.o
                0x0800201c                _read
 .text.assert_failed
                0x0800202c        0x8 ./system/src/newlib/assert.o
                0x0800202c                assert_failed
 .text.__initialize_hardware
                0x08002034        0x8 ./system/src/cortexm/_initialize_hardware.o
                0x08002034                __initialize_hardware
 .text.SetSysClockTo72
                0x0800203c       0xc4 ./system/src/cmsis/system_stm32f10x.o
 .text.SetSysClock
                0x08002100        0x8 ./system/src/cmsis/system_stm32f10x.o
 .text.SystemInit
                0x08002108       0x50 ./system/src/cmsis/system_stm32f10x.o
                0x08002108                SystemInit
 .text.swaps    0x08002158        0xc ./src/ioLibrary/Internet/TFTP/netutil.o
                0x08002158                swaps
 .text.swapl    0x08002164       0x1c ./src/ioLibrary/Internet/TFTP/netutil.o
                0x08002164                swapl
 .text.htons    0x08002180        0x8 ./src/ioLibrary/Internet/TFTP/netutil.o
                0x08002180                htons
 .text.htonl    0x08002188        0x8 ./src/ioLibrary/Internet/TFTP/netutil.o
                0x08002188                htonl
 .text.ntohs    0x08002190        0x8 ./src/ioLibrary/Internet/TFTP/netutil.o
                0x08002190                ntohs
 .text.ntohl    0x08002198        0x8 ./src/ioLibrary/Internet/TFTP/netutil.o
                0x08002198                ntohl
 .text.init_tftp
                0x080021a0       0x4c ./src/ioLibrary/Internet/TFTP/tftp.o
 .text.tftp_cancel_timeout
                0x080021ec       0x24 ./src/ioLibrary/Internet/TFTP/tftp.o
 .text.tftp_reg_timeout
                0x08002210       0x24 ./src/ioLibrary/Internet/TFTP/tftp.o
 .text.open_tftp_socket
                0x08002234       0x38 ./src/ioLibrary/Internet/TFTP/tftp.o
 .text.send_udp_packet
                0x0800226c       0x34 ./src/ioLibrary/Internet/TFTP/tftp.o
 .text.send_tftp_ack
                0x080022a0       0x44 ./src/ioLibrary/Internet/TFTP/tftp.o
 .text.recv_tftp_oack
                0x080022e4       0x34 ./src/ioLibrary/Internet/TFTP/tftp.o
 .text.set_filename
                0x08002318       0x14 ./src/ioLibrary/Internet/TFTP/tftp.o
 .text.send_tftp_rrq
                0x0800232c       0xbc ./src/ioLibrary/Internet/TFTP/tftp.o
 .text.recv_udp_packet
                0x080023e8       0x74 ./src/ioLibrary/Internet/TFTP/tftp.o
 .text.recv_tftp_error
                0x0800245c       0x24 ./src/ioLibrary/Internet/TFTP/tftp.o
 .text.recv_tftp_data
                0x08002480       0x8c ./src/ioLibrary/Internet/TFTP/tftp.o
 .text.recv_tftp_packet
                0x0800250c       0x60 ./src/ioLibrary/Internet/TFTP/tftp.o
 .text.TFTP_init
                0x0800256c       0x24 ./src/ioLibrary/Internet/TFTP/tftp.o
                0x0800256c                TFTP_init
 .text.TFTP_run
                0x08002590       0xb4 ./src/ioLibrary/Internet/TFTP/tftp.o
                0x08002590                TFTP_run
 .text.TFTP_read_request
                0x08002644       0x2c ./src/ioLibrary/Internet/TFTP/tftp.o
                0x08002644                TFTP_read_request
 .text.tftp_timeout_handler
                0x08002670       0x18 ./src/ioLibrary/Internet/TFTP/tftp.o
                0x08002670                tftp_timeout_handler
 .text.WIZCHIP_READ
                0x08002688       0x64 ./src/ioLibrary/Ethernet/W5500/w5500.o
                0x08002688                WIZCHIP_READ
 .text.WIZCHIP_WRITE
                0x080026ec       0x68 ./src/ioLibrary/Ethernet/W5500/w5500.o
                0x080026ec                WIZCHIP_WRITE
 .text.WIZCHIP_READ_BUF
                0x08002754       0x7c ./src/ioLibrary/Ethernet/W5500/w5500.o
                0x08002754                WIZCHIP_READ_BUF
 .text.WIZCHIP_WRITE_BUF
                0x080027d0       0x7c ./src/ioLibrary/Ethernet/W5500/w5500.o
                0x080027d0                WIZCHIP_WRITE_BUF
 .text.getSn_TX_FSR
                0x0800284c       0x54 ./src/ioLibrary/Ethernet/W5500/w5500.o
                0x0800284c                getSn_TX_FSR
 .text.getSn_RX_RSR
                0x080028a0       0x54 ./src/ioLibrary/Ethernet/W5500/w5500.o
                0x080028a0                getSn_RX_RSR
 .text.wiz_send_data
                0x080028f4       0x5c ./src/ioLibrary/Ethernet/W5500/w5500.o
                0x080028f4                wiz_send_data
 .text.wiz_recv_data
                0x08002950       0x5c ./src/ioLibrary/Ethernet/W5500/w5500.o
                0x08002950                wiz_recv_data
 .text.wiz_recv_ignore
                0x080029ac       0x3c ./src/ioLibrary/Ethernet/W5500/w5500.o
                0x080029ac                wiz_recv_ignore
 .text.close    0x080029e8       0x78 ./src/ioLibrary/Ethernet/socket.o
                0x080029e8                close
 .text.socket   0x08002a60      0x150 ./src/ioLibrary/Ethernet/socket.o
                0x08002a60                socket
 .text.sendto   0x08002bb0      0x154 ./src/ioLibrary/Ethernet/socket.o
                0x08002bb0                sendto
 .text.recvfrom
                0x08002d04      0x1f0 ./src/ioLibrary/Ethernet/socket.o
                0x08002d04                recvfrom
 .text.getsockopt
                0x08002ef4      0x160 ./src/ioLibrary/Ethernet/socket.o
                0x08002ef4                getsockopt
 .text.wizchip_cris_enter
                0x08003054        0x4 ./src/ioLibrary/Ethernet/wizchip_conf.o
                0x08003054                wizchip_cris_enter
 .text.wizchip_cris_exit
                0x08003058        0x4 ./src/ioLibrary/Ethernet/wizchip_conf.o
                0x08003058                wizchip_cris_exit
 .text.wizchip_cs_select
                0x0800305c        0x4 ./src/ioLibrary/Ethernet/wizchip_conf.o
                0x0800305c                wizchip_cs_select
 .text.wizchip_cs_deselect
                0x08003060        0x4 ./src/ioLibrary/Ethernet/wizchip_conf.o
                0x08003060                wizchip_cs_deselect
 .text.wizchip_bus_readdata
                0x08003064        0x4 ./src/ioLibrary/Ethernet/wizchip_conf.o
                0x08003064                wizchip_bus_readdata
 .text.wizchip_bus_writedata
                0x08003068        0x4 ./src/ioLibrary/Ethernet/wizchip_conf.o
                0x08003068                wizchip_bus_writedata
 .text.wizchip_spi_readbyte
                0x0800306c        0x4 ./src/ioLibrary/Ethernet/wizchip_conf.o
                0x0800306c                wizchip_spi_readbyte
 .text.wizchip_spi_writebyte
                0x08003070        0x4 ./src/ioLibrary/Ethernet/wizchip_conf.o
                0x08003070                wizchip_spi_writebyte
 .text.reg_wizchip_cs_cbfunc
                0x08003074       0x24 ./src/ioLibrary/Ethernet/wizchip_conf.o
                0x08003074                reg_wizchip_cs_cbfunc
 .text.reg_wizchip_spi_cbfunc
                0x08003098       0x34 ./src/ioLibrary/Ethernet/wizchip_conf.o
                0x08003098                reg_wizchip_spi_cbfunc
 .text.wizchip_setnetinfo
                0x080030cc       0x5c ./src/ioLibrary/Ethernet/wizchip_conf.o
                0x080030cc                wizchip_setnetinfo
 .text.wizchip_getnetinfo
                0x08003128       0x5c ./src/ioLibrary/Ethernet/wizchip_conf.o
                0x08003128                wizchip_getnetinfo
 .text.wizchip_setnetmode
                0x08003184       0x24 ./src/ioLibrary/Ethernet/wizchip_conf.o
                0x08003184                wizchip_setnetmode
 .text.wizchip_getnetmode
                0x080031a8        0xc ./src/ioLibrary/Ethernet/wizchip_conf.o
                0x080031a8                wizchip_getnetmode
 .text.wizchip_settimeout
                0x080031b4       0x28 ./src/ioLibrary/Ethernet/wizchip_conf.o
                0x080031b4                wizchip_settimeout
 .text.wizchip_gettimeout
                0x080031dc       0x28 ./src/ioLibrary/Ethernet/wizchip_conf.o
                0x080031dc                wizchip_gettimeout
 .text.ctlnetwork
                0x08003204       0x54 ./src/ioLibrary/Ethernet/wizchip_conf.o
                0x08003204                ctlnetwork
 .text.erase_flash_page
                0x08003258       0x2c ./src/PlatformHandler/flashHandler.o
                0x08003258                erase_flash_page
 .text.write_flash
                0x08003284       0x58 ./src/PlatformHandler/flashHandler.o
                0x08003284                write_flash
 .text.save_data
                0x080032dc       0x78 ./src/PlatformHandler/flashHandler.o
                0x080032dc                save_data
 .text.LED_Init
                0x08003354       0x44 ./src/PlatformHandler/gpioHandler.o
                0x08003354                LED_Init
 .text.LED_On   0x08003398       0x1c ./src/PlatformHandler/gpioHandler.o
                0x08003398                LED_On
 .text.LED_Off  0x080033b4       0x1c ./src/PlatformHandler/gpioHandler.o
                0x080033b4                LED_Off
 .text.LED_Toggle
                0x080033d0       0x1c ./src/PlatformHandler/gpioHandler.o
                0x080033d0                LED_Toggle
 .text.BOOT_Pin_Init
                0x080033ec       0x2c ./src/PlatformHandler/gpioHandler.o
                0x080033ec                BOOT_Pin_Init
 .text.get_bootpin_Status
                0x08003418       0x14 ./src/PlatformHandler/gpioHandler.o
                0x08003418                get_bootpin_Status
 .text.GPIO_Configuration
                0x0800342c       0x48 ./src/PlatformHandler/gpioHandler.o
                0x0800342c                GPIO_Configuration
 .text.I2C1Initialize
                0x08003474       0x74 ./src/PlatformHandler/i2cHandler.o
                0x08003474                I2C1Initialize
 .text.EEP_Read
                0x080034e8       0xd0 ./src/PlatformHandler/i2cHandler.o
                0x080034e8                EEP_Read
 .text.EEP_Write
                0x080035b8       0x98 ./src/PlatformHandler/i2cHandler.o
                0x080035b8                EEP_Write
 .text.RCC_Configuration
                0x08003650       0x80 ./src/PlatformHandler/rccHandler.o
                0x08003650                RCC_Configuration
 .text.RingBuffer_Init
                0x080036d0       0x10 ./src/PlatformHandler/ring_buffer.o
                0x080036d0                RingBuffer_Init
 .text.RingBuffer_Insert
                0x080036e0       0x34 ./src/PlatformHandler/ring_buffer.o
                0x080036e0                RingBuffer_Insert
 .text.RingBuffer_InsertMult
                0x08003714       0x8c ./src/PlatformHandler/ring_buffer.o
                0x08003714                RingBuffer_InsertMult
 .text.RingBuffer_Pop
                0x080037a0       0x34 ./src/PlatformHandler/ring_buffer.o
                0x080037a0                RingBuffer_Pop
 .text.RingBuffer_PopMult
                0x080037d4       0x84 ./src/PlatformHandler/ring_buffer.o
                0x080037d4                RingBuffer_PopMult
 .text.wizchip_select
                0x08003858       0x10 ./src/PlatformHandler/spiHandler.o
                0x08003858                wizchip_select
 .text.wizchip_deselect
                0x08003868       0x10 ./src/PlatformHandler/spiHandler.o
                0x08003868                wizchip_deselect
 .text.wizchip_rw
                0x08003878       0x54 ./src/PlatformHandler/spiHandler.o
                0x08003878                wizchip_rw
 .text.wizchip_write
                0x080038cc        0x8 ./src/PlatformHandler/spiHandler.o
                0x080038cc                wizchip_write
 .text.wizchip_read
                0x080038d4        0xc ./src/PlatformHandler/spiHandler.o
                0x080038d4                wizchip_read
 .text.W5500_SPI_Init
                0x080038e0       0x84 ./src/PlatformHandler/spiHandler.o
                0x080038e0                W5500_SPI_Init
 .text.W5500_Init
                0x08003964       0x58 ./src/PlatformHandler/spiHandler.o
                0x08003964                W5500_Init
 .text.read_storage
                0x080039bc       0x48 ./src/PlatformHandler/storageHandler.o
                0x080039bc                read_storage
 .text.write_storage
                0x08003a04       0x98 ./src/PlatformHandler/storageHandler.o
                0x08003a04                write_storage
 .text.TIM2_IRQHandler
                0x08003a9c       0x6c ./src/PlatformHandler/timerHandler.o
                0x08003a9c                TIM2_IRQHandler
 .text.Timer_Configuration
                0x08003b08       0x64 ./src/PlatformHandler/timerHandler.o
                0x08003b08                Timer_Configuration
 .text.delay_us
                0x08003b6c       0x60 ./src/PlatformHandler/timerHandler.o
                0x08003b6c                delay_us
 .text.delay_ms
                0x08003bcc       0x10 ./src/PlatformHandler/timerHandler.o
                0x08003bcc                delay_ms
 .text.__io_putchar
                0x08003bdc       0x20 ./src/PlatformHandler/uartHandler.o
                0x08003bdc                __io_putchar
 .text._write   0x08003bfc       0x3c ./src/PlatformHandler/uartHandler.o
                0x08003bfc                _write
 .text.Chip_UART_SendRB
                0x08003c38       0x30 ./src/PlatformHandler/uartHandler.o
                0x08003c38                Chip_UART_SendRB
 .text.Chip_UART_ReadRB_BLK
                0x08003c68       0x3c ./src/PlatformHandler/uartHandler.o
                0x08003c68                Chip_UART_ReadRB_BLK
 .text.Chip_UART_IRQRBHandler
                0x08003ca4       0x68 ./src/PlatformHandler/uartHandler.o
                0x08003ca4                Chip_UART_IRQRBHandler
 .text.USART1_IRQHandler
                0x08003d0c       0x1c ./src/PlatformHandler/uartHandler.o
                0x08003d0c                USART1_IRQHandler
 .text.USART1_Configuration
                0x08003d28       0xdc ./src/PlatformHandler/uartHandler.o
                0x08003d28                USART1_Configuration
 .text.USART2_IRQHandler
                0x08003e04        0x4 ./src/PlatformHandler/uartHandler.o
                0x08003e04                USART2_IRQHandler
 .text.UART_write
                0x08003e08       0x18 ./src/PlatformHandler/uartHandler.o
                0x08003e08                UART_write
 .text.UART_read_blk
                0x08003e20       0x18 ./src/PlatformHandler/uartHandler.o
                0x08003e20                UART_read_blk
 .text.myprintf
                0x08003e38       0x2c ./src/PlatformHandler/uartHandler.o
                0x08003e38                myprintf
 .text.get_S2E_Packet_pointer
                0x08003e64        0x8 ./src/Configuration/ConfigData.o
                0x08003e64                get_S2E_Packet_pointer
 .text.set_S2E_Packet_to_factory_value
                0x08003e6c      0x16c ./src/Configuration/ConfigData.o
                0x08003e6c                set_S2E_Packet_to_factory_value
 .text.load_S2E_Packet_from_storage
                0x08003fd8       0x40 ./src/Configuration/ConfigData.o
                0x08003fd8                load_S2E_Packet_from_storage
 .text.save_S2E_Packet_to_storage
                0x08004018       0x14 ./src/Configuration/ConfigData.o
                0x08004018                save_S2E_Packet_to_storage
 .text.get_S2E_Packet_value
                0x0800402c        0x8 ./src/Configuration/ConfigData.o
                0x0800402c                get_S2E_Packet_value
 .text.set_S2E_Packet_value
                0x08004034        0x8 ./src/Configuration/ConfigData.o
                0x08004034                set_S2E_Packet_value
 .text.Net_Conf
                0x0800403c       0x70 ./src/Configuration/ConfigData.o
                0x0800403c                Net_Conf
 .text.atonum   0x080040ac       0x1c ./src/Configuration/ConfigData.o
                0x080040ac                atonum
 .text.get_hex  0x080040c8       0x1c ./src/Configuration/ConfigData.o
                0x080040c8                get_hex
 .text.check_mac_address
                0x080040e4       0x9c ./src/Configuration/ConfigData.o
                0x080040e4                check_mac_address
 .text.NVIC_SystemReset
                0x08004180       0x20 ./src/Configuration/ConfigMessage.o
 .text.encrypt  0x080041a0       0x18 ./src/Configuration/ConfigMessage.o
 .text.decrypt  0x080041b8       0x18 ./src/Configuration/ConfigMessage.o
 .text.process_get_info
                0x080041d0       0xd4 ./src/Configuration/ConfigMessage.o
 .text.process_discovery
                0x080042a4      0x228 ./src/Configuration/ConfigMessage.o
 .text.process_remote_reset
                0x080044cc       0xdc ./src/Configuration/ConfigMessage.o
 .text.process_set_info
                0x080045a8      0x114 ./src/Configuration/ConfigMessage.o
 .text.process_firmware_upload_init
                0x080046bc      0x1b0 ./src/Configuration/ConfigMessage.o
 .text.process_factory_reset
                0x0800486c       0xe4 ./src/Configuration/ConfigMessage.o
 .text.reply_firmware_upload_done
                0x08004950       0xbc ./src/Configuration/ConfigMessage.o
                0x08004950                reply_firmware_upload_done
 .text.do_udp_config
                0x08004a0c       0xd0 ./src/Configuration/ConfigMessage.o
                0x08004a0c                do_udp_config
 .text.application_jump
                0x08004adc       0x18 ./src/main.o
                0x08004adc                application_jump
 .text.application_update
                0x08004af4       0x78 ./src/main.o
                0x08004af4                application_update
 .text.main     0x08004b6c       0x98 ./src/main.o
                0x08004b6c                main
 .text.__errno  0x08004c04        0xc c:/program files (x86)/gnu tools arm embedded/5.4 2016q3/bin/../lib/gcc/arm-none-eabi/5.4.1/../../../../arm-none-eabi/lib/armv7-m\libg_nano.a(lib_a-errno.o)
                0x08004c04                __errno
 .text.memcmp   0x08004c10       0x1e c:/program files (x86)/gnu tools arm embedded/5.4 2016q3/bin/../lib/gcc/arm-none-eabi/5.4.1/../../../../arm-none-eabi/lib/armv7-m\libg_nano.a(lib_a-memcmp.o)
                0x08004c10                memcmp
 .text.memcpy   0x08004c2e       0x16 c:/program files (x86)/gnu tools arm embedded/5.4 2016q3/bin/../lib/gcc/arm-none-eabi/5.4.1/../../../../arm-none-eabi/lib/armv7-m\libg_nano.a(lib_a-memcpy-stub.o)
                0x08004c2e                memcpy
 .text.memset   0x08004c44       0x10 c:/program files (x86)/gnu tools arm embedded/5.4 2016q3/bin/../lib/gcc/arm-none-eabi/5.4.1/../../../../arm-none-eabi/lib/armv7-m\libg_nano.a(lib_a-memset.o)
                0x08004c44                memset
 .text._puts_r  0x08004c54       0xb4 c:/program files (x86)/gnu tools arm embedded/5.4 2016q3/bin/../lib/gcc/arm-none-eabi/5.4.1/../../../../arm-none-eabi/lib/armv7-m\libg_nano.a(lib_a-puts.o)
                0x08004c54                _puts_r
 .text.puts     0x08004d08       0x10 c:/program files (x86)/gnu tools arm embedded/5.4 2016q3/bin/../lib/gcc/arm-none-eabi/5.4.1/../../../../arm-none-eabi/lib/armv7-m\libg_nano.a(lib_a-puts.o)
                0x08004d08                puts
 .text          0x08004d18       0x14 c:/program files (x86)/gnu tools arm embedded/5.4 2016q3/bin/../lib/gcc/arm-none-eabi/5.4.1/../../../../arm-none-eabi/lib/armv7-m\libg_nano.a(lib_a-strcmp.o)
                0x08004d18                strcmp
 .text.strcpy   0x08004d2c       0x10 c:/program files (x86)/gnu tools arm embedded/5.4 2016q3/bin/../lib/gcc/arm-none-eabi/5.4.1/../../../../arm-none-eabi/lib/armv7-m\libg_nano.a(lib_a-strcpy.o)
                0x08004d2c                strcpy
 .text          0x08004d3c       0x10 c:/program files (x86)/gnu tools arm embedded/5.4 2016q3/bin/../lib/gcc/arm-none-eabi/5.4.1/../../../../arm-none-eabi/lib/armv7-m\libg_nano.a(lib_a-strlen.o)
                0x08004d3c                strlen
 .text._vsprintf_r
                0x08004d4c       0x30 c:/program files (x86)/gnu tools arm embedded/5.4 2016q3/bin/../lib/gcc/arm-none-eabi/5.4.1/../../../../arm-none-eabi/lib/armv7-m\libg_nano.a(lib_a-vsprintf.o)
                0x08004d4c                _vsprintf_r
                0x08004d4c                _vsiprintf_r
 .text.vsprintf
                0x08004d7c       0x14 c:/program files (x86)/gnu tools arm embedded/5.4 2016q3/bin/../lib/gcc/arm-none-eabi/5.4.1/../../../../arm-none-eabi/lib/armv7-m\libg_nano.a(lib_a-vsprintf.o)
                0x08004d7c                vsiprintf
                0x08004d7c                vsprintf
 .text.__swbuf_r
                0x08004d90       0xa8 c:/program files (x86)/gnu tools arm embedded/5.4 2016q3/bin/../lib/gcc/arm-none-eabi/5.4.1/../../../../arm-none-eabi/lib/armv7-m\libg_nano.a(lib_a-wbuf.o)
                0x08004d90                __swbuf_r
 .text.__swsetup_r
                0x08004e38       0xdc c:/program files (x86)/gnu tools arm embedded/5.4 2016q3/bin/../lib/gcc/arm-none-eabi/5.4.1/../../../../arm-none-eabi/lib/armv7-m\libg_nano.a(lib_a-wsetup.o)
                0x08004e38                __swsetup_r
 .text.__sflush_r
                0x08004f14      0x10c c:/program files (x86)/gnu tools arm embedded/5.4 2016q3/bin/../lib/gcc/arm-none-eabi/5.4.1/../../../../arm-none-eabi/lib/armv7-m\libg_nano.a(lib_a-fflush.o)
                0x08004f14                __sflush_r
 .text._fflush_r
                0x08005020       0x54 c:/program files (x86)/gnu tools arm embedded/5.4 2016q3/bin/../lib/gcc/arm-none-eabi/5.4.1/../../../../arm-none-eabi/lib/armv7-m\libg_nano.a(lib_a-fflush.o)
                0x08005020                _fflush_r
 .text._cleanup_r
                0x08005074        0xc c:/program files (x86)/gnu tools arm embedded/5.4 2016q3/bin/../lib/gcc/arm-none-eabi/5.4.1/../../../../arm-none-eabi/lib/armv7-m\libg_nano.a(lib_a-findfp.o)
                0x08005074                _cleanup_r
 .text.std.isra.0
                0x08005080       0x48 c:/program files (x86)/gnu tools arm embedded/5.4 2016q3/bin/../lib/gcc/arm-none-eabi/5.4.1/../../../../arm-none-eabi/lib/armv7-m\libg_nano.a(lib_a-findfp.o)
 .text.__sfmoreglue
                0x080050c8       0x2c c:/program files (x86)/gnu tools arm embedded/5.4 2016q3/bin/../lib/gcc/arm-none-eabi/5.4.1/../../../../arm-none-eabi/lib/armv7-m\libg_nano.a(lib_a-findfp.o)
                0x080050c8                __sfmoreglue
 .text.__sinit  0x080050f4       0x60 c:/program files (x86)/gnu tools arm embedded/5.4 2016q3/bin/../lib/gcc/arm-none-eabi/5.4.1/../../../../arm-none-eabi/lib/armv7-m\libg_nano.a(lib_a-findfp.o)
                0x080050f4                __sinit
 .text.__sfp    0x08005154       0x78 c:/program files (x86)/gnu tools arm embedded/5.4 2016q3/bin/../lib/gcc/arm-none-eabi/5.4.1/../../../../arm-none-eabi/lib/armv7-m\libg_nano.a(lib_a-findfp.o)
                0x08005154                __sfp
 .text._fwalk_reent
                0x080051cc       0x3c c:/program files (x86)/gnu tools arm embedded/5.4 2016q3/bin/../lib/gcc/arm-none-eabi/5.4.1/../../../../arm-none-eabi/lib/armv7-m\libg_nano.a(lib_a-fwalk.o)
                0x080051cc                _fwalk_reent
 .text.__swhatbuf_r
                0x08005208       0x46 c:/program files (x86)/gnu tools arm embedded/5.4 2016q3/bin/../lib/gcc/arm-none-eabi/5.4.1/../../../../arm-none-eabi/lib/armv7-m\libg_nano.a(lib_a-makebuf.o)
                0x08005208                __swhatbuf_r
 *fill*         0x0800524e        0x2 
 .text.__smakebuf_r
                0x08005250       0x78 c:/program files (x86)/gnu tools arm embedded/5.4 2016q3/bin/../lib/gcc/arm-none-eabi/5.4.1/../../../../arm-none-eabi/lib/armv7-m\libg_nano.a(lib_a-makebuf.o)
                0x08005250                __smakebuf_r
 .text._free_r  0x080052c8       0x98 c:/program files (x86)/gnu tools arm embedded/5.4 2016q3/bin/../lib/gcc/arm-none-eabi/5.4.1/../../../../arm-none-eabi/lib/armv7-m\libg_nano.a(lib_a-nano-freer.o)
                0x080052c8                _free_r
 .text._malloc_r
                0x08005360       0xbc c:/program files (x86)/gnu tools arm embedded/5.4 2016q3/bin/../lib/gcc/arm-none-eabi/5.4.1/../../../../arm-none-eabi/lib/armv7-m\libg_nano.a(lib_a-nano-mallocr.o)
                0x08005360                _malloc_r
 .text.__ssputs_r
                0x0800541c       0xb2 c:/program files (x86)/gnu tools arm embedded/5.4 2016q3/bin/../lib/gcc/arm-none-eabi/5.4.1/../../../../arm-none-eabi/lib/armv7-m\libg_nano.a(lib_a-nano-svfprintf.o)
                0x0800541c                __ssputs_r
 *fill*         0x080054ce        0x2 
 .text._svfprintf_r
                0x080054d0      0x1e8 c:/program files (x86)/gnu tools arm embedded/5.4 2016q3/bin/../lib/gcc/arm-none-eabi/5.4.1/../../../../arm-none-eabi/lib/armv7-m\libg_nano.a(lib_a-nano-svfprintf.o)
                0x080054d0                _svfiprintf_r
                0x080054d0                _svfprintf_r
 .text._printf_common
                0x080056b8       0xec c:/program files (x86)/gnu tools arm embedded/5.4 2016q3/bin/../lib/gcc/arm-none-eabi/5.4.1/../../../../arm-none-eabi/lib/armv7-m\libg_nano.a(lib_a-nano-vfprintf_i.o)
                0x080056b8                _printf_common
 .text._printf_i
                0x080057a4      0x24c c:/program files (x86)/gnu tools arm embedded/5.4 2016q3/bin/../lib/gcc/arm-none-eabi/5.4.1/../../../../arm-none-eabi/lib/armv7-m\libg_nano.a(lib_a-nano-vfprintf_i.o)
                0x080057a4                _printf_i
 .text._sbrk_r  0x080059f0       0x20 c:/program files (x86)/gnu tools arm embedded/5.4 2016q3/bin/../lib/gcc/arm-none-eabi/5.4.1/../../../../arm-none-eabi/lib/armv7-m\libg_nano.a(lib_a-sbrkr.o)
                0x080059f0                _sbrk_r
 .text.__sread  0x08005a10       0x22 c:/program files (x86)/gnu tools arm embedded/5.4 2016q3/bin/../lib/gcc/arm-none-eabi/5.4.1/../../../../arm-none-eabi/lib/armv7-m\libg_nano.a(lib_a-stdio.o)
                0x08005a10                __sread
 .text.__swrite
                0x08005a32       0x38 c:/program files (x86)/gnu tools arm embedded/5.4 2016q3/bin/../lib/gcc/arm-none-eabi/5.4.1/../../../../arm-none-eabi/lib/armv7-m\libg_nano.a(lib_a-stdio.o)
                0x08005a32                __swrite
 .text.__sseek  0x08005a6a       0x24 c:/program files (x86)/gnu tools arm embedded/5.4 2016q3/bin/../lib/gcc/arm-none-eabi/5.4.1/../../../../arm-none-eabi/lib/armv7-m\libg_nano.a(lib_a-stdio.o)
                0x08005a6a                __sseek
 .text.__sclose
                0x08005a8e        0x8 c:/program files (x86)/gnu tools arm embedded/5.4 2016q3/bin/../lib/gcc/arm-none-eabi/5.4.1/../../../../arm-none-eabi/lib/armv7-m\libg_nano.a(lib_a-stdio.o)
                0x08005a8e                __sclose
 *fill*         0x08005a96        0x2 
 .text._write_r
                0x08005a98       0x24 c:/program files (x86)/gnu tools arm embedded/5.4 2016q3/bin/../lib/gcc/arm-none-eabi/5.4.1/../../../../arm-none-eabi/lib/armv7-m\libg_nano.a(lib_a-writer.o)
                0x08005a98                _write_r
 .text._close_r
                0x08005abc       0x20 c:/program files (x86)/gnu tools arm embedded/5.4 2016q3/bin/../lib/gcc/arm-none-eabi/5.4.1/../../../../arm-none-eabi/lib/armv7-m\libg_nano.a(lib_a-closer.o)
                0x08005abc                _close_r
 .text._fstat_r
                0x08005adc       0x24 c:/program files (x86)/gnu tools arm embedded/5.4 2016q3/bin/../lib/gcc/arm-none-eabi/5.4.1/../../../../arm-none-eabi/lib/armv7-m\libg_nano.a(lib_a-fstatr.o)
                0x08005adc                _fstat_r
 .text._isatty_r
                0x08005b00       0x20 c:/program files (x86)/gnu tools arm embedded/5.4 2016q3/bin/../lib/gcc/arm-none-eabi/5.4.1/../../../../arm-none-eabi/lib/armv7-m\libg_nano.a(lib_a-isattyr.o)
                0x08005b00                _isatty_r
 .text._lseek_r
                0x08005b20       0x24 c:/program files (x86)/gnu tools arm embedded/5.4 2016q3/bin/../lib/gcc/arm-none-eabi/5.4.1/../../../../arm-none-eabi/lib/armv7-m\libg_nano.a(lib_a-lseekr.o)
                0x08005b20                _lseek_r
 .text.memchr   0x08005b44       0x1c c:/program files (x86)/gnu tools arm embedded/5.4 2016q3/bin/../lib/gcc/arm-none-eabi/5.4.1/../../../../arm-none-eabi/lib/armv7-m\libg_nano.a(lib_a-memchr-stub.o)
                0x08005b44                memchr
 .text.memmove  0x08005b60       0x36 c:/program files (x86)/gnu tools arm embedded/5.4 2016q3/bin/../lib/gcc/arm-none-eabi/5.4.1/../../../../arm-none-eabi/lib/armv7-m\libg_nano.a(lib_a-memmove.o)
                0x08005b60                memmove
 .text.__malloc_lock
                0x08005b96        0x2 c:/program files (x86)/gnu tools arm embedded/5.4 2016q3/bin/../lib/gcc/arm-none-eabi/5.4.1/../../../../arm-none-eabi/lib/armv7-m\libg_nano.a(lib_a-mlock.o)
                0x08005b96                __malloc_lock
 .text.__malloc_unlock
                0x08005b98        0x2 c:/program files (x86)/gnu tools arm embedded/5.4 2016q3/bin/../lib/gcc/arm-none-eabi/5.4.1/../../../../arm-none-eabi/lib/armv7-m\libg_nano.a(lib_a-mlock.o)
                0x08005b98                __malloc_unlock
 .text._realloc_r
                0x08005b9a       0x4c c:/program files (x86)/gnu tools arm embedded/5.4 2016q3/bin/../lib/gcc/arm-none-eabi/5.4.1/../../../../arm-none-eabi/lib/armv7-m\libg_nano.a(lib_a-nano-reallocr.o)
                0x08005b9a                _realloc_r
 *fill*         0x08005be6        0x2 
 .text._read_r  0x08005be8       0x24 c:/program files (x86)/gnu tools arm embedded/5.4 2016q3/bin/../lib/gcc/arm-none-eabi/5.4.1/../../../../arm-none-eabi/lib/armv7-m\libg_nano.a(lib_a-readr.o)
                0x08005be8                _read_r
 .text._malloc_usable_size_r
                0x08005c0c       0x14 c:/program files (x86)/gnu tools arm embedded/5.4 2016q3/bin/../lib/gcc/arm-none-eabi/5.4.1/../../../../arm-none-eabi/lib/armv7-m\libg_nano.a(lib_a-nano-msizer.o)
                0x08005c0c                _malloc_usable_size_r
 *(.rodata .rodata.*)
 .rodata.str1.4
                0x08005c20       0x27 ./system/src/stm32f1-stdperiph/misc.o
 *fill*         0x08005c47        0x1 
 .rodata.str1.4
                0x08005c48       0x32 ./system/src/stm32f1-stdperiph/stm32f10x_flash.o
 *fill*         0x08005c7a        0x2 
 .rodata.str1.4
                0x08005c7c       0x31 ./system/src/stm32f1-stdperiph/stm32f10x_gpio.o
 *fill*         0x08005cad        0x3 
 .rodata.str1.4
                0x08005cb0       0x30 ./system/src/stm32f1-stdperiph/stm32f10x_i2c.o
 .rodata.str1.4
                0x08005ce0       0x30 ./system/src/stm32f1-stdperiph/stm32f10x_rcc.o
 .rodata.str1.4
                0x08005d10       0x30 ./system/src/stm32f1-stdperiph/stm32f10x_spi.o
 .rodata.str1.4
                0x08005d40       0x30 ./system/src/stm32f1-stdperiph/stm32f10x_tim.o
 .rodata.str1.4
                0x08005d70       0x32 ./system/src/stm32f1-stdperiph/stm32f10x_usart.o
 *fill*         0x08005da2        0x2 
 .rodata.str1.4
                0x08005da4       0x12 ./src/ioLibrary/Internet/TFTP/tftp.o
 *fill*         0x08005db6        0x2 
 .rodata.str1.4
                0x08005db8       0x31 ./src/PlatformHandler/flashHandler.o
 *fill*         0x08005de9        0x3 
 .rodata.GPIO_CLK
                0x08005dec        0x8 ./src/PlatformHandler/gpioHandler.o
                0x08005dec                GPIO_CLK
 .rodata.GPIO_PIN
                0x08005df4        0x4 ./src/PlatformHandler/gpioHandler.o
                0x08005df4                GPIO_PIN
 .rodata.str1.4
                0x08005df8       0x19 ./src/PlatformHandler/spiHandler.o
 *fill*         0x08005e11        0x3 
 .rodata        0x08005e14       0x27 ./src/Configuration/ConfigData.o
 *fill*         0x08005e3b        0x1 
 .rodata.str1.4
                0x08005e3c       0xb8 ./src/Configuration/ConfigData.o
                                 0xb7 (size before relaxing)
 .rodata._global_impure_ptr
                0x08005ef4        0x4 c:/program files (x86)/gnu tools arm embedded/5.4 2016q3/bin/../lib/gcc/arm-none-eabi/5.4.1/../../../../arm-none-eabi/lib/armv7-m\libg_nano.a(lib_a-impure.o)
                0x08005ef4                _global_impure_ptr
 .rodata.__sf_fake_stdin
                0x08005ef8       0x20 c:/program files (x86)/gnu tools arm embedded/5.4 2016q3/bin/../lib/gcc/arm-none-eabi/5.4.1/../../../../arm-none-eabi/lib/armv7-m\libg_nano.a(lib_a-findfp.o)
                0x08005ef8                __sf_fake_stdin
 .rodata.__sf_fake_stdout
                0x08005f18       0x20 c:/program files (x86)/gnu tools arm embedded/5.4 2016q3/bin/../lib/gcc/arm-none-eabi/5.4.1/../../../../arm-none-eabi/lib/armv7-m\libg_nano.a(lib_a-findfp.o)
                0x08005f18                __sf_fake_stdout
 .rodata.__sf_fake_stderr
                0x08005f38       0x20 c:/program files (x86)/gnu tools arm embedded/5.4 2016q3/bin/../lib/gcc/arm-none-eabi/5.4.1/../../../../arm-none-eabi/lib/armv7-m\libg_nano.a(lib_a-findfp.o)
                0x08005f38                __sf_fake_stderr
 .rodata.str1.1
                0x08005f58       0x11 c:/program files (x86)/gnu tools arm embedded/5.4 2016q3/bin/../lib/gcc/arm-none-eabi/5.4.1/../../../../arm-none-eabi/lib/armv7-m\libg_nano.a(lib_a-nano-svfprintf.o)
 .rodata.str1.1
                0x08005f69       0x22 c:/program files (x86)/gnu tools arm embedded/5.4 2016q3/bin/../lib/gcc/arm-none-eabi/5.4.1/../../../../arm-none-eabi/lib/armv7-m\libg_nano.a(lib_a-nano-vfprintf_i.o)
 *(vtable)
 *(.eh_frame*)
 *(.glue_7)
 .glue_7        0x08005f8b        0x0 linker stubs
 *(.glue_7t)
 .glue_7t       0x08005f8b        0x0 linker stubs

.vfp11_veneer   0x08005f8c        0x0
 .vfp11_veneer  0x08005f8c        0x0 linker stubs

.v4_bx          0x08005f8c        0x0
 .v4_bx         0x08005f8c        0x0 linker stubs

.iplt           0x08005f8c        0x0
 .iplt          0x08005f8c        0x0 ./system/src/stm32f1-stdperiph/misc.o

.rel.dyn        0x08005f8c        0x0
 .rel.iplt      0x08005f8c        0x0 ./system/src/stm32f1-stdperiph/misc.o

.ARM.extab
 *(.ARM.extab* .gnu.linkonce.armextab.*)
                0x08005f8c                __exidx_start = .

.ARM.exidx
 *(.ARM.exidx* .gnu.linkonce.armexidx.*)
                0x08005f8c                __exidx_end = .
                0x08005f8c                . = ALIGN (0x4)
                0x08005f8c                _etext = .
                0x08005f8c                __etext = .
                0x08005f8c                _sidata = _etext

.data           0x20000000       0xcc load address 0x08005f8c
                0x20000000                . = ALIGN (0x4)
                0x20000000                _sdata = .
                0x20000000                __data_start__ = .
 *(.data_begin .data_begin.*)
 .data_begin    0x20000000        0x4 ./system/src/newlib/_startup.o
 *(.data .data.*)
 .data.ADCPrescTable
                0x20000004        0x4 ./system/src/stm32f1-stdperiph/stm32f10x_rcc.o
 .data.APBAHBPrescTable
                0x20000008       0x10 ./system/src/stm32f1-stdperiph/stm32f10x_rcc.o
 .data.argv.4769
                0x20000018        0x8 ./system/src/newlib/_syscalls.o
 .data.g_tftp_socket
                0x20000020        0x4 ./src/ioLibrary/Internet/TFTP/tftp.o
 .data.default_tftp_opt
                0x20000024        0x8 ./src/ioLibrary/Internet/TFTP/tftp.o
 .data.sock_any_port
                0x2000002c        0x2 ./src/ioLibrary/Ethernet/socket.o
 *fill*         0x2000002e        0x2 
 .data.WIZCHIP  0x20000030       0x28 ./src/ioLibrary/Ethernet/wizchip_conf.o
                0x20000030                WIZCHIP
 .data.g_write_point
                0x20000058        0x4 ./src/PlatformHandler/flashHandler.o
 .data.GPIO_PORT
                0x2000005c        0x8 ./src/PlatformHandler/gpioHandler.o
                0x2000005c                GPIO_PORT
 .data.impure_data
                0x20000064       0x60 c:/program files (x86)/gnu tools arm embedded/5.4 2016q3/bin/../lib/gcc/arm-none-eabi/5.4.1/../../../../arm-none-eabi/lib/armv7-m\libg_nano.a(lib_a-impure.o)
 .data._impure_ptr
                0x200000c4        0x4 c:/program files (x86)/gnu tools arm embedded/5.4 2016q3/bin/../lib/gcc/arm-none-eabi/5.4.1/../../../../arm-none-eabi/lib/armv7-m\libg_nano.a(lib_a-impure.o)
                0x200000c4                _impure_ptr
 *(.data_end .data_end.*)
 .data_end      0x200000c8        0x4 ./system/src/newlib/_startup.o
                0x200000cc                . = ALIGN (0x4)
                0x200000cc                _edata = .
                0x200000cc                __data_end__ = .

.igot.plt       0x200000cc        0x0 load address 0x08006058
 .igot.plt      0x200000cc        0x0 ./system/src/stm32f1-stdperiph/misc.o

.bss            0x200000cc     0x1150 load address 0x08006058
                0x200000cc                . = ALIGN (0x4)
                0x200000cc                __bss_start__ = .
                0x200000cc                _sbss = .
 *(.bss_begin .bss_begin.*)
 .bss_begin     0x200000cc        0x4 ./system/src/newlib/_startup.o
 *(.bss .bss.*)
 .bss.current_heap_end.4454
                0x200000d0        0x4 ./system/src/newlib/_sbrk.o
 .bss.name.4768
                0x200000d4        0x1 ./system/src/newlib/_syscalls.o
 *fill*         0x200000d5        0x3 
 .bss.g_server_ip
                0x200000d8        0x4 ./src/ioLibrary/Internet/TFTP/tftp.o
 .bss.g_server_port_check
                0x200000dc        0x2 ./src/ioLibrary/Internet/TFTP/tftp.o
                0x200000dc                g_server_port_check
 *fill*         0x200000de        0x2 
 .bss.g_filename
                0x200000e0       0x14 ./src/ioLibrary/Internet/TFTP/tftp.o
 .bss.g_tftp_rcv_buf
                0x200000f4        0x4 ./src/ioLibrary/Internet/TFTP/tftp.o
 .bss.g_progress_state
                0x200000f8        0x1 ./src/ioLibrary/Internet/TFTP/tftp.o
                0x200000f8                g_progress_state
 *fill*         0x200000f9        0x1 
 .bss.g_block_num
                0x200000fa        0x2 ./src/ioLibrary/Internet/TFTP/tftp.o
 .bss.tftp_time_cnt
                0x200000fc        0x4 ./src/ioLibrary/Internet/TFTP/tftp.o
 .bss.g_server_port
                0x20000100        0x2 ./src/ioLibrary/Internet/TFTP/tftp.o
 *fill*         0x20000102        0x2 
 .bss.g_tftp_state
                0x20000104        0x4 ./src/ioLibrary/Internet/TFTP/tftp.o
 .bss.tftp_retry_cnt
                0x20000108        0x4 ./src/ioLibrary/Internet/TFTP/tftp.o
 .bss.g_resend_flag
                0x2000010c        0x4 ./src/ioLibrary/Internet/TFTP/tftp.o
 .bss.g_server_ip_check
                0x20000110        0x4 ./src/ioLibrary/Internet/TFTP/tftp.o
                0x20000110                g_server_ip_check
 .bss.sock_io_mode
                0x20000114        0x2 ./src/ioLibrary/Ethernet/socket.o
 .bss.sock_is_sending
                0x20000116        0x2 ./src/ioLibrary/Ethernet/socket.o
 .bss.sock_pack_info
                0x20000118        0x8 ./src/ioLibrary/Ethernet/socket.o
                0x20000118                sock_pack_info
 .bss.sock_remained_size
                0x20000120       0x10 ./src/ioLibrary/Ethernet/socket.o
 .bss._DHCP_    0x20000130        0x1 ./src/ioLibrary/Ethernet/wizchip_conf.o
 *fill*         0x20000131        0x3 
 .bss._DNS_     0x20000134        0x4 ./src/ioLibrary/Ethernet/wizchip_conf.o
 .bss.cnt.7532  0x20000138        0x4 ./src/PlatformHandler/flashHandler.o
 .bss.mill_sec  0x2000013c        0x4 ./src/PlatformHandler/timerHandler.o
 .bss.txbuff    0x20000140      0x400 ./src/PlatformHandler/uartHandler.o
 .bss.rxbuff    0x20000540      0x400 ./src/PlatformHandler/uartHandler.o
 .bss.s2e_packet
                0x20000940       0xa2 ./src/Configuration/ConfigData.o
 .bss.g_op_mode
                0x200009e2        0x1 ./src/main.o
                0x200009e2                g_op_mode
 *fill*         0x200009e3        0x1 
 .bss.__malloc_sbrk_start
                0x200009e4        0x4 c:/program files (x86)/gnu tools arm embedded/5.4 2016q3/bin/../lib/gcc/arm-none-eabi/5.4.1/../../../../arm-none-eabi/lib/armv7-m\libg_nano.a(lib_a-nano-mallocr.o)
                0x200009e4                __malloc_sbrk_start
 .bss.__malloc_free_list
                0x200009e8        0x4 c:/program files (x86)/gnu tools arm embedded/5.4 2016q3/bin/../lib/gcc/arm-none-eabi/5.4.1/../../../../arm-none-eabi/lib/armv7-m\libg_nano.a(lib_a-nano-mallocr.o)
                0x200009e8                __malloc_free_list
 *(COMMON)
 COMMON         0x200009ec        0x4 ./system/src/newlib/_syscalls.o
                0x200009ec                errno
 COMMON         0x200009f0       0x28 ./src/PlatformHandler/uartHandler.o
                0x200009f0                txring
                0x20000a04                rxring
 COMMON         0x20000a18      0x800 ./src/main.o
                0x20000a18                socket_buf
 *(.bss_end .bss_end.*)
 .bss_end       0x20001218        0x4 ./system/src/newlib/_startup.o
                0x2000121c                . = ALIGN (0x4)
                0x2000121c                __bss_end__ = .
                0x2000121c                _ebss = .

.noinit         0x2000121c        0x0
                0x2000121c                . = ALIGN (0x4)
                0x2000121c                _noinit = .
 *(.noinit .noinit.*)
                0x2000121c                . = ALIGN (0x4)
                0x2000121c                _end_noinit = .
                [!provide]                PROVIDE (end, _end_noinit)
                [!provide]                PROVIDE (_end, _end_noinit)
                [!provide]                PROVIDE (__end, _end_noinit)
                [!provide]                PROVIDE (__end__, _end_noinit)

._check_stack   0x2000121c      0x100 load address 0x080071a8
                0x2000121c                . = ALIGN (0x4)
                0x2000131c                . = (. + _Minimum_Stack_Size)
 *fill*         0x2000121c      0x100 
                0x2000131c                . = ALIGN (0x4)

.bss_CCMRAM
 *(.bss.CCMRAM .bss.CCMRAM.*)

.b1text
 *(.b1text)
 *(.b1rodata)
 *(.b1rodata.*)

.eb0text
 *(.eb0text)
 *(.eb0rodata)
 *(.eb0rodata.*)

.eb1text
 *(.eb1text)
 *(.eb1rodata)
 *(.eb1rodata.*)

.eb2text
 *(.eb2text)
 *(.eb2rodata)
 *(.eb2rodata.*)

.eb3text
 *(.eb3text)
 *(.eb3rodata)
 *(.eb3rodata.*)

.stab
 *(.stab)

.stabstr
 *(.stabstr)

.stab.excl
 *(.stab.excl)

.stab.exclstr
 *(.stab.exclstr)

.stab.index
 *(.stab.index)

.stab.indexstr
 *(.stab.indexstr)

.comment        0x00000000       0x6e
 *(.comment)
 .comment       0x00000000       0x6e ./system/src/stm32f1-stdperiph/misc.o
                                 0x6f (size before relaxing)
 .comment       0x0000006e       0x6f ./system/src/stm32f1-stdperiph/stm32f10x_flash.o
 .comment       0x0000006e       0x6f ./system/src/stm32f1-stdperiph/stm32f10x_gpio.o
 .comment       0x0000006e       0x6f ./system/src/stm32f1-stdperiph/stm32f10x_i2c.o
 .comment       0x0000006e       0x6f ./system/src/stm32f1-stdperiph/stm32f10x_rcc.o
 .comment       0x0000006e       0x6f ./system/src/stm32f1-stdperiph/stm32f10x_spi.o
 .comment       0x0000006e       0x6f ./system/src/stm32f1-stdperiph/stm32f10x_tim.o
 .comment       0x0000006e       0x6f ./system/src/stm32f1-stdperiph/stm32f10x_usart.o
 .comment       0x0000006e       0x6f ./system/src/newlib/_exit.o
 .comment       0x0000006e       0x6f ./system/src/newlib/_sbrk.o
 .comment       0x0000006e       0x6f ./system/src/newlib/_startup.o
 .comment       0x0000006e       0x6f ./system/src/newlib/_syscalls.o
 .comment       0x0000006e       0x6f ./system/src/newlib/assert.o
 .comment       0x0000006e       0x6f ./system/src/cortexm/_initialize_hardware.o
 .comment       0x0000006e       0x6f ./system/src/cortexm/exception_handlers.o
 .comment       0x0000006e       0x6f ./system/src/cmsis/system_stm32f10x.o
 .comment       0x0000006e       0x6f ./system/src/cmsis/vectors_stm32f10x.o
 .comment       0x0000006e       0x6f ./src/ioLibrary/Internet/TFTP/netutil.o
 .comment       0x0000006e       0x6f ./src/ioLibrary/Internet/TFTP/tftp.o
 .comment       0x0000006e       0x6f ./src/ioLibrary/Ethernet/W5500/w5500.o
 .comment       0x0000006e       0x6f ./src/ioLibrary/Ethernet/socket.o
 .comment       0x0000006e       0x6f ./src/ioLibrary/Ethernet/wizchip_conf.o
 .comment       0x0000006e       0x6f ./src/PlatformHandler/flashHandler.o
 .comment       0x0000006e       0x6f ./src/PlatformHandler/gpioHandler.o
 .comment       0x0000006e       0x6f ./src/PlatformHandler/i2cHandler.o
 .comment       0x0000006e       0x6f ./src/PlatformHandler/rccHandler.o
 .comment       0x0000006e       0x6f ./src/PlatformHandler/ring_buffer.o
 .comment       0x0000006e       0x6f ./src/PlatformHandler/spiHandler.o
 .comment       0x0000006e       0x6f ./src/PlatformHandler/storageHandler.o
 .comment       0x0000006e       0x6f ./src/PlatformHandler/timerHandler.o
 .comment       0x0000006e       0x6f ./src/PlatformHandler/uartHandler.o
 .comment       0x0000006e       0x6f ./src/Configuration/ConfigData.o
 .comment       0x0000006e       0x6f ./src/Configuration/ConfigMessage.o
 .comment       0x0000006e       0x6f ./src/main.o

.ARM.attributes
                0x00000000       0x31
 .ARM.attributes
                0x00000000       0x33 ./system/src/stm32f1-stdperiph/misc.o
 .ARM.attributes
                0x00000033       0x33 ./system/src/stm32f1-stdperiph/stm32f10x_flash.o
 .ARM.attributes
                0x00000066       0x33 ./system/src/stm32f1-stdperiph/stm32f10x_gpio.o
 .ARM.attributes
                0x00000099       0x33 ./system/src/stm32f1-stdperiph/stm32f10x_i2c.o
 .ARM.attributes
                0x000000cc       0x33 ./system/src/stm32f1-stdperiph/stm32f10x_rcc.o
 .ARM.attributes
                0x000000ff       0x33 ./system/src/stm32f1-stdperiph/stm32f10x_spi.o
 .ARM.attributes
                0x00000132       0x33 ./system/src/stm32f1-stdperiph/stm32f10x_tim.o
 .ARM.attributes
                0x00000165       0x33 ./system/src/stm32f1-stdperiph/stm32f10x_usart.o
 .ARM.attributes
                0x00000198       0x33 ./system/src/newlib/_exit.o
 .ARM.attributes
                0x000001cb       0x33 ./system/src/newlib/_sbrk.o
 .ARM.attributes
                0x000001fe       0x33 ./system/src/newlib/_startup.o
 .ARM.attributes
                0x00000231       0x33 ./system/src/newlib/_syscalls.o
 .ARM.attributes
                0x00000264       0x33 ./system/src/newlib/assert.o
 .ARM.attributes
                0x00000297       0x33 ./system/src/cortexm/_initialize_hardware.o
 .ARM.attributes
                0x000002ca       0x33 ./system/src/cortexm/exception_handlers.o
 .ARM.attributes
                0x000002fd       0x33 ./system/src/cmsis/system_stm32f10x.o
 .ARM.attributes
                0x00000330       0x33 ./system/src/cmsis/vectors_stm32f10x.o
 .ARM.attributes
                0x00000363       0x33 ./src/ioLibrary/Internet/TFTP/netutil.o
 .ARM.attributes
                0x00000396       0x33 ./src/ioLibrary/Internet/TFTP/tftp.o
 .ARM.attributes
                0x000003c9       0x33 ./src/ioLibrary/Ethernet/W5500/w5500.o
 .ARM.attributes
                0x000003fc       0x33 ./src/ioLibrary/Ethernet/socket.o
 .ARM.attributes
                0x0000042f       0x33 ./src/ioLibrary/Ethernet/wizchip_conf.o
 .ARM.attributes
                0x00000462       0x33 ./src/PlatformHandler/flashHandler.o
 .ARM.attributes
                0x00000495       0x33 ./src/PlatformHandler/gpioHandler.o
 .ARM.attributes
                0x000004c8       0x33 ./src/PlatformHandler/i2cHandler.o
 .ARM.attributes
                0x000004fb       0x33 ./src/PlatformHandler/rccHandler.o
 .ARM.attributes
                0x0000052e       0x33 ./src/PlatformHandler/ring_buffer.o
 .ARM.attributes
                0x00000561       0x33 ./src/PlatformHandler/spiHandler.o
 .ARM.attributes
                0x00000594       0x33 ./src/PlatformHandler/storageHandler.o
 .ARM.attributes
                0x000005c7       0x33 ./src/PlatformHandler/timerHandler.o
 .ARM.attributes
                0x000005fa       0x33 ./src/PlatformHandler/uartHandler.o
 .ARM.attributes
                0x0000062d       0x33 ./src/Configuration/ConfigData.o
 .ARM.attributes
                0x00000660       0x33 ./src/Configuration/ConfigMessage.o
 .ARM.attributes
                0x00000693       0x33 ./src/main.o
 .ARM.attributes
                0x000006c6       0x2d c:/program files (x86)/gnu tools arm embedded/5.4 2016q3/bin/../lib/gcc/arm-none-eabi/5.4.1/../../../../arm-none-eabi/lib/armv7-m\libg_nano.a(lib_a-errno.o)
 .ARM.attributes
                0x000006f3       0x2d c:/program files (x86)/gnu tools arm embedded/5.4 2016q3/bin/../lib/gcc/arm-none-eabi/5.4.1/../../../../arm-none-eabi/lib/armv7-m\libg_nano.a(lib_a-impure.o)
 .ARM.attributes
                0x00000720       0x2d c:/program files (x86)/gnu tools arm embedded/5.4 2016q3/bin/../lib/gcc/arm-none-eabi/5.4.1/../../../../arm-none-eabi/lib/armv7-m\libg_nano.a(lib_a-memcmp.o)
 .ARM.attributes
                0x0000074d       0x2d c:/program files (x86)/gnu tools arm embedded/5.4 2016q3/bin/../lib/gcc/arm-none-eabi/5.4.1/../../../../arm-none-eabi/lib/armv7-m\libg_nano.a(lib_a-memcpy-stub.o)
 .ARM.attributes
                0x0000077a       0x2d c:/program files (x86)/gnu tools arm embedded/5.4 2016q3/bin/../lib/gcc/arm-none-eabi/5.4.1/../../../../arm-none-eabi/lib/armv7-m\libg_nano.a(lib_a-memset.o)
 .ARM.attributes
                0x000007a7       0x2d c:/program files (x86)/gnu tools arm embedded/5.4 2016q3/bin/../lib/gcc/arm-none-eabi/5.4.1/../../../../arm-none-eabi/lib/armv7-m\libg_nano.a(lib_a-puts.o)
 .ARM.attributes
                0x000007d4       0x1b c:/program files (x86)/gnu tools arm embedded/5.4 2016q3/bin/../lib/gcc/arm-none-eabi/5.4.1/../../../../arm-none-eabi/lib/armv7-m\libg_nano.a(lib_a-strcmp.o)
 .ARM.attributes
                0x000007ef       0x2d c:/program files (x86)/gnu tools arm embedded/5.4 2016q3/bin/../lib/gcc/arm-none-eabi/5.4.1/../../../../arm-none-eabi/lib/armv7-m\libg_nano.a(lib_a-strcpy.o)
 .ARM.attributes
                0x0000081c       0x17 c:/program files (x86)/gnu tools arm embedded/5.4 2016q3/bin/../lib/gcc/arm-none-eabi/5.4.1/../../../../arm-none-eabi/lib/armv7-m\libg_nano.a(lib_a-strlen.o)
 .ARM.attributes
                0x00000833       0x2d c:/program files (x86)/gnu tools arm embedded/5.4 2016q3/bin/../lib/gcc/arm-none-eabi/5.4.1/../../../../arm-none-eabi/lib/armv7-m\libg_nano.a(lib_a-vsprintf.o)
 .ARM.attributes
                0x00000860       0x2d c:/program files (x86)/gnu tools arm embedded/5.4 2016q3/bin/../lib/gcc/arm-none-eabi/5.4.1/../../../../arm-none-eabi/lib/armv7-m\libg_nano.a(lib_a-wbuf.o)
 .ARM.attributes
                0x0000088d       0x2d c:/program files (x86)/gnu tools arm embedded/5.4 2016q3/bin/../lib/gcc/arm-none-eabi/5.4.1/../../../../arm-none-eabi/lib/armv7-m\libg_nano.a(lib_a-wsetup.o)
 .ARM.attributes
                0x000008ba       0x2d c:/program files (x86)/gnu tools arm embedded/5.4 2016q3/bin/../lib/gcc/arm-none-eabi/5.4.1/../../../../arm-none-eabi/lib/armv7-m\libg_nano.a(lib_a-fflush.o)
 .ARM.attributes
                0x000008e7       0x2d c:/program files (x86)/gnu tools arm embedded/5.4 2016q3/bin/../lib/gcc/arm-none-eabi/5.4.1/../../../../arm-none-eabi/lib/armv7-m\libg_nano.a(lib_a-findfp.o)
 .ARM.attributes
                0x00000914       0x2d c:/program files (x86)/gnu tools arm embedded/5.4 2016q3/bin/../lib/gcc/arm-none-eabi/5.4.1/../../../../arm-none-eabi/lib/armv7-m\libg_nano.a(lib_a-fwalk.o)
 .ARM.attributes
                0x00000941       0x2d c:/program files (x86)/gnu tools arm embedded/5.4 2016q3/bin/../lib/gcc/arm-none-eabi/5.4.1/../../../../arm-none-eabi/lib/armv7-m\libg_nano.a(lib_a-makebuf.o)
 .ARM.attributes
                0x0000096e       0x2d c:/program files (x86)/gnu tools arm embedded/5.4 2016q3/bin/../lib/gcc/arm-none-eabi/5.4.1/../../../../arm-none-eabi/lib/armv7-m\libg_nano.a(lib_a-nano-freer.o)
 .ARM.attributes
                0x0000099b       0x2d c:/program files (x86)/gnu tools arm embedded/5.4 2016q3/bin/../lib/gcc/arm-none-eabi/5.4.1/../../../../arm-none-eabi/lib/armv7-m\libg_nano.a(lib_a-nano-mallocr.o)
 .ARM.attributes
                0x000009c8       0x2d c:/program files (x86)/gnu tools arm embedded/5.4 2016q3/bin/../lib/gcc/arm-none-eabi/5.4.1/../../../../arm-none-eabi/lib/armv7-m\libg_nano.a(lib_a-nano-svfprintf.o)
 .ARM.attributes
                0x000009f5       0x2d c:/program files (x86)/gnu tools arm embedded/5.4 2016q3/bin/../lib/gcc/arm-none-eabi/5.4.1/../../../../arm-none-eabi/lib/armv7-m\libg_nano.a(lib_a-nano-vfprintf_i.o)
 .ARM.attributes
                0x00000a22       0x2d c:/program files (x86)/gnu tools arm embedded/5.4 2016q3/bin/../lib/gcc/arm-none-eabi/5.4.1/../../../../arm-none-eabi/lib/armv7-m\libg_nano.a(lib_a-sbrkr.o)
 .ARM.attributes
                0x00000a4f       0x2d c:/program files (x86)/gnu tools arm embedded/5.4 2016q3/bin/../lib/gcc/arm-none-eabi/5.4.1/../../../../arm-none-eabi/lib/armv7-m\libg_nano.a(lib_a-stdio.o)
 .ARM.attributes
                0x00000a7c       0x2d c:/program files (x86)/gnu tools arm embedded/5.4 2016q3/bin/../lib/gcc/arm-none-eabi/5.4.1/../../../../arm-none-eabi/lib/armv7-m\libg_nano.a(lib_a-writer.o)
 .ARM.attributes
                0x00000aa9       0x2d c:/program files (x86)/gnu tools arm embedded/5.4 2016q3/bin/../lib/gcc/arm-none-eabi/5.4.1/../../../../arm-none-eabi/lib/armv7-m\libg_nano.a(lib_a-closer.o)
 .ARM.attributes
                0x00000ad6       0x2d c:/program files (x86)/gnu tools arm embedded/5.4 2016q3/bin/../lib/gcc/arm-none-eabi/5.4.1/../../../../arm-none-eabi/lib/armv7-m\libg_nano.a(lib_a-fstatr.o)
 .ARM.attributes
                0x00000b03       0x2d c:/program files (x86)/gnu tools arm embedded/5.4 2016q3/bin/../lib/gcc/arm-none-eabi/5.4.1/../../../../arm-none-eabi/lib/armv7-m\libg_nano.a(lib_a-isattyr.o)
 .ARM.attributes
                0x00000b30       0x2d c:/program files (x86)/gnu tools arm embedded/5.4 2016q3/bin/../lib/gcc/arm-none-eabi/5.4.1/../../../../arm-none-eabi/lib/armv7-m\libg_nano.a(lib_a-lseekr.o)
 .ARM.attributes
                0x00000b5d       0x2d c:/program files (x86)/gnu tools arm embedded/5.4 2016q3/bin/../lib/gcc/arm-none-eabi/5.4.1/../../../../arm-none-eabi/lib/armv7-m\libg_nano.a(lib_a-memchr-stub.o)
 .ARM.attributes
                0x00000b8a       0x2d c:/program files (x86)/gnu tools arm embedded/5.4 2016q3/bin/../lib/gcc/arm-none-eabi/5.4.1/../../../../arm-none-eabi/lib/armv7-m\libg_nano.a(lib_a-memmove.o)
 .ARM.attributes
                0x00000bb7       0x2d c:/program files (x86)/gnu tools arm embedded/5.4 2016q3/bin/../lib/gcc/arm-none-eabi/5.4.1/../../../../arm-none-eabi/lib/armv7-m\libg_nano.a(lib_a-mlock.o)
 .ARM.attributes
                0x00000be4       0x2d c:/program files (x86)/gnu tools arm embedded/5.4 2016q3/bin/../lib/gcc/arm-none-eabi/5.4.1/../../../../arm-none-eabi/lib/armv7-m\libg_nano.a(lib_a-nano-reallocr.o)
 .ARM.attributes
                0x00000c11       0x2d c:/program files (x86)/gnu tools arm embedded/5.4 2016q3/bin/../lib/gcc/arm-none-eabi/5.4.1/../../../../arm-none-eabi/lib/armv7-m\libg_nano.a(lib_a-readr.o)
 .ARM.attributes
                0x00000c3e       0x2d c:/program files (x86)/gnu tools arm embedded/5.4 2016q3/bin/../lib/gcc/arm-none-eabi/5.4.1/../../../../arm-none-eabi/lib/armv7-m\libg_nano.a(lib_a-nano-msizer.o)

.debug
 *(.debug)

.line
 *(.line)

.debug_srcinfo
 *(.debug_srcinfo)

.debug_sfnames
 *(.debug_sfnames)

.debug_aranges  0x00000000     0x1258
 *(.debug_aranges)
 .debug_aranges
                0x00000000       0x40 ./system/src/stm32f1-stdperiph/misc.o
 .debug_aranges
                0x00000040       0xf8 ./system/src/stm32f1-stdperiph/stm32f10x_flash.o
 .debug_aranges
                0x00000138       0xa8 ./system/src/stm32f1-stdperiph/stm32f10x_gpio.o
 .debug_aranges
                0x000001e0      0x120 ./system/src/stm32f1-stdperiph/stm32f10x_i2c.o
 .debug_aranges
                0x00000300      0x118 ./system/src/stm32f1-stdperiph/stm32f10x_rcc.o
 .debug_aranges
                0x00000418       0xd0 ./system/src/stm32f1-stdperiph/stm32f10x_spi.o
 .debug_aranges
                0x000004e8      0x2f0 ./system/src/stm32f1-stdperiph/stm32f10x_tim.o
 .debug_aranges
                0x000007d8      0x100 ./system/src/stm32f1-stdperiph/stm32f10x_usart.o
 .debug_aranges
                0x000008d8       0x28 ./system/src/newlib/_exit.o
 .debug_aranges
                0x00000900       0x20 ./system/src/newlib/_sbrk.o
 .debug_aranges
                0x00000920       0x40 ./system/src/newlib/_startup.o
 .debug_aranges
                0x00000960       0xd0 ./system/src/newlib/_syscalls.o
 .debug_aranges
                0x00000a30       0x28 ./system/src/newlib/assert.o
 .debug_aranges
                0x00000a58       0x20 ./system/src/cortexm/_initialize_hardware.o
 .debug_aranges
                0x00000a78       0x68 ./system/src/cortexm/exception_handlers.o
 .debug_aranges
                0x00000ae0       0x38 ./system/src/cmsis/system_stm32f10x.o
 .debug_aranges
                0x00000b18       0x20 ./system/src/cmsis/vectors_stm32f10x.o
 .debug_aranges
                0x00000b38       0x60 ./src/ioLibrary/Internet/TFTP/netutil.o
 .debug_aranges
                0x00000b98       0xb0 ./src/ioLibrary/Internet/TFTP/tftp.o
 .debug_aranges
                0x00000c48       0x60 ./src/ioLibrary/Ethernet/W5500/w5500.o
 .debug_aranges
                0x00000ca8       0x78 ./src/ioLibrary/Ethernet/socket.o
 .debug_aranges
                0x00000d20      0x138 ./src/ioLibrary/Ethernet/wizchip_conf.o
 .debug_aranges
                0x00000e58       0x40 ./src/PlatformHandler/flashHandler.o
 .debug_aranges
                0x00000e98       0x58 ./src/PlatformHandler/gpioHandler.o
 .debug_aranges
                0x00000ef0       0x70 ./src/PlatformHandler/i2cHandler.o
 .debug_aranges
                0x00000f60       0x20 ./src/PlatformHandler/rccHandler.o
 .debug_aranges
                0x00000f80       0x40 ./src/PlatformHandler/ring_buffer.o
 .debug_aranges
                0x00000fc0       0x58 ./src/PlatformHandler/spiHandler.o
 .debug_aranges
                0x00001018       0x28 ./src/PlatformHandler/storageHandler.o
 .debug_aranges
                0x00001040       0x40 ./src/PlatformHandler/timerHandler.o
 .debug_aranges
                0x00001080       0x98 ./src/PlatformHandler/uartHandler.o
 .debug_aranges
                0x00001118       0xa0 ./src/Configuration/ConfigData.o
 .debug_aranges
                0x000011b8       0x70 ./src/Configuration/ConfigMessage.o
 .debug_aranges
                0x00001228       0x30 ./src/main.o

.debug_pubnames
 *(.debug_pubnames)

.debug_info     0x00000000    0x16937
 *(.debug_info .gnu.linkonce.wi.*)
 .debug_info    0x00000000      0x664 ./system/src/stm32f1-stdperiph/misc.o
 .debug_info    0x00000664      0xbeb ./system/src/stm32f1-stdperiph/stm32f10x_flash.o
 .debug_info    0x0000124f      0xbf7 ./system/src/stm32f1-stdperiph/stm32f10x_gpio.o
 .debug_info    0x00001e46     0x12f9 ./system/src/stm32f1-stdperiph/stm32f10x_i2c.o
 .debug_info    0x0000313f      0xc9c ./system/src/stm32f1-stdperiph/stm32f10x_rcc.o
 .debug_info    0x00003ddb      0xfca ./system/src/stm32f1-stdperiph/stm32f10x_spi.o
 .debug_info    0x00004da5     0x3954 ./system/src/stm32f1-stdperiph/stm32f10x_tim.o
 .debug_info    0x000086f9     0x12ac ./system/src/stm32f1-stdperiph/stm32f10x_usart.o
 .debug_info    0x000099a5       0xee ./system/src/newlib/_exit.o
 .debug_info    0x00009a93      0x11f ./system/src/newlib/_sbrk.o
 .debug_info    0x00009bb2      0x445 ./system/src/newlib/_startup.o
 .debug_info    0x00009ff7      0x96b ./system/src/newlib/_syscalls.o
 .debug_info    0x0000a962      0x182 ./system/src/newlib/assert.o
 .debug_info    0x0000aae4       0xc8 ./system/src/cortexm/_initialize_hardware.o
 .debug_info    0x0000abac       0xed ./system/src/cortexm/exception_handlers.o
 .debug_info    0x0000ac99      0x4c3 ./system/src/cmsis/system_stm32f10x.o
 .debug_info    0x0000b15c       0x92 ./system/src/cmsis/vectors_stm32f10x.o
 .debug_info    0x0000b1ee      0x462 ./src/ioLibrary/Internet/TFTP/netutil.o
 .debug_info    0x0000b650      0xf57 ./src/ioLibrary/Internet/TFTP/tftp.o
 .debug_info    0x0000c5a7      0x8c4 ./src/ioLibrary/Ethernet/W5500/w5500.o
 .debug_info    0x0000ce6b     0x1194 ./src/ioLibrary/Ethernet/socket.o
 .debug_info    0x0000dfff     0x1243 ./src/ioLibrary/Ethernet/wizchip_conf.o
 .debug_info    0x0000f242      0x4d8 ./src/PlatformHandler/flashHandler.o
 .debug_info    0x0000f71a      0x4f8 ./src/PlatformHandler/gpioHandler.o
 .debug_info    0x0000fc12      0xe27 ./src/PlatformHandler/i2cHandler.o
 .debug_info    0x00010a39      0x32c ./src/PlatformHandler/rccHandler.o
 .debug_info    0x00010d65      0x4ac ./src/PlatformHandler/ring_buffer.o
 .debug_info    0x00011211      0x73f ./src/PlatformHandler/spiHandler.o
 .debug_info    0x00011950      0x40e ./src/PlatformHandler/storageHandler.o
 .debug_info    0x00011d5e      0xc33 ./src/PlatformHandler/timerHandler.o
 .debug_info    0x00012991     0x132e ./src/PlatformHandler/uartHandler.o
 .debug_info    0x00013cbf      0xbc7 ./src/Configuration/ConfigData.o
 .debug_info    0x00014886     0x1aff ./src/Configuration/ConfigMessage.o
 .debug_info    0x00016385      0x5b2 ./src/main.o

.debug_abbrev   0x00000000     0x386e
 *(.debug_abbrev)
 .debug_abbrev  0x00000000      0x181 ./system/src/stm32f1-stdperiph/misc.o
 .debug_abbrev  0x00000181      0x1b8 ./system/src/stm32f1-stdperiph/stm32f10x_flash.o
 .debug_abbrev  0x00000339      0x1f4 ./system/src/stm32f1-stdperiph/stm32f10x_gpio.o
 .debug_abbrev  0x0000052d      0x1de ./system/src/stm32f1-stdperiph/stm32f10x_i2c.o
 .debug_abbrev  0x0000070b      0x1f8 ./system/src/stm32f1-stdperiph/stm32f10x_rcc.o
 .debug_abbrev  0x00000903      0x1cf ./system/src/stm32f1-stdperiph/stm32f10x_spi.o
 .debug_abbrev  0x00000ad2      0x1d8 ./system/src/stm32f1-stdperiph/stm32f10x_tim.o
 .debug_abbrev  0x00000caa      0x1cd ./system/src/stm32f1-stdperiph/stm32f10x_usart.o
 .debug_abbrev  0x00000e77       0xbd ./system/src/newlib/_exit.o
 .debug_abbrev  0x00000f34       0xb9 ./system/src/newlib/_sbrk.o
 .debug_abbrev  0x00000fed      0x19d ./system/src/newlib/_startup.o
 .debug_abbrev  0x0000118a      0x169 ./system/src/newlib/_syscalls.o
 .debug_abbrev  0x000012f3       0xb9 ./system/src/newlib/assert.o
 .debug_abbrev  0x000013ac       0x88 ./system/src/cortexm/_initialize_hardware.o
 .debug_abbrev  0x00001434       0x68 ./system/src/cortexm/exception_handlers.o
 .debug_abbrev  0x0000149c      0x159 ./system/src/cmsis/system_stm32f10x.o
 .debug_abbrev  0x000015f5       0x92 ./system/src/cmsis/vectors_stm32f10x.o
 .debug_abbrev  0x00001687       0xfc ./src/ioLibrary/Internet/TFTP/netutil.o
 .debug_abbrev  0x00001783      0x32d ./src/ioLibrary/Internet/TFTP/tftp.o
 .debug_abbrev  0x00001ab0      0x255 ./src/ioLibrary/Ethernet/W5500/w5500.o
 .debug_abbrev  0x00001d05      0x1a5 ./src/ioLibrary/Ethernet/socket.o
 .debug_abbrev  0x00001eaa      0x2e8 ./src/ioLibrary/Ethernet/wizchip_conf.o
 .debug_abbrev  0x00002192      0x1c7 ./src/PlatformHandler/flashHandler.o
 .debug_abbrev  0x00002359      0x1d5 ./src/PlatformHandler/gpioHandler.o
 .debug_abbrev  0x0000252e      0x207 ./src/PlatformHandler/i2cHandler.o
 .debug_abbrev  0x00002735       0xe9 ./src/PlatformHandler/rccHandler.o
 .debug_abbrev  0x0000281e      0x157 ./src/PlatformHandler/ring_buffer.o
 .debug_abbrev  0x00002975      0x1bb ./src/PlatformHandler/spiHandler.o
 .debug_abbrev  0x00002b30      0x137 ./src/PlatformHandler/storageHandler.o
 .debug_abbrev  0x00002c67      0x23e ./src/PlatformHandler/timerHandler.o
 .debug_abbrev  0x00002ea5      0x35b ./src/PlatformHandler/uartHandler.o
 .debug_abbrev  0x00003200      0x22a ./src/Configuration/ConfigData.o
 .debug_abbrev  0x0000342a      0x291 ./src/Configuration/ConfigMessage.o
 .debug_abbrev  0x000036bb      0x1b3 ./src/main.o

.debug_line     0x00000000     0xec6f
 *(.debug_line)
 .debug_line    0x00000000      0x546 ./system/src/stm32f1-stdperiph/misc.o
 .debug_line    0x00000546      0x80a ./system/src/stm32f1-stdperiph/stm32f10x_flash.o
 .debug_line    0x00000d50      0xa23 ./system/src/stm32f1-stdperiph/stm32f10x_gpio.o
 .debug_line    0x00001773      0xb32 ./system/src/stm32f1-stdperiph/stm32f10x_i2c.o
 .debug_line    0x000022a5      0x96c ./system/src/stm32f1-stdperiph/stm32f10x_rcc.o
 .debug_line    0x00002c11      0x9c1 ./system/src/stm32f1-stdperiph/stm32f10x_spi.o
 .debug_line    0x000035d2     0x2670 ./system/src/stm32f1-stdperiph/stm32f10x_tim.o
 .debug_line    0x00005c42      0xc05 ./system/src/stm32f1-stdperiph/stm32f10x_usart.o
 .debug_line    0x00006847      0x33b ./system/src/newlib/_exit.o
 .debug_line    0x00006b82      0x2ee ./system/src/newlib/_sbrk.o
 .debug_line    0x00006e70      0x3b3 ./system/src/newlib/_startup.o
 .debug_line    0x00007223      0x571 ./system/src/newlib/_syscalls.o
 .debug_line    0x00007794      0x36d ./system/src/newlib/assert.o
 .debug_line    0x00007b01      0x498 ./system/src/cortexm/_initialize_hardware.o
 .debug_line    0x00007f99       0x9f ./system/src/cortexm/exception_handlers.o
 .debug_line    0x00008038      0x50a ./system/src/cmsis/system_stm32f10x.o
 .debug_line    0x00008542       0x89 ./system/src/cmsis/vectors_stm32f10x.o
 .debug_line    0x000085cb      0x436 ./src/ioLibrary/Internet/TFTP/netutil.o
 .debug_line    0x00008a01      0x5a9 ./src/ioLibrary/Internet/TFTP/tftp.o
 .debug_line    0x00008faa      0x35f ./src/ioLibrary/Ethernet/W5500/w5500.o
 .debug_line    0x00009309      0x62b ./src/ioLibrary/Ethernet/socket.o
 .debug_line    0x00009934      0x64b ./src/ioLibrary/Ethernet/wizchip_conf.o
 .debug_line    0x00009f7f      0x6ce ./src/PlatformHandler/flashHandler.o
 .debug_line    0x0000a64d      0x53b ./src/PlatformHandler/gpioHandler.o
 .debug_line    0x0000ab88      0x652 ./src/PlatformHandler/i2cHandler.o
 .debug_line    0x0000b1da      0x4b8 ./src/PlatformHandler/rccHandler.o
 .debug_line    0x0000b692      0x37c ./src/PlatformHandler/ring_buffer.o
 .debug_line    0x0000ba0e      0x712 ./src/PlatformHandler/spiHandler.o
 .debug_line    0x0000c120      0x5c4 ./src/PlatformHandler/storageHandler.o
 .debug_line    0x0000c6e4      0x5f8 ./src/PlatformHandler/timerHandler.o
 .debug_line    0x0000ccdc      0x83b ./src/PlatformHandler/uartHandler.o
 .debug_line    0x0000d517      0x83d ./src/Configuration/ConfigData.o
 .debug_line    0x0000dd54      0x7a8 ./src/Configuration/ConfigMessage.o
 .debug_line    0x0000e4fc      0x773 ./src/main.o

.debug_frame    0x00000000     0x3c70
 *(.debug_frame)
 .debug_frame   0x00000000       0x90 ./system/src/stm32f1-stdperiph/misc.o
 .debug_frame   0x00000090      0x284 ./system/src/stm32f1-stdperiph/stm32f10x_flash.o
 .debug_frame   0x00000314      0x1e8 ./system/src/stm32f1-stdperiph/stm32f10x_gpio.o
 .debug_frame   0x000004fc      0x3a0 ./system/src/stm32f1-stdperiph/stm32f10x_i2c.o
 .debug_frame   0x0000089c      0x31c ./system/src/stm32f1-stdperiph/stm32f10x_rcc.o
 .debug_frame   0x00000bb8      0x278 ./system/src/stm32f1-stdperiph/stm32f10x_spi.o
 .debug_frame   0x00000e30      0x9ec ./system/src/stm32f1-stdperiph/stm32f10x_tim.o
 .debug_frame   0x0000181c      0x31c ./system/src/stm32f1-stdperiph/stm32f10x_usart.o
 .debug_frame   0x00001b38       0x38 ./system/src/newlib/_exit.o
 .debug_frame   0x00001b70       0x28 ./system/src/newlib/_sbrk.o
 .debug_frame   0x00001b98       0x7c ./system/src/newlib/_startup.o
 .debug_frame   0x00001c14      0x230 ./system/src/newlib/_syscalls.o
 .debug_frame   0x00001e44       0x40 ./system/src/newlib/assert.o
 .debug_frame   0x00001e84       0x28 ./system/src/cortexm/_initialize_hardware.o
 .debug_frame   0x00001eac       0xb8 ./system/src/cortexm/exception_handlers.o
 .debug_frame   0x00001f64       0x68 ./system/src/cmsis/system_stm32f10x.o
 .debug_frame   0x00001fcc       0x20 ./system/src/cmsis/vectors_stm32f10x.o
 .debug_frame   0x00001fec       0xf0 ./src/ioLibrary/Internet/TFTP/netutil.o
 .debug_frame   0x000020dc      0x20c ./src/ioLibrary/Internet/TFTP/tftp.o
 .debug_frame   0x000022e8      0x15c ./src/ioLibrary/Ethernet/W5500/w5500.o
 .debug_frame   0x00002444      0x290 ./src/ioLibrary/Ethernet/socket.o
 .debug_frame   0x000026d4      0x310 ./src/ioLibrary/Ethernet/wizchip_conf.o
 .debug_frame   0x000029e4       0x90 ./src/PlatformHandler/flashHandler.o
 .debug_frame   0x00002a74       0xe0 ./src/PlatformHandler/gpioHandler.o
 .debug_frame   0x00002b54      0x134 ./src/PlatformHandler/i2cHandler.o
 .debug_frame   0x00002c88       0x28 ./src/PlatformHandler/rccHandler.o
 .debug_frame   0x00002cb0       0x98 ./src/PlatformHandler/ring_buffer.o
 .debug_frame   0x00002d48       0xdc ./src/PlatformHandler/spiHandler.o
 .debug_frame   0x00002e24       0x5c ./src/PlatformHandler/storageHandler.o
 .debug_frame   0x00002e80       0x98 ./src/PlatformHandler/timerHandler.o
 .debug_frame   0x00002f18      0x1e4 ./src/PlatformHandler/uartHandler.o
 .debug_frame   0x000030fc      0x1c4 ./src/Configuration/ConfigData.o
 .debug_frame   0x000032c0      0x188 ./src/Configuration/ConfigMessage.o
 .debug_frame   0x00003448       0x58 ./src/main.o
 .debug_frame   0x000034a0       0x20 c:/program files (x86)/gnu tools arm embedded/5.4 2016q3/bin/../lib/gcc/arm-none-eabi/5.4.1/../../../../arm-none-eabi/lib/armv7-m\libg_nano.a(lib_a-errno.o)
 .debug_frame   0x000034c0       0x28 c:/program files (x86)/gnu tools arm embedded/5.4 2016q3/bin/../lib/gcc/arm-none-eabi/5.4.1/../../../../arm-none-eabi/lib/armv7-m\libg_nano.a(lib_a-memcmp.o)
 .debug_frame   0x000034e8       0x28 c:/program files (x86)/gnu tools arm embedded/5.4 2016q3/bin/../lib/gcc/arm-none-eabi/5.4.1/../../../../arm-none-eabi/lib/armv7-m\libg_nano.a(lib_a-memcpy-stub.o)
 .debug_frame   0x00003510       0x20 c:/program files (x86)/gnu tools arm embedded/5.4 2016q3/bin/../lib/gcc/arm-none-eabi/5.4.1/../../../../arm-none-eabi/lib/armv7-m\libg_nano.a(lib_a-memset.o)
 .debug_frame   0x00003530       0x3c c:/program files (x86)/gnu tools arm embedded/5.4 2016q3/bin/../lib/gcc/arm-none-eabi/5.4.1/../../../../arm-none-eabi/lib/armv7-m\libg_nano.a(lib_a-puts.o)
 .debug_frame   0x0000356c       0x20 c:/program files (x86)/gnu tools arm embedded/5.4 2016q3/bin/../lib/gcc/arm-none-eabi/5.4.1/../../../../arm-none-eabi/lib/armv7-m\libg_nano.a(lib_a-strcmp.o)
 .debug_frame   0x0000358c       0x20 c:/program files (x86)/gnu tools arm embedded/5.4 2016q3/bin/../lib/gcc/arm-none-eabi/5.4.1/../../../../arm-none-eabi/lib/armv7-m\libg_nano.a(lib_a-strcpy.o)
 .debug_frame   0x000035ac       0x40 c:/program files (x86)/gnu tools arm embedded/5.4 2016q3/bin/../lib/gcc/arm-none-eabi/5.4.1/../../../../arm-none-eabi/lib/armv7-m\libg_nano.a(lib_a-vsprintf.o)
 .debug_frame   0x000035ec       0x40 c:/program files (x86)/gnu tools arm embedded/5.4 2016q3/bin/../lib/gcc/arm-none-eabi/5.4.1/../../../../arm-none-eabi/lib/armv7-m\libg_nano.a(lib_a-wbuf.o)
 .debug_frame   0x0000362c       0x2c c:/program files (x86)/gnu tools arm embedded/5.4 2016q3/bin/../lib/gcc/arm-none-eabi/5.4.1/../../../../arm-none-eabi/lib/armv7-m\libg_nano.a(lib_a-wsetup.o)
 .debug_frame   0x00003658       0x68 c:/program files (x86)/gnu tools arm embedded/5.4 2016q3/bin/../lib/gcc/arm-none-eabi/5.4.1/../../../../arm-none-eabi/lib/armv7-m\libg_nano.a(lib_a-fflush.o)